Component: ARM Compiler 5.05 update 1 (build 106) Tool: armlink [4d0efa]

==============================================================================

Section Cross References

    main.o(i.main) refers to rt_memclr_w.o(.text) for __aeabi_memclr4
    main.o(i.main) refers to stm32f4xx_hal.o(i.HAL_Init) for HAL_Init
    main.o(i.main) refers to sys.o(i.Stm32_Clock_Init) for Stm32_Clock_Init
    main.o(i.main) refers to delay.o(i.delay_init) for delay_init
    main.o(i.main) refers to anjian.o(i.Anjian_init) for Anjian_init
    main.o(i.main) refers to lcd.o(i.LCD_Init) for LCD_Init
    main.o(i.main) refers to pwm.o(i.timer3_pwm_init) for timer3_pwm_init
    main.o(i.main) refers to pwm.o(i.set_tim3_compare3) for set_tim3_compare3
    main.o(i.main) refers to pwm.o(i.set_tim3_compare4) for set_tim3_compare4
    main.o(i.main) refers to delay.o(i.delay_ms) for delay_ms
    main.o(i.main) refers to main.o(i.buf_clear) for buf_clear
    main.o(i.main) refers to atoi.o(.text) for atoi
    main.o(i.main) refers to lcd.o(i.LCD_ShowString) for LCD_ShowString
    main.o(i.main) refers to anjian.o(i.read) for read
    main.o(i.main) refers to lcd.o(i.LCD_ShowNum) for LCD_ShowNum
    main.o(i.main) refers to anjian.o(i.scan) for scan
    main.o(i.main) refers to lcd.o(i.LCD_Clear) for LCD_Clear
    main.o(i.main) refers to yundong.o(i.XieLv_line) for XieLv_line
    main.o(i.main) refers to lcd.o(.data) for POINT_COLOR
    main.o(i.main) refers to main.o(.data) for .data
    main.o(i.read_buf) refers to usart.o(.bss) for USART_RX_BUF
    main.o(i.xiexian) refers to pwm.o(i.set_tim3_compare3) for set_tim3_compare3
    main.o(i.xiexian) refers to pwm.o(i.set_tim3_compare4) for set_tim3_compare4
    main.o(i.xiexian) refers to lcd.o(i.LCD_ShowString) for LCD_ShowString
    main.o(i.xiexian) refers to main.o(.data) for .data
    stm32f4xx_it.o(i.SysTick_Handler) refers to stm32f4xx_hal.o(i.HAL_IncTick) for HAL_IncTick
    system_stm32f4xx.o(i.SystemCoreClockUpdate) refers to system_stm32f4xx.o(.data) for .data
    startup_stm32f429xx.o(STACK) refers (Special) to heapauxi.o(.text) for __use_two_region_memory
    startup_stm32f429xx.o(HEAP) refers (Special) to heapauxi.o(.text) for __use_two_region_memory
    startup_stm32f429xx.o(RESET) refers (Special) to heapauxi.o(.text) for __use_two_region_memory
    startup_stm32f429xx.o(RESET) refers to startup_stm32f429xx.o(STACK) for __initial_sp
    startup_stm32f429xx.o(RESET) refers to startup_stm32f429xx.o(.text) for Reset_Handler
    startup_stm32f429xx.o(RESET) refers to stm32f4xx_it.o(i.NMI_Handler) for NMI_Handler
    startup_stm32f429xx.o(RESET) refers to stm32f4xx_it.o(i.HardFault_Handler) for HardFault_Handler
    startup_stm32f429xx.o(RESET) refers to stm32f4xx_it.o(i.MemManage_Handler) for MemManage_Handler
    startup_stm32f429xx.o(RESET) refers to stm32f4xx_it.o(i.BusFault_Handler) for BusFault_Handler
    startup_stm32f429xx.o(RESET) refers to stm32f4xx_it.o(i.UsageFault_Handler) for UsageFault_Handler
    startup_stm32f429xx.o(RESET) refers to stm32f4xx_it.o(i.SVC_Handler) for SVC_Handler
    startup_stm32f429xx.o(RESET) refers to stm32f4xx_it.o(i.DebugMon_Handler) for DebugMon_Handler
    startup_stm32f429xx.o(RESET) refers to stm32f4xx_it.o(i.PendSV_Handler) for PendSV_Handler
    startup_stm32f429xx.o(RESET) refers to stm32f4xx_it.o(i.SysTick_Handler) for SysTick_Handler
    startup_stm32f429xx.o(RESET) refers to exti.o(i.EXTI0_IRQHandler) for EXTI0_IRQHandler
    startup_stm32f429xx.o(RESET) refers to usart.o(i.USART1_IRQHandler) for USART1_IRQHandler
    startup_stm32f429xx.o(.text) refers (Special) to heapauxi.o(.text) for __use_two_region_memory
    startup_stm32f429xx.o(.text) refers to system_stm32f4xx.o(i.SystemInit) for SystemInit
    startup_stm32f429xx.o(.text) refers to __main.o(!!!main) for __main
    startup_stm32f429xx.o(.text) refers to startup_stm32f429xx.o(HEAP) for Heap_Mem
    startup_stm32f429xx.o(.text) refers to startup_stm32f429xx.o(STACK) for Stack_Mem
    stm32f4xx_hal.o(i.HAL_DeInit) refers to stm32f4xx_hal_msp.o(i.HAL_MspDeInit) for HAL_MspDeInit
    stm32f4xx_hal.o(i.HAL_Delay) refers to stm32f4xx_hal.o(i.HAL_GetTick) for HAL_GetTick
    stm32f4xx_hal.o(i.HAL_GetTick) refers to stm32f4xx_hal.o(.data) for .data
    stm32f4xx_hal.o(i.HAL_IncTick) refers to stm32f4xx_hal.o(.data) for .data
    stm32f4xx_hal.o(i.HAL_Init) refers to stm32f4xx_hal_cortex.o(i.HAL_NVIC_SetPriorityGrouping) for HAL_NVIC_SetPriorityGrouping
    stm32f4xx_hal.o(i.HAL_Init) refers to stm32f4xx_hal.o(i.HAL_InitTick) for HAL_InitTick
    stm32f4xx_hal.o(i.HAL_Init) refers to stm32f4xx_hal_msp.o(i.HAL_MspInit) for HAL_MspInit
    stm32f4xx_hal.o(i.HAL_InitTick) refers to stm32f4xx_hal_rcc.o(i.HAL_RCC_GetHCLKFreq) for HAL_RCC_GetHCLKFreq
    stm32f4xx_hal.o(i.HAL_InitTick) refers to stm32f4xx_hal_cortex.o(i.HAL_SYSTICK_Config) for HAL_SYSTICK_Config
[...]
    ..\\my\\sdram.c                          0x00000000   Number         0  sdram.o ABSOLUTE
    ..\\my\\yundong.c                        0x00000000   Number         0  yundong.o ABSOLUTE
    ..\my\AnJian.c                           0x00000000   Number         0  anjian.o ABSOLUTE
    ..\my\EXTI.c                             0x00000000   Number         0  exti.o ABSOLUTE
    ..\my\GPIO.c                             0x00000000   Number         0  gpio.o ABSOLUTE
    ..\my\adc.c                              0x00000000   Number         0  adc.o ABSOLUTE
    ..\my\cle.c                              0x00000000   Number         0  cle.o ABSOLUTE
    ..\my\i2c.c                              0x00000000   Number         0  i2c.o ABSOLUTE
    ..\my\lcd.c                              0x00000000   Number         0  lcd.o ABSOLUTE
    ..\my\led.c                              0x00000000   Number         0  led.o ABSOLUTE
    ..\my\oled.c                             0x00000000   Number         0  oled.o ABSOLUTE
    ..\my\pwm.c                              0x00000000   Number         0  pwm.o ABSOLUTE
    ..\my\sdram.c                            0x00000000   Number         0  sdram.o ABSOLUTE
    ..\my\yundong.c                          0x00000000   Number         0  yundong.o ABSOLUTE
    dc.s                                     0x00000000   Number         0  dc.o ABSOLUTE
    main.c                                   0x00000000   Number         0  main.o ABSOLUTE
    main.c                                   0x00000000   Number         0  main.o ABSOLUTE
    stm32f4xx_hal_msp.c                      0x00000000   Number         0  stm32f4xx_hal_msp.o ABSOLUTE
    stm32f4xx_hal_msp.c                      0x00000000   Number         0  stm32f4xx_hal_msp.o ABSOLUTE
    stm32f4xx_it.c                           0x00000000   Number         0  stm32f4xx_it.o ABSOLUTE
    stm32f4xx_it.c                           0x00000000   Number         0  stm32f4xx_it.o ABSOLUTE
    system_stm32f4xx.c                       0x00000000   Number         0  system_stm32f4xx.o ABSOLUTE
    system_stm32f4xx.c                       0x00000000   Number         0  system_stm32f4xx.o ABSOLUTE
    RESET                                    0x08000000   Section      428  startup_stm32f429xx.o(RESET)
    !!!main                                  0x080001ac   Section        8  __main.o(!!!main)
    !!!scatter                               0x080001b4   Section       52  __scatter.o(!!!scatter)
    !!handler_copy                           0x080001e8   Section       26  __scatter_copy.o(!!handler_copy)
    !!handler_zi                             0x08000204   Section       28  __scatter_zi.o(!!handler_zi)
    .ARM.Collect$$_printf_percent$$00000000  0x08000220   Section        0  _printf_percent.o(.ARM.Collect$$_printf_percent$$00000000)
    .ARM.Collect$$_printf_percent$$00000009  0x08000220   Section        6  _printf_d.o(.ARM.Collect$$_printf_percent$$00000009)
    .ARM.Collect$$_printf_percent$$00000017  0x08000226   Section        4  _printf_percent_end.o(.ARM.Collect$$_printf_percent$$00000017)
    .ARM.Collect$$libinit$$00000000          0x0800022a   Section        2  libinit.o(.ARM.Collect$$libinit$$00000000)
    .ARM.Collect$$libinit$$00000001          0x0800022c   Section        4  libinit2.o(.ARM.Collect$$libinit$$00000001)
    .ARM.Collect$$libinit$$00000004          0x08000230   Section        0  libinit2.o(.ARM.Collect$$libinit$$00000004)
    .ARM.Collect$$libinit$$0000000A          0x08000230   Section        0  libinit2.o(.ARM.Collect$$libinit$$0000000A)
    .ARM.Collect$$libinit$$0000000C          0x08000230   Section        0  libinit2.o(.ARM.Collect$$libinit$$0000000C)
    .ARM.Collect$$libinit$$0000000E          0x08000230   Section        0  libinit2.o(.ARM.Collect$$libinit$$0000000E)
    .ARM.Collect$$libinit$$0000000F          0x08000230   Section        6  libinit2.o(.ARM.Collect$$libinit$$0000000F)
    .ARM.Collect$$libinit$$00000011          0x08000236   Section        0  libinit2.o(.ARM.Collect$$libinit$$00000011)
    .ARM.Collect$$libinit$$00000012          0x08000236   Section       12  libinit2.o(.ARM.Collect$$libinit$$00000012)
    .ARM.Collect$$libinit$$00000013          0x08000242   Section        0  libinit2.o(.ARM.Collect$$libinit$$00000013)
    .ARM.Collect$$libinit$$00000015          0x08000242   Section        0  libinit2.o(.ARM.Collect$$libinit$$00000015)
    .ARM.Collect$$libinit$$00000017          0x08000242   Section        0  libinit2.o(.ARM.Collect$$libinit$$00000017)
    .ARM.Collect$$libinit$$00000019          0x08000242   Section        0  libinit2.o(.ARM.Collect$$libinit$$00000019)
    .ARM.Collect$$libinit$$0000001B          0x08000242   Section        0  libinit2.o(.ARM.Collect$$libinit$$0000001B)
    .ARM.Collect$$libinit$$0000001D          0x08000242   Section        0  libinit2.o(.ARM.Collect$$libinit$$0000001D)
    .ARM.Collect$$libinit$$0000001F          0x08000242   Section        0  libinit2.o(.ARM.Collect$$libinit$$0000001F)
    .ARM.Collect$$libinit$$00000021          0x08000242   Section        0  libinit2.o(.ARM.Collect$$libinit$$00000021)
    .ARM.Collect$$libinit$$00000023          0x08000242   Section        0  libinit2.o(.ARM.Collect$$libinit$$00000023)
    .ARM.Collect$$libinit$$00000025          0x08000242   Section        0  libinit2.o(.ARM.Collect$$libinit$$00000025)
    .ARM.Collect$$libinit$$0000002C          0x08000242   Section        0  libinit2.o(.ARM.Collect$$libinit$$0000002C)
    .ARM.Collect$$libinit$$0000002E          0x08000242   Section        0  libinit2.o(.ARM.Collect$$libinit$$0000002E)
    .ARM.Collect$$libinit$$00000030          0x08000242   Section        0  libinit2.o(.ARM.Collect$$libinit$$00000030)
    .ARM.Collect$$libinit$$00000032          0x08000242   Section        0  libinit2.o(.ARM.Collect$$libinit$$00000032)
    .ARM.Collect$$libinit$$00000033          0x08000242   Section        2  libinit2.o(.ARM.Collect$$libinit$$00000033)
    .ARM.Collect$$libshutdown$$00000000      0x08000244   Section        2  libshutdown.o(.ARM.Collect$$libshutdown$$00000000)
    .ARM.Collect$$libshutdown$$00000003      0x08000246   Section        0  libshutdown2.o(.ARM.Collect$$libshutdown$$00000003)
    .ARM.Collect$$libshutdown$$00000006      0x08000246   Section        0  libshutdown2.o(.ARM.Collect$$libshutdown$$00000006)
    .ARM.Collect$$libshutdown$$00000009      0x08000246   Section        0  libshutdown2.o(.ARM.Collect$$libshutdown$$00000009)
    .ARM.Collect$$libshutdown$$0000000B      0x08000246   Section        0  libshutdown2.o(.ARM.Collect$$libshutdown$$0000000B)
    .ARM.Collect$$libshutdown$$0000000E      0x08000246   Section        0  libshutdown2.o(.ARM.Collect$$libshutdown$$0000000E)
    .ARM.Collect$$libshutdown$$0000000F      0x08000246   Section        2  libshutdown2.o(.ARM.Collect$$libshutdown$$0000000F)
    .ARM.Collect$$rtentry$$00000000          0x08000248   Section        0  __rtentry.o(.ARM.Collect$$rtentry$$00000000)
    .ARM.Collect$$rtentry$$00000002          0x08000248   Section        0  __rtentry2.o(.ARM.Collect$$rtentry$$00000002)
    .ARM.Collect$$rtentry$$00000004          0x08000248   Section        6  __rtentry4.o(.ARM.Collect$$rtentry$$00000004)
    .ARM.Collect$$rtentry$$00000009          0x0800024e   Section        0  __rtentry2.o(.ARM.Collect$$rtentry$$00000009)
    .ARM.Collect$$rtentry$$0000000A          0x0800024e   Section        4  __rtentry2.o(.ARM.Collect$$rtentry$$0000000A)
    .ARM.Collect$$rtentry$$0000000C          0x08000252   Section        0  __rtentry2.o(.ARM.Collect$$rtentry$$0000000C)
    .ARM.Collect$$rtentry$$0000000D          0x08000252   Section        8  __rtentry2.o(.ARM.Collect$$rtentry$$0000000D)
    .ARM.Collect$$rtexit$$00000000           0x0800025a   Section        2  rtexit.o(.ARM.Collect$$rtexit$$00000000)
    .ARM.Collect$$rtexit$$00000002           0x0800025c   Section        0  rtexit2.o(.ARM.Collect$$rtexit$$00000002)
    .ARM.Collect$$rtexit$$00000003           0x0800025c   Section        4  rtexit2.o(.ARM.Collect$$rtexit$$00000003)
    .ARM.Collect$$rtexit$$00000004           0x08000260   Section        6  rtexit2.o(.ARM.Collect$$rtexit$$00000004)
    .text                                    0x08000268   Section       64  startup_stm32f429xx.o(.text)
    $v0                                      0x08000268   Number         0  startup_stm32f429xx.o(.text)
    .text                                    0x080002a8   Section        2  use_no_semi_2.o(.text)
    .text                                    0x080002ac   Section        0  noretval__2printf.o(.text)
    .text                                    0x080002c4   Section        0  __printf.o(.text)
    .text                                    0x0800032c   Section        0  _printf_dec.o(.text)
    .text                                    0x080003a4   Section        0  atoi.o(.text)
    .text                                    0x080003be   Section       78  rt_memclr_w.o(.text)
    .text                                    0x0800040c   Section        0  heapauxi.o(.text)
    .text                                    0x08000412   Section        2  use_no_semi.o(.text)
    .text                                    0x08000414   Section        8  rt_errno_addr_intlibspace.o(.text)
    .text                                    0x0800041c   Section        0  _printf_intcommon.o(.text)
    .text                                    0x080004d0   Section        0  _printf_char_file.o(.text)
    .text                                    0x080004f4   Section        0  strtol.o(.text)
    .text                                    0x08000564   Section        8  libspace.o(.text)
    .text                                    0x0800056c   Section       16  rt_ctype_table.o(.text)
    .text                                    0x0800057c   Section        0  _printf_char_common.o(.text)
    _printf_input_char                       0x0800057d   Thumb Code    10  _printf_char_common.o(.text)
    .text                                    0x080005ac   Section        0  _strtoul.o(.text)
    .text                                    0x0800064a   Section        0  ferror.o(.text)
    .text                                    0x08000652   Section       74  sys_stackheap_outer.o(.text)
    .text                                    0x0800069c   Section        8  rt_locale_intlibspace.o(.text)
    .text                                    0x080006a4   Section        0  _chval.o(.text)
    .text                                    0x080006c0   Section        0  exit.o(.text)
    .text                                    0x080006cc   Section      128  strcmpv7m.o(.text)
    i.Anjian_init                            0x0800074c   Section        0  anjian.o(i.Anjian_init)
    i.BusFault_Handler                       0x08000854   Section        0  stm32f4xx_it.o(i.BusFault_Handler)
    i.DebugMon_Handler                       0x08000856   Section        0  stm32f4xx_it.o(i.DebugMon_Handler)
    i.EXTI0_IRQHandler                       0x08000858   Section        0  exti.o(i.EXTI0_IRQHandler)
    i.FMC_NORSRAM_Extended_Timing_Init       0x08000860   Section        0  stm32f4xx_ll_fmc.o(i.FMC_NORSRAM_Extended_Timing_Init)
    i.FMC_NORSRAM_Init                       0x080008a0   Section        0  stm32f4xx_ll_fmc.o(i.FMC_NORSRAM_Init)
    i.FMC_NORSRAM_Timing_Init                0x08000918   Section        0  stm32f4xx_ll_fmc.o(i.FMC_NORSRAM_Timing_Init)
    i.HAL_GPIO_EXTI_Callback                 0x08000974   Section        0  exti.o(i.HAL_GPIO_EXTI_Callback)
    i.HAL_GPIO_EXTI_IRQHandler               0x08000994   Section        0  stm32f4xx_hal_gpio.o(i.HAL_GPIO_EXTI_IRQHandler)
    i.HAL_GPIO_Init                          0x080009ac   Section        0  stm32f4xx_hal_gpio.o(i.HAL_GPIO_Init)
    i.HAL_GPIO_ReadPin                       0x08000b88   Section        0  stm32f4xx_hal_gpio.o(i.HAL_GPIO_ReadPin)
    i.HAL_GPIO_WritePin                      0x08000b92   Section        0  stm32f4xx_hal_gpio.o(i.HAL_GPIO_WritePin)
    i.HAL_GetTick                            0x08000b9c   Section        0  stm32f4xx_hal.o(i.HAL_GetTick)
    i.HAL_IncTick                            0x08000ba8   Section        0  stm32f4xx_hal.o(i.HAL_IncTick)
    i.HAL_Init                               0x08000bb8   Section        0  stm32f4xx_hal.o(i.HAL_Init)
    i.HAL_InitTick                           0x08000bec   Section        0  stm32f4xx_hal.o(i.HAL_InitTick)
    i.HAL_MspInit                            0x08000c0e   Section        0  stm32f4xx_hal_msp.o(i.HAL_MspInit)
    i.HAL_NVIC_SetPriority                   0x08000c10   Section        0  stm32f4xx_hal_cortex.o(i.HAL_NVIC_SetPriority)
    i.HAL_NVIC_SetPriorityGrouping           0x08000c50   Section        0  stm32f4xx_hal_cortex.o(i.HAL_NVIC_SetPriorityGrouping)
    i.HAL_PWREx_EnableOverDrive              0x08000c74   Section        0  stm32f4xx_hal_pwr_ex.o(i.HAL_PWREx_EnableOverDrive)
    i.HAL_RCC_ClockConfig                    0x08000cfc   Section        0  stm32f4xx_hal_rcc.o(i.HAL_RCC_ClockConfig)
    i.HAL_RCC_GetHCLKFreq                    0x08000f04   Section        0  stm32f4xx_hal_rcc.o(i.HAL_RCC_GetHCLKFreq)
    i.HAL_RCC_GetSysClockFreq                0x08000f38   Section        0  stm32f4xx_hal_rcc.o(i.HAL_RCC_GetSysClockFreq)
    i.HAL_RCC_OscConfig                      0x08000fac   Section        0  stm32f4xx_hal_rcc.o(i.HAL_RCC_OscConfig)
    i.HAL_SRAM_Init                          0x080012c8   Section        0  stm32f4xx_hal_sram.o(i.HAL_SRAM_Init)
    i.HAL_SRAM_MspInit                       0x08001320   Section        0  lcd.o(i.HAL_SRAM_MspInit)
    i.HAL_SYSTICK_CLKSourceConfig            0x08001398   Section        0  stm32f4xx_hal_cortex.o(i.HAL_SYSTICK_CLKSourceConfig)
    i.HAL_SYSTICK_Config                     0x080013b0   Section        0  stm32f4xx_hal_cortex.o(i.HAL_SYSTICK_Config)
    i.HAL_TIM_PWM_ConfigChannel              0x080013d8   Section        0  stm32f4xx_hal_tim.o(i.HAL_TIM_PWM_ConfigChannel)
    i.HAL_TIM_PWM_Init                       0x080014a8   Section        0  stm32f4xx_hal_tim.o(i.HAL_TIM_PWM_Init)
    i.HAL_TIM_PWM_MspInit                    0x080014e0   Section        0  pwm.o(i.HAL_TIM_PWM_MspInit)
    i.HAL_TIM_PWM_Start                      0x08001530   Section        0  stm32f4xx_hal_tim.o(i.HAL_TIM_PWM_Start)
    i.HAL_UART_ErrorCallback                 0x08001568   Section        0  stm32f4xx_hal_uart.o(i.HAL_UART_ErrorCallback)
    i.HAL_UART_GetState                      0x0800156a   Section        0  stm32f4xx_hal_uart.o(i.HAL_UART_GetState)
    i.HAL_UART_IRQHandler                    0x08001570   Section        0  stm32f4xx_hal_uart.o(i.HAL_UART_IRQHandler)
    i.HAL_UART_Receive_IT                    0x08001664   Section        0  stm32f4xx_hal_uart.o(i.HAL_UART_Receive_IT)
    i.HAL_UART_RxCpltCallback                0x080016cc   Section        0  usart.o(i.HAL_UART_RxCpltCallback)
    i.HAL_UART_TxCpltCallback                0x08001724   Section        0  stm32f4xx_hal_uart.o(i.HAL_UART_TxCpltCallback)
    i.HardFault_Handler                      0x08001726   Section        0  stm32f4xx_it.o(i.HardFault_Handler)
    i.LCD_Clear                              0x08001728   Section        0  lcd.o(i.LCD_Clear)
    i.LCD_Display_Dir                        0x0800175c   Section        0  lcd.o(i.LCD_Display_Dir)
    i.LCD_Fast_DrawPoint                     0x080017a0   Section        0  lcd.o(i.LCD_Fast_DrawPoint)
    i.LCD_Init                               0x08001800   Section        0  lcd.o(i.LCD_Init)
    i.LCD_Pow                                0x08002838   Section        0  lcd.o(i.LCD_Pow)
    i.LCD_RD_DATA                            0x08002848   Section        0  lcd.o(i.LCD_RD_DATA)
    i.LCD_Scan_Dir                           0x0800285c   Section        0  lcd.o(i.LCD_Scan_Dir)
    i.LCD_SetCursor                          0x08002938   Section        0  lcd.o(i.LCD_SetCursor)
    i.LCD_ShowChar                           0x0800298c   Section        0  lcd.o(i.LCD_ShowChar)
    i.LCD_ShowNum                            0x08002a68   Section        0  lcd.o(i.LCD_ShowNum)
    i.LCD_ShowString                         0x08002ade   Section        0  lcd.o(i.LCD_ShowString)
    i.LCD_WR_DATA                            0x08002b34   Section        0  lcd.o(i.LCD_WR_DATA)
    i.LCD_WR_REG                             0x08002b4c   Section        0  lcd.o(i.LCD_WR_REG)
    i.LCD_WriteRAM_Prepare                   0x08002b64   Section        0  lcd.o(i.LCD_WriteRAM_Prepare)
    i.LCD_WriteReg                           0x08002b78   Section        0  lcd.o(i.LCD_WriteReg)
    i.MemManage_Handler                      0x08002b88   Section        0  stm32f4xx_it.o(i.MemManage_Handler)
    i.NMI_Handler                            0x08002b8a   Section        0  stm32f4xx_it.o(i.NMI_Handler)
    i.NVIC_SetPriority                       0x08002b8c   Section        0  stm32f4xx_hal_cortex.o(i.NVIC_SetPriority)
    NVIC_SetPriority                         0x08002b8d   Thumb Code    32  stm32f4xx_hal_cortex.o(i.NVIC_SetPriority)
    i.OLED_DrawPoint                         0x08002bac   Section        0  oled.o(i.OLED_DrawPoint)
    i.OLED_Refresh_Gram                      0x08002be8   Section        0  oled.o(i.OLED_Refresh_Gram)
    i.OLED_ShowChar                          0x08002c34   Section        0  oled.o(i.OLED_ShowChar)
    i.OLED_WR_Byte                           0x08002ce8   Section        0  oled.o(i.OLED_WR_Byte)
    i.PendSV_Handler                         0x08002d30   Section        0  stm32f4xx_it.o(i.PendSV_Handler)
    i.SVC_Handler                            0x08002d32   Section        0  stm32f4xx_it.o(i.SVC_Handler)
    i.Stm32_Clock_Init                       0x08002d34   Section        0  sys.o(i.Stm32_Clock_Init)
    i.SysTick_Handler                        0x08002db8   Section        0  stm32f4xx_it.o(i.SysTick_Handler)
    i.SystemInit                             0x08002dbc   Section        0  system_stm32f4xx.o(i.SystemInit)
    i.TIM_Base_SetConfig                     0x08002e10   Section        0  stm32f4xx_hal_tim.o(i.TIM_Base_SetConfig)
    i.TIM_CCxChannelCmd                      0x08002ed0   Section        0  stm32f4xx_hal_tim.o(i.TIM_CCxChannelCmd)
    i.TIM_OC1_SetConfig                      0x08002ee8   Section        0  stm32f4xx_hal_tim.o(i.TIM_OC1_SetConfig)
    TIM_OC1_SetConfig                        0x08002ee9   Thumb Code    80  stm32f4xx_hal_tim.o(i.TIM_OC1_SetConfig)
    i.TIM_OC2_SetConfig                      0x08002f40   Section        0  stm32f4xx_hal_tim.o(i.TIM_OC2_SetConfig)
    i.TIM_OC3_SetConfig                      0x08002fa4   Section        0  stm32f4xx_hal_tim.o(i.TIM_OC3_SetConfig)
    TIM_OC3_SetConfig                        0x08002fa5   Thumb Code    88  stm32f4xx_hal_tim.o(i.TIM_OC3_SetConfig)
    i.TIM_OC4_SetConfig                      0x08003004   Section        0  stm32f4xx_hal_tim.o(i.TIM_OC4_SetConfig)
    TIM_OC4_SetConfig                        0x08003005   Thumb Code    70  stm32f4xx_hal_tim.o(i.TIM_OC4_SetConfig)
    i.UART_Receive_IT                        0x08003054   Section        0  stm32f4xx_hal_uart.o(i.UART_Receive_IT)
    UART_Receive_IT                          0x08003055   Thumb Code   166  stm32f4xx_hal_uart.o(i.UART_Receive_IT)
    i.UART_Transmit_IT                       0x080030fa   Section        0  stm32f4xx_hal_uart.o(i.UART_Transmit_IT)
    UART_Transmit_IT                         0x080030fb   Thumb Code   102  stm32f4xx_hal_uart.o(i.UART_Transmit_IT)
    i.USART1_IRQHandler                      0x08003160   Section        0  usart.o(i.USART1_IRQHandler)
    i.UsageFault_Handler                     0x080031a4   Section        0  stm32f4xx_it.o(i.UsageFault_Handler)
    i.Xcoordinate_Ctrl_Steering              0x080031a6   Section        0  yundong.o(i.Xcoordinate_Ctrl_Steering)
    i.XieLv_line                             0x080031c0   Section        0  yundong.o(i.XieLv_line)
    i.Ycoordinate_Ctrl_Steering              0x08003308   Section        0  yundong.o(i.Ycoordinate_Ctrl_Steering)
    i.__ARM_fpclassifyf                      0x08003320   Section        0  fpclassifyf.o(i.__ARM_fpclassifyf)
    i.__hardfp_atan2f                        0x08003348   Section        0  atan2f.o(i.__hardfp_atan2f)
    i.__mathlib_flt_infnan2                  0x08003598   Section        0  funder.o(i.__mathlib_flt_infnan2)
    i.__mathlib_flt_underflow                0x080035a0   Section        0  funder.o(i.__mathlib_flt_underflow)
    i._sys_exit                              0x080035b0   Section        0  usart.o(i._sys_exit)
    i.buf_clear                              0x080035b2   Section        0  main.o(i.buf_clear)
    i.delay_init                             0x080035c4   Section        0  delay.o(i.delay_init)
    i.delay_ms                               0x080035d8   Section        0  delay.o(i.delay_ms)
    i.delay_us                               0x080035f4   Section        0  delay.o(i.delay_us)
    i.fputc                                  0x08003628   Section        0  usart.o(i.fputc)
    i.jiaodu_x                               0x0800363c   Section        0  yundong.o(i.jiaodu_x)
    i.jiaodu_y                               0x080036f8   Section        0  yundong.o(i.jiaodu_y)
    i.led_switch                             0x080037b4   Section        0  led.o(i.led_switch)
    i.main                                   0x080037d4   Section        0  main.o(i.main)
    i.read                                   0x080039f8   Section        0  anjian.o(i.read)
    i.scan                                   0x08003a70   Section        0  anjian.o(i.scan)
    i.set_tim3_compare3                      0x08003c78   Section        0  pwm.o(i.set_tim3_compare3)
    i.set_tim3_compare4                      0x08003c84   Section        0  pwm.o(i.set_tim3_compare4)
    i.timer3_pwm_init                        0x08003c90   Section        0  pwm.o(i.timer3_pwm_init)
    locale$$code                             0x08003cec   Section       44  lc_ctype_c.o(locale$$code)
    x$fpl$d2f                                0x08003d18   Section       98  d2f.o(x$fpl$d2f)
    $v0                                      0x08003d18   Number         0  d2f.o(x$fpl$d2f)
    x$fpl$dadd                               0x08003d7c   Section      336  daddsub_clz.o(x$fpl$dadd)
    $v0                                      0x08003d7c   Number         0  daddsub_clz.o(x$fpl$dadd)
    _dadd1                                   0x08003d8d   Thumb Code     0  daddsub_clz.o(x$fpl$dadd)
    x$fpl$ddiv                               0x08003ecc   Section      688  ddiv.o(x$fpl$ddiv)
    $v0                                      0x08003ecc   Number         0  ddiv.o(x$fpl$ddiv)
    ddiv_entry                               0x08003ed3   Thumb Code     0  ddiv.o(x$fpl$ddiv)
    x$fpl$dfltu                              0x0800417c   Section       38  dflt_clz.o(x$fpl$dfltu)
    $v0                                      0x0800417c   Number         0  dflt_clz.o(x$fpl$dfltu)
    x$fpl$dmul                               0x080041a4   Section      340  dmul.o(x$fpl$dmul)
    $v0                                      0x080041a4   Number         0  dmul.o(x$fpl$dmul)
    x$fpl$dnaninf                            0x080042f8   Section      156  dnaninf.o(x$fpl$dnaninf)
    $v0                                      0x080042f8   Number         0  dnaninf.o(x$fpl$dnaninf)
    x$fpl$dretinf                            0x08004394   Section       12  dretinf.o(x$fpl$dretinf)
    $v0                                      0x08004394   Number         0  dretinf.o(x$fpl$dretinf)
    x$fpl$dsub                               0x080043a0   Section      468  daddsub_clz.o(x$fpl$dsub)
    $v0                                      0x080043a0   Number         0  daddsub_clz.o(x$fpl$dsub)
    _dsub1                                   0x080043b1   Thumb Code     0  daddsub_clz.o(x$fpl$dsub)
    x$fpl$f2d                                0x08004574   Section       86  f2d.o(x$fpl$f2d)
    $v0                                      0x08004574   Number         0  f2d.o(x$fpl$f2d)
    x$fpl$fnaninf                            0x080045ca   Section      140  fnaninf.o(x$fpl$fnaninf)
    $v0                                      0x080045ca   Number         0  fnaninf.o(x$fpl$fnaninf)
    x$fpl$fpinit                             0x08004656   Section       10  fpinit.o(x$fpl$fpinit)
    $v0                                      0x08004656   Number         0  fpinit.o(x$fpl$fpinit)
    x$fpl$fretinf                            0x08004660   Section       10  fretinf.o(x$fpl$fretinf)
    $v0                                      0x08004660   Number         0  fretinf.o(x$fpl$fretinf)
    .constdata                               0x0800466a   Section       16  stm32f4xx_hal_rcc.o(.constdata)
    x$fpl$usenofp                            0x0800466a   Section        0  usenofp.o(x$fpl$usenofp)
    .constdata                               0x0800467c   Section       16  anjian.o(.constdata)
    .constdata                               0x0800468c   Section     6080  oled.o(.constdata)
    .constdata                               0x08005e4c   Section    18240  lcd.o(.constdata)
    locale$$data                             0x0800a5ac   Section      272  lc_ctype_c.o(locale$$data)
    __lcctype_c_name                         0x0800a5b0   Data           2  lc_ctype_c.o(locale$$data)
    __lcctype_c_start                        0x0800a5b8   Data           0  lc_ctype_c.o(locale$$data)
    __lcctype_c_end                          0x0800a6bc   Data           0  lc_ctype_c.o(locale$$data)
    .data                                    0x20000000   Section       20  main.o(.data)
    .data                                    0x20000014   Section       20  system_stm32f4xx.o(.data)
    .data                                    0x20000028   Section        4  stm32f4xx_hal.o(.data)
    uwTick                                   0x20000028   Data           4  stm32f4xx_hal.o(.data)
    .data                                    0x2000002c   Section        4  delay.o(.data)
    fac_us                                   0x2000002c   Data           4  delay.o(.data)
    .data                                    0x20000030   Section        4  usart.o(.data)
    .data                                    0x20000034   Section        4  usart.o(.data)
    .data                                    0x20000038   Section        1  exti.o(.data)
    .data                                    0x20000039   Section       17  anjian.o(.data)
    .data                                    0x2000004c   Section        8  lcd.o(.data)
    .bss                                     0x20000054   Section      264  usart.o(.bss)
    .bss                                     0x2000015c   Section       60  pwm.o(.bss)
    .bss                                     0x20000198   Section     1024  oled.o(.bss)
    .bss                                     0x20000598   Section       94  lcd.o(.bss)
    .bss                                     0x200005f8   Section       96  libspace.o(.bss)
    HEAP                                     0x20000658   Section      512  startup_stm32f429xx.o(HEAP)
    Heap_Mem                                 0x20000658   Data         512  startup_stm32f429xx.o(HEAP)
    STACK                                    0x20000858   Section     1024  startup_stm32f429xx.o(STACK)
    Stack_Mem                                0x20000858   Data        1024  startup_stm32f429xx.o(STACK)
    __initial_sp                             0x20000c58   Data           0  startup_stm32f429xx.o(STACK)

    Global Symbols

    Symbol Name                              Value     Ov Type        Size  Object(Section)

    BuildAttributes$$THM_ISAv4$E$P$D$K$B$S$7EM$VFPi3$EXTD16$VFPS$VFMA$PE$A:L22UL41UL21$X:L11$S22US41US21$IEEE1$IW$USESV6$~STKCKD$USESV7$~SHL$OTIME$ROPI$IEEEX$EBA8$UX$STANDARDLIB$REQ8$PRES8$EABIv2 0x00000000   Number         0  anon$$obj.o ABSOLUTE
    __ARM_use_no_argv                        0x00000000   Number         0  main.o ABSOLUTE
    __ARM_exceptions_init                     - Undefined Weak Reference
    __alloca_initialize                       - Undefined Weak Reference
    __arm_preinit_                            - Undefined Weak Reference
    __cpp_initialize__aeabi_                  - Undefined Weak Reference
    __cxa_finalize                            - Undefined Weak Reference
    __sigvec_lookup                           - Undefined Weak Reference
    _atexit_init                              - Undefined Weak Reference
    _call_atexit_fns                          - Undefined Weak Reference
    _clock_init                               - Undefined Weak Reference
    _fp_trap_init                             - Undefined Weak Reference
    _fp_trap_shutdown                         - Undefined Weak Reference
    _get_lc_collate                           - Undefined Weak Reference
    _get_lc_monetary                          - Undefined Weak Reference
    _get_lc_numeric                           - Undefined Weak Reference
    _get_lc_time                              - Undefined Weak Reference
    _getenv_init                              - Undefined Weak Reference
    _handle_redirection                       - Undefined Weak Reference
    _init_alloc                               - Undefined Weak Reference
    _init_user_alloc                          - Undefined Weak Reference
    _initio                                   - Undefined Weak Reference
    _mutex_acquire                            - Undefined Weak Reference
    _mutex_release                            - Undefined Weak Reference
    _printf_post_padding                      - Undefined Weak Reference
    _printf_pre_padding                       - Undefined Weak Reference
    _printf_truncate_signed                   - Undefined Weak Reference
    _printf_truncate_unsigned                 - Undefined Weak Reference
    _rand_init                                - Undefined Weak Reference
    _signal_finish                            - Undefined Weak Reference
    _signal_init                              - Undefined Weak Reference
    _terminate_alloc                          - Undefined Weak Reference
    _terminate_user_alloc                     - Undefined Weak Reference
    _terminateio                              - Undefined Weak Reference
    __Vectors_Size                           0x000001ac   Number         0  startup_stm32f429xx.o ABSOLUTE
    __Vectors                                0x08000000   Data           4  startup_stm32f429xx.o(RESET)
    __Vectors_End                            0x080001ac   Data           0  startup_stm32f429xx.o(RESET)
    __main                                   0x080001ad   Thumb Code     8  __main.o(!!!main)
    __scatterload                            0x080001b5   Thumb Code     0  __scatter.o(!!!scatter)
    __scatterload_rt2                        0x080001b5   Thumb Code    44  __scatter.o(!!!scatter)
    __scatterload_rt2_thumb_only             0x080001b5   Thumb Code     0  __scatter.o(!!!scatter)
    __scatterload_null                       0x080001c3   Thumb Code     0  __scatter.o(!!!scatter)
    __scatterload_copy                       0x080001e9   Thumb Code    26  __scatter_copy.o(!!handler_copy)
    __scatterload_zeroinit                   0x08000205   Thumb Code    28  __scatter_zi.o(!!handler_zi)
    _printf_d                                0x08000221   Thumb Code     0  _printf_d.o(.ARM.Collect$$_printf_percent$$00000009)
    _printf_percent                          0x08000221   Thumb Code     0  _printf_percent.o(.ARM.Collect$$_printf_percent$$00000000)
    _printf_percent_end                      0x08000227   Thumb Code     0  _printf_percent_end.o(.ARM.Collect$$_printf_percent$$00000017)
    __rt_lib_init                            0x0800022b   Thumb Code     0  libinit.o(.ARM.Collect$$libinit$$00000000)
    __rt_lib_init_fp_1                       0x0800022d   Thumb Code     0  libinit2.o(.ARM.Collect$$libinit$$00000001)
    __rt_lib_init_heap_1                     0x08000231   Thumb Code     0  libinit2.o(.ARM.Collect$$libinit$$0000000A)
    __rt_lib_init_lc_common                  0x08000231   Thumb Code     0  libinit2.o(.ARM.Collect$$libinit$$0000000F)
    __rt_lib_init_preinit_1                  0x08000231   Thumb Code     0  libinit2.o(.ARM.Collect$$libinit$$00000004)
    __rt_lib_init_rand_1                     0x08000231   Thumb Code     0  libinit2.o(.ARM.Collect$$libinit$$0000000E)
    __rt_lib_init_user_alloc_1               0x08000231   Thumb Code     0  libinit2.o(.ARM.Collect$$libinit$$0000000C)
    __rt_lib_init_lc_collate_1               0x08000237   Thumb Code     0  libinit2.o(.ARM.Collect$$libinit$$00000011)
    __rt_lib_init_lc_ctype_2                 0x08000237   Thumb Code     0  libinit2.o(.ARM.Collect$$libinit$$00000012)
    __rt_lib_init_alloca_1                   0x08000243   Thumb Code     0  libinit2.o(.ARM.Collect$$libinit$$0000002E)
    __rt_lib_init_argv_1                     0x08000243   Thumb Code     0  libinit2.o(.ARM.Collect$$libinit$$0000002C)
    __rt_lib_init_atexit_1                   0x08000243   Thumb Code     0  libinit2.o(.ARM.Collect$$libinit$$0000001B)
    __rt_lib_init_clock_1                    0x08000243   Thumb Code     0  libinit2.o(.ARM.Collect$$libinit$$00000021)
    __rt_lib_init_cpp_1                      0x08000243   Thumb Code     0  libinit2.o(.ARM.Collect$$libinit$$00000032)
    __rt_lib_init_exceptions_1               0x08000243   Thumb Code     0  libinit2.o(.ARM.Collect$$libinit$$00000030)
    __rt_lib_init_fp_trap_1                  0x08000243   Thumb Code     0  libinit2.o(.ARM.Collect$$libinit$$0000001F)
    __rt_lib_init_getenv_1                   0x08000243   Thumb Code     0  libinit2.o(.ARM.Collect$$libinit$$00000023)
    __rt_lib_init_lc_ctype_1                 0x08000243   Thumb Code     0  libinit2.o(.ARM.Collect$$libinit$$00000013)
    __rt_lib_init_lc_monetary_1              0x08000243   Thumb Code     0  libinit2.o(.ARM.Collect$$libinit$$00000015)
    __rt_lib_init_lc_numeric_1               0x08000243   Thumb Code     0  libinit2.o(.ARM.Collect$$libinit$$00000017)
    __rt_lib_init_lc_time_1                  0x08000243   Thumb Code     0  libinit2.o(.ARM.Collect$$libinit$$00000019)
    __rt_lib_init_return                     0x08000243   Thumb Code     0  libinit2.o(.ARM.Collect$$libinit$$00000033)
    __rt_lib_init_signal_1                   0x08000243   Thumb Code     0  libinit2.o(.ARM.Collect$$libinit$$0000001D)
    __rt_lib_init_stdio_1                    0x08000243   Thumb Code     0  libinit2.o(.ARM.Collect$$libinit$$00000025)
    __rt_lib_shutdown                        0x08000245   Thumb Code     0  libshutdown.o(.ARM.Collect$$libshutdown$$00000000)
    __rt_lib_shutdown_fp_trap_1              0x08000247   Thumb Code     0  libshutdown2.o(.ARM.Collect$$libshutdown$$00000006)
    __rt_lib_shutdown_heap_1                 0x08000247   Thumb Code     0  libshutdown2.o(.ARM.Collect$$libshutdown$$0000000E)
    __rt_lib_shutdown_return                 0x08000247   Thumb Code     0  libshutdown2.o(.ARM.Collect$$libshutdown$$0000000F)
    __rt_lib_shutdown_signal_1               0x08000247   Thumb Code     0  libshutdown2.o(.ARM.Collect$$libshutdown$$00000009)
    __rt_lib_shutdown_stdio_1                0x08000247   Thumb Code     0  libshutdown2.o(.ARM.Collect$$libshutdown$$00000003)
    __rt_lib_shutdown_user_alloc_1           0x08000247   Thumb Code     0  libshutdown2.o(.ARM.Collect$$libshutdown$$0000000B)
    __rt_entry                               0x08000249   Thumb Code     0  __rtentry.o(.ARM.Collect$$rtentry$$00000000)
    __rt_entry_presh_1                       0x08000249   Thumb Code     0  __rtentry2.o(.ARM.Collect$$rtentry$$00000002)
    __rt_entry_sh                            0x08000249   Thumb Code     0  __rtentry4.o(.ARM.Collect$$rtentry$$00000004)
    __rt_entry_li                            0x0800024f   Thumb Code     0  __rtentry2.o(.ARM.Collect$$rtentry$$0000000A)
    __rt_entry_postsh_1                      0x0800024f   Thumb Code     0  __rtentry2.o(.ARM.Collect$$rtentry$$00000009)
    __rt_entry_main                          0x08000253   Thumb Code     0  __rtentry2.o(.ARM.Collect$$rtentry$$0000000D)
    __rt_entry_postli_1                      0x08000253   Thumb Code     0  __rtentry2.o(.ARM.Collect$$rtentry$$0000000C)
    __rt_exit                                0x0800025b   Thumb Code     0  rtexit.o(.ARM.Collect$$rtexit$$00000000)
    __rt_exit_ls                             0x0800025d   Thumb Code     0  rtexit2.o(.ARM.Collect$$rtexit$$00000003)
    __rt_exit_prels_1                        0x0800025d   Thumb Code     0  rtexit2.o(.ARM.Collect$$rtexit$$00000002)
    __rt_exit_exit                           0x08000261   Thumb Code     0  rtexit2.o(.ARM.Collect$$rtexit$$00000004)
    Reset_Handler                            0x08000269   Thumb Code     8  startup_stm32f429xx.o(.text)
    ADC_IRQHandler                           0x08000283   Thumb Code     0  startup_stm32f429xx.o(.text)
    CAN1_RX0_IRQHandler                      0x08000283   Thumb Code     0  startup_stm32f429xx.o(.text)
    CAN1_RX1_IRQHandler                      0x08000283   Thumb Code     0  startup_stm32f429xx.o(.text)
    CAN1_SCE_IRQHandler                      0x08000283   Thumb Code     0  startup_stm32f429xx.o(.text)
    CAN1_TX_IRQHandler                       0x08000283   Thumb Code     0  startup_stm32f429xx.o(.text)
    CAN2_RX0_IRQHandler                      0x08000283   Thumb Code     0  startup_stm32f429xx.o(.text)
    CAN2_RX1_IRQHandler                      0x08000283   Thumb Code     0  startup_stm32f429xx.o(.text)
    CAN2_SCE_IRQHandler                      0x08000283   Thumb Code     0  startup_stm32f429xx.o(.text)
    CAN2_TX_IRQHandler                       0x08000283   Thumb Code     0  startup_stm32f429xx.o(.text)
    DCMI_IRQHandler                          0x08000283   Thumb Code     0  startup_stm32f429xx.o(.text)
    DMA1_Stream0_IRQHandler                  0x08000283   Thumb Code     0  startup_stm32f429xx.o(.text)
    DMA1_Stream1_IRQHandler                  0x08000283   Thumb Code     0  startup_stm32f429xx.o(.text)
    DMA1_Stream2_IRQHandler                  0x08000283   Thumb Code     0  startup_stm32f429xx.o(.text)
    DMA1_Stream3_IRQHandler                  0x08000283   Thumb Code     0  startup_stm32f429xx.o(.text)
    DMA1_Stream4_IRQHandler                  0x08000283   Thumb Code     0  startup_stm32f429xx.o(.text)
    DMA1_Stream5_IRQHandler                  0x08000283   Thumb Code     0  startup_stm32f429xx.o(.text)
    DMA1_Stream6_IRQHandler                  0x08000283   Thumb Code     0  startup_stm32f429xx.o(.text)
    DMA1_Stream7_IRQHandler                  0x08000283   Thumb Code     0  startup_stm32f429xx.o(.text)
    DMA2D_IRQHandler                         0x08000283   Thumb Code     0  startup_stm32f429xx.o(.text)
    DMA2_Stream0_IRQHandler                  0x08000283   Thumb Code     0  startup_stm32f429xx.o(.text)
    DMA2_Stream1_IRQHandler                  0x08000283   Thumb Code     0  startup_stm32f429xx.o(.text)
    DMA2_Stream2_IRQHandler                  0x08000283   Thumb Code     0  startup_stm32f429xx.o(.text)
    DMA2_Stream3_IRQHandler                  0x08000283   Thumb Code     0  startup_stm32f429xx.o(.text)
    DMA2_Stream4_IRQHandler                  0x08000283   Thumb Code     0  startup_stm32f429xx.o(.text)
    DMA2_Stream5_IRQHandler                  0x08000283   Thumb Code     0  startup_stm32f429xx.o(.text)
    DMA2_Stream6_IRQHandler                  0x08000283   Thumb Code     0  startup_stm32f429xx.o(.text)
    DMA2_Stream7_IRQHandler                  0x08000283   Thumb Code     0  startup_stm32f429xx.o(.text)
    ETH_IRQHandler                           0x08000283   Thumb Code     0  startup_stm32f429xx.o(.text)
    ETH_WKUP_IRQHandler                      0x08000283   Thumb Code     0  startup_stm32f429xx.o(.text)
    EXTI15_10_IRQHandler                     0x08000283   Thumb Code     0  startup_stm32f429xx.o(.text)
    EXTI1_IRQHandler                         0x08000283   Thumb Code     0  startup_stm32f429xx.o(.text)
    EXTI2_IRQHandler                         0x08000283   Thumb Code     0  startup_stm32f429xx.o(.text)
    EXTI3_IRQHandler                         0x08000283   Thumb Code     0  startup_stm32f429xx.o(.text)
    EXTI4_IRQHandler                         0x08000283   Thumb Code     0  startup_stm32f429xx.o(.text)
    EXTI9_5_IRQHandler                       0x08000283   Thumb Code     0  startup_stm32f429xx.o(.text)
    FLASH_IRQHandler                         0x08000283   Thumb Code     0  startup_stm32f429xx.o(.text)
    FMC_IRQHandler                           0x08000283   Thumb Code     0  startup_stm32f429xx.o(.text)
    FPU_IRQHandler                           0x08000283   Thumb Code     0  startup_stm32f429xx.o(.text)
    HASH_RNG_IRQHandler                      0x08000283   Thumb Code     0  startup_stm32f429xx.o(.text)
    I2C1_ER_IRQHandler                       0x08000283   Thumb Code     0  startup_stm32f429xx.o(.text)
    I2C1_EV_IRQHandler                       0x08000283   Thumb Code     0  startup_stm32f429xx.o(.text)
    I2C2_ER_IRQHandler                       0x08000283   Thumb Code     0  startup_stm32f429xx.o(.text)
    I2C2_EV_IRQHandler                       0x08000283   Thumb Code     0  startup_stm32f429xx.o(.text)
    I2C3_ER_IRQHandler                       0x08000283   Thumb Code     0  startup_stm32f429xx.o(.text)
    I2C3_EV_IRQHandler                       0x08000283   Thumb Code     0  startup_stm32f429xx.o(.text)
    LTDC_ER_IRQHandler                       0x08000283   Thumb Code     0  startup_stm32f429xx.o(.text)
    LTDC_IRQHandler                          0x08000283   Thumb Code     0  startup_stm32f429xx.o(.text)
    OTG_FS_IRQHandler                        0x08000283   Thumb Code     0  startup_stm32f429xx.o(.text)
    OTG_FS_WKUP_IRQHandler                   0x08000283   Thumb Code     0  startup_stm32f429xx.o(.text)
    OTG_HS_EP1_IN_IRQHandler                 0x08000283   Thumb Code     0  startup_stm32f429xx.o(.text)
    OTG_HS_EP1_OUT_IRQHandler                0x08000283   Thumb Code     0  startup_stm32f429xx.o(.text)
    OTG_HS_IRQHandler                        0x08000283   Thumb Code     0  startup_stm32f429xx.o(.text)
    OTG_HS_WKUP_IRQHandler                   0x08000283   Thumb Code     0  startup_stm32f429xx.o(.text)
    PVD_IRQHandler                           0x08000283   Thumb Code     0  startup_stm32f429xx.o(.text)
    RCC_IRQHandler                           0x08000283   Thumb Code     0  startup_stm32f429xx.o(.text)
    RTC_Alarm_IRQHandler                     0x08000283   Thumb Code     0  startup_stm32f429xx.o(.text)
    RTC_WKUP_IRQHandler                      0x08000283   Thumb Code     0  startup_stm32f429xx.o(.text)
    SAI1_IRQHandler                          0x08000283   Thumb Code     0  startup_stm32f429xx.o(.text)
    SDIO_IRQHandler                          0x08000283   Thumb Code     0  startup_stm32f429xx.o(.text)
    SPI1_IRQHandler                          0x08000283   Thumb Code     0  startup_stm32f429xx.o(.text)
    SPI2_IRQHandler                          0x08000283   Thumb Code     0  startup_stm32f429xx.o(.text)
    SPI3_IRQHandler                          0x08000283   Thumb Code     0  startup_stm32f429xx.o(.text)
    SPI4_IRQHandler                          0x08000283   Thumb Code     0  startup_stm32f429xx.o(.text)
    SPI5_IRQHandler                          0x08000283   Thumb Code     0  startup_stm32f429xx.o(.text)
    SPI6_IRQHandler                          0x08000283   Thumb Code     0  startup_stm32f429xx.o(.text)
    TAMP_STAMP_IRQHandler                    0x08000283   Thumb Code     0  startup_stm32f429xx.o(.text)
    TIM1_BRK_TIM9_IRQHandler                 0x08000283   Thumb Code     0  startup_stm32f429xx.o(.text)
    TIM1_CC_IRQHandler                       0x08000283   Thumb Code     0  startup_stm32f429xx.o(.text)
    TIM1_TRG_COM_TIM11_IRQHandler            0x08000283   Thumb Code     0  startup_stm32f429xx.o(.text)
    TIM1_UP_TIM10_IRQHandler                 0x08000283   Thumb Code     0  startup_stm32f429xx.o(.text)
    TIM2_IRQHandler                          0x08000283   Thumb Code     0  startup_stm32f429xx.o(.text)
    TIM3_IRQHandler                          0x08000283   Thumb Code     0  startup_stm32f429xx.o(.text)
    TIM4_IRQHandler                          0x08000283   Thumb Code     0  startup_stm32f429xx.o(.text)
    TIM5_IRQHandler                          0x08000283   Thumb Code     0  startup_stm32f429xx.o(.text)
    TIM6_DAC_IRQHandler                      0x08000283   Thumb Code     0  startup_stm32f429xx.o(.text)
    TIM7_IRQHandler                          0x08000283   Thumb Code     0  startup_stm32f429xx.o(.text)
    TIM8_BRK_TIM12_IRQHandler                0x08000283   Thumb Code     0  startup_stm32f429xx.o(.text)
    TIM8_CC_IRQHandler                       0x08000283   Thumb Code     0  startup_stm32f429xx.o(.text)
    TIM8_TRG_COM_TIM14_IRQHandler            0x08000283   Thumb Code     0  startup_stm32f429xx.o(.text)
    TIM8_UP_TIM13_IRQHandler                 0x08000283   Thumb Code     0  startup_stm32f429xx.o(.text)
    UART4_IRQHandler                         0x08000283   Thumb Code     0  startup_stm32f429xx.o(.text)
    UART5_IRQHandler                         0x08000283   Thumb Code     0  startup_stm32f429xx.o(.text)
    UART7_IRQHandler                         0x08000283   Thumb Code     0  startup_stm32f429xx.o(.text)
    UART8_IRQHandler                         0x08000283   Thumb Code     0  startup_stm32f429xx.o(.text)
    USART2_IRQHandler                        0x08000283   Thumb Code     0  startup_stm32f429xx.o(.text)
    USART3_IRQHandler                        0x08000283   Thumb Code     0  startup_stm32f429xx.o(.text)
    USART6_IRQHandler                        0x08000283   Thumb Code     0  startup_stm32f429xx.o(.text)
    WWDG_IRQHandler                          0x08000283   Thumb Code     0  startup_stm32f429xx.o(.text)
    __user_initial_stackheap                 0x08000285   Thumb Code     0  startup_stm32f429xx.o(.text)
    __use_no_semihosting                     0x080002a9   Thumb Code     2  use_no_semi_2.o(.text)
    __2printf                                0x080002ad   Thumb Code    20  noretval__2printf.o(.text)
    __printf                                 0x080002c5   Thumb Code   104  __printf.o(.text)
    _printf_int_dec                          0x0800032d   Thumb Code   104  _printf_dec.o(.text)
    atoi                                     0x080003a5   Thumb Code    26  atoi.o(.text)
    __aeabi_memclr4                          0x080003bf   Thumb Code     0  rt_memclr_w.o(.text)
    __aeabi_memclr8                          0x080003bf   Thumb Code     0  rt_memclr_w.o(.text)
    __rt_memclr_w                            0x080003bf   Thumb Code    78  rt_memclr_w.o(.text)
    _memset_w                                0x080003c3   Thumb Code     0  rt_memclr_w.o(.text)
    __use_two_region_memory                  0x0800040d   Thumb Code     2  heapauxi.o(.text)
    __rt_heap_escrow$2region                 0x0800040f   Thumb Code     2  heapauxi.o(.text)
    __rt_heap_expand$2region                 0x08000411   Thumb Code     2  heapauxi.o(.text)
    __I$use$semihosting                      0x08000413   Thumb Code     0  use_no_semi.o(.text)
    __use_no_semihosting_swi                 0x08000413   Thumb Code     2  use_no_semi.o(.text)
    __aeabi_errno_addr                       0x08000415   Thumb Code     8  rt_errno_addr_intlibspace.o(.text)
    __errno$intlibspace                      0x08000415   Thumb Code     0  rt_errno_addr_intlibspace.o(.text)
    __rt_errno_addr$intlibspace              0x08000415   Thumb Code     0  rt_errno_addr_intlibspace.o(.text)
    _printf_int_common                       0x0800041d   Thumb Code   178  _printf_intcommon.o(.text)
    _printf_char_file                        0x080004d1   Thumb Code    32  _printf_char_file.o(.text)
    strtol                                   0x080004f5   Thumb Code   112  strtol.o(.text)
    __user_libspace                          0x08000565   Thumb Code     8  libspace.o(.text)
    __user_perproc_libspace                  0x08000565   Thumb Code     0  libspace.o(.text)
    __user_perthread_libspace                0x08000565   Thumb Code     0  libspace.o(.text)
    __rt_ctype_table                         0x0800056d   Thumb Code    16  rt_ctype_table.o(.text)
    _printf_char_common                      0x08000587   Thumb Code    32  _printf_char_common.o(.text)
    _strtoul                                 0x080005ad   Thumb Code   158  _strtoul.o(.text)
    ferror                                   0x0800064b   Thumb Code     8  ferror.o(.text)
    __user_setup_stackheap                   0x08000653   Thumb Code    74  sys_stackheap_outer.o(.text)
    __rt_locale                              0x0800069d   Thumb Code     8  rt_locale_intlibspace.o(.text)
    _chval                                   0x080006a5   Thumb Code    28  _chval.o(.text)
    exit                                     0x080006c1   Thumb Code    12  exit.o(.text)
    strcmp                                   0x080006cd   Thumb Code   128  strcmpv7m.o(.text)
    Anjian_init                              0x0800074d   Thumb Code   242  anjian.o(i.Anjian_init)
    BusFault_Handler                         0x08000855   Thumb Code     2  stm32f4xx_it.o(i.BusFault_Handler)
    DebugMon_Handler                         0x08000857   Thumb Code     2  stm32f4xx_it.o(i.DebugMon_Handler)
    EXTI0_IRQHandler                         0x08000859   Thumb Code     6  exti.o(i.EXTI0_IRQHandler)
    FMC_NORSRAM_Extended_Timing_Init         0x08000861   Thumb Code    60  stm32f4xx_ll_fmc.o(i.FMC_NORSRAM_Extended_Timing_Init)
    FMC_NORSRAM_Init                         0x080008a1   Thumb Code   110  stm32f4xx_ll_fmc.o(i.FMC_NORSRAM_Init)
    FMC_NORSRAM_Timing_Init                  0x08000919   Thumb Code    86  stm32f4xx_ll_fmc.o(i.FMC_NORSRAM_Timing_Init)
    HAL_GPIO_EXTI_Callback                   0x08000975   Thumb Code    28  exti.o(i.HAL_GPIO_EXTI_Callback)
    HAL_GPIO_EXTI_IRQHandler                 0x08000995   Thumb Code    18  stm32f4xx_hal_gpio.o(i.HAL_GPIO_EXTI_IRQHandler)
    HAL_GPIO_Init                            0x080009ad   Thumb Code   422  stm32f4xx_hal_gpio.o(i.HAL_GPIO_Init)
    HAL_GPIO_ReadPin                         0x08000b89   Thumb Code    10  stm32f4xx_hal_gpio.o(i.HAL_GPIO_ReadPin)
    HAL_GPIO_WritePin                        0x08000b93   Thumb Code    10  stm32f4xx_hal_gpio.o(i.HAL_GPIO_WritePin)
    HAL_GetTick                              0x08000b9d   Thumb Code     6  stm32f4xx_hal.o(i.HAL_GetTick)
    HAL_IncTick                              0x08000ba9   Thumb Code    10  stm32f4xx_hal.o(i.HAL_IncTick)
    HAL_Init                                 0x08000bb9   Thumb Code    48  stm32f4xx_hal.o(i.HAL_Init)
    HAL_InitTick                             0x08000bed   Thumb Code    34  stm32f4xx_hal.o(i.HAL_InitTick)
    HAL_MspInit                              0x08000c0f   Thumb Code     2  stm32f4xx_hal_msp.o(i.HAL_MspInit)
    HAL_NVIC_SetPriority                     0x08000c11   Thumb Code    60  stm32f4xx_hal_cortex.o(i.HAL_NVIC_SetPriority)
    HAL_NVIC_SetPriorityGrouping             0x08000c51   Thumb Code    26  stm32f4xx_hal_cortex.o(i.HAL_NVIC_SetPriorityGrouping)
    HAL_PWREx_EnableOverDrive                0x08000c75   Thumb Code   122  stm32f4xx_hal_pwr_ex.o(i.HAL_PWREx_EnableOverDrive)
    HAL_RCC_ClockConfig                      0x08000cfd   Thumb Code   512  stm32f4xx_hal_rcc.o(i.HAL_RCC_ClockConfig)
    HAL_RCC_GetHCLKFreq                      0x08000f05   Thumb Code    38  stm32f4xx_hal_rcc.o(i.HAL_RCC_GetHCLKFreq)
    HAL_RCC_GetSysClockFreq                  0x08000f39   Thumb Code   104  stm32f4xx_hal_rcc.o(i.HAL_RCC_GetSysClockFreq)
    HAL_RCC_OscConfig                        0x08000fad   Thumb Code   774  stm32f4xx_hal_rcc.o(i.HAL_RCC_OscConfig)
    HAL_SRAM_Init                            0x080012c9   Thumb Code    86  stm32f4xx_hal_sram.o(i.HAL_SRAM_Init)
    HAL_SRAM_MspInit                         0x08001321   Thumb Code   106  lcd.o(i.HAL_SRAM_MspInit)
    HAL_SYSTICK_CLKSourceConfig              0x08001399   Thumb Code    24  stm32f4xx_hal_cortex.o(i.HAL_SYSTICK_CLKSourceConfig)
    HAL_SYSTICK_Config                       0x080013b1   Thumb Code    40  stm32f4xx_hal_cortex.o(i.HAL_SYSTICK_Config)
    HAL_TIM_PWM_ConfigChannel                0x080013d9   Thumb Code   208  stm32f4xx_hal_tim.o(i.HAL_TIM_PWM_ConfigChannel)
    HAL_TIM_PWM_Init                         0x080014a9   Thumb Code    54  stm32f4xx_hal_tim.o(i.HAL_TIM_PWM_Init)
    HAL_TIM_PWM_MspInit                      0x080014e1   Thumb Code    70  pwm.o(i.HAL_TIM_PWM_MspInit)
    HAL_TIM_PWM_Start                        0x08001531   Thumb Code    48  stm32f4xx_hal_tim.o(i.HAL_TIM_PWM_Start)
    HAL_UART_ErrorCallback                   0x08001569   Thumb Code     2  stm32f4xx_hal_uart.o(i.HAL_UART_ErrorCallback)
    HAL_UART_GetState                        0x0800156b   Thumb Code     6  stm32f4xx_hal_uart.o(i.HAL_UART_GetState)
    HAL_UART_IRQHandler                      0x08001571   Thumb Code   244  stm32f4xx_hal_uart.o(i.HAL_UART_IRQHandler)
    HAL_UART_Receive_IT                      0x08001665   Thumb Code   104  stm32f4xx_hal_uart.o(i.HAL_UART_Receive_IT)
    HAL_UART_RxCpltCallback                  0x080016cd   Thumb Code    76  usart.o(i.HAL_UART_RxCpltCallback)
    HAL_UART_TxCpltCallback                  0x08001725   Thumb Code     2  stm32f4xx_hal_uart.o(i.HAL_UART_TxCpltCallback)
    HardFault_Handler                        0x08001727   Thumb Code     2  stm32f4xx_it.o(i.HardFault_Handler)
    LCD_Clear                                0x08001729   Thumb Code    42  lcd.o(i.LCD_Clear)
    LCD_Display_Dir                          0x0800175d   Thumb Code    64  lcd.o(i.LCD_Display_Dir)
    LCD_Fast_DrawPoint                       0x080017a1   Thumb Code    86  lcd.o(i.LCD_Fast_DrawPoint)
    LCD_Init                                 0x08001801   Thumb Code  4148  lcd.o(i.LCD_Init)
    LCD_Pow                                  0x08002839   Thumb Code    16  lcd.o(i.LCD_Pow)
    LCD_RD_DATA                              0x08002849   Thumb Code    16  lcd.o(i.LCD_RD_DATA)
    LCD_Scan_Dir                             0x0800285d   Thumb Code   216  lcd.o(i.LCD_Scan_Dir)
    LCD_SetCursor                            0x08002939   Thumb Code    80  lcd.o(i.LCD_SetCursor)
    LCD_ShowChar                             0x0800298d   Thumb Code   196  lcd.o(i.LCD_ShowChar)
    LCD_ShowNum                              0x08002a69   Thumb Code   118  lcd.o(i.LCD_ShowNum)
    LCD_ShowString                           0x08002adf   Thumb Code    84  lcd.o(i.LCD_ShowString)
    LCD_WR_DATA                              0x08002b35   Thumb Code    20  lcd.o(i.LCD_WR_DATA)
    LCD_WR_REG                               0x08002b4d   Thumb Code    20  lcd.o(i.LCD_WR_REG)
    LCD_WriteRAM_Prepare                     0x08002b65   Thumb Code    10  lcd.o(i.LCD_WriteRAM_Prepare)
    LCD_WriteReg                             0x08002b79   Thumb Code    10  lcd.o(i.LCD_WriteReg)
    MemManage_Handler                        0x08002b89   Thumb Code     2  stm32f4xx_it.o(i.MemManage_Handler)
    NMI_Handler                              0x08002b8b   Thumb Code     2  stm32f4xx_it.o(i.NMI_Handler)
    OLED_DrawPoint                           0x08002bad   Thumb Code    54  oled.o(i.OLED_DrawPoint)
    OLED_Refresh_Gram                        0x08002be9   Thumb Code    72  oled.o(i.OLED_Refresh_Gram)
    OLED_ShowChar                            0x08002c35   Thumb Code   168  oled.o(i.OLED_ShowChar)
    OLED_WR_Byte                             0x08002ce9   Thumb Code    64  oled.o(i.OLED_WR_Byte)
    PendSV_Handler                           0x08002d31   Thumb Code     2  stm32f4xx_it.o(i.PendSV_Handler)
    SVC_Handler                              0x08002d33   Thumb Code     2  stm32f4xx_it.o(i.SVC_Handler)
    Stm32_Clock_Init                         0x08002d35   Thumb Code   122  sys.o(i.Stm32_Clock_Init)
    SysTick_Handler                          0x08002db9   Thumb Code     4  stm32f4xx_it.o(i.SysTick_Handler)
    SystemInit                               0x08002dbd   Thumb Code    66  system_stm32f4xx.o(i.SystemInit)
    TIM_Base_SetConfig                       0x08002e11   Thumb Code   148  stm32f4xx_hal_tim.o(i.TIM_Base_SetConfig)
    TIM_CCxChannelCmd                        0x08002ed1   Thumb Code    22  stm32f4xx_hal_tim.o(i.TIM_CCxChannelCmd)
    TIM_OC2_SetConfig                        0x08002f41   Thumb Code    90  stm32f4xx_hal_tim.o(i.TIM_OC2_SetConfig)
    USART1_IRQHandler                        0x08003161   Thumb Code    56  usart.o(i.USART1_IRQHandler)
    UsageFault_Handler                       0x080031a5   Thumb Code     2  stm32f4xx_it.o(i.UsageFault_Handler)
    Xcoordinate_Ctrl_Steering                0x080031a7   Thumb Code    24  yundong.o(i.Xcoordinate_Ctrl_Steering)
    XieLv_line                               0x080031c1   Thumb Code   278  yundong.o(i.XieLv_line)
    Ycoordinate_Ctrl_Steering                0x08003309   Thumb Code    24  yundong.o(i.Ycoordinate_Ctrl_Steering)
    __ARM_fpclassifyf                        0x08003321   Thumb Code    38  fpclassifyf.o(i.__ARM_fpclassifyf)
    __hardfp_atan2f                          0x08003349   Thumb Code   502  atan2f.o(i.__hardfp_atan2f)
    __mathlib_flt_infnan2                    0x08003599   Thumb Code     6  funder.o(i.__mathlib_flt_infnan2)
    __mathlib_flt_underflow                  0x080035a1   Thumb Code    10  funder.o(i.__mathlib_flt_underflow)
    _sys_exit                                0x080035b1   Thumb Code     2  usart.o(i._sys_exit)
    buf_clear                                0x080035b3   Thumb Code    16  main.o(i.buf_clear)
    delay_init                               0x080035c5   Thumb Code    16  delay.o(i.delay_init)
    delay_ms                                 0x080035d9   Thumb Code    26  delay.o(i.delay_ms)
    delay_us                                 0x080035f5   Thumb Code    48  delay.o(i.delay_us)
    fputc                                    0x08003629   Thumb Code    14  usart.o(i.fputc)
    jiaodu_x                                 0x0800363d   Thumb Code   146  yundong.o(i.jiaodu_x)
    jiaodu_y                                 0x080036f9   Thumb Code   146  yundong.o(i.jiaodu_y)
    led_switch                               0x080037b5   Thumb Code    26  led.o(i.led_switch)
    main                                     0x080037d5   Thumb Code   508  main.o(i.main)
    read                                     0x080039f9   Thumb Code   114  anjian.o(i.read)
    scan                                     0x08003a71   Thumb Code   492  anjian.o(i.scan)
    set_tim3_compare3                        0x08003c79   Thumb Code     6  pwm.o(i.set_tim3_compare3)
    set_tim3_compare4                        0x08003c85   Thumb Code     6  pwm.o(i.set_tim3_compare4)
    timer3_pwm_init                          0x08003c91   Thumb Code    82  pwm.o(i.timer3_pwm_init)
    _get_lc_ctype                            0x08003ced   Thumb Code    44  lc_ctype_c.o(locale$$code)
    __aeabi_d2f                              0x08003d19   Thumb Code     0  d2f.o(x$fpl$d2f)
    _d2f                                     0x08003d19   Thumb Code    98  d2f.o(x$fpl$d2f)
    __aeabi_dadd                             0x08003d7d   Thumb Code     0  daddsub_clz.o(x$fpl$dadd)
    _dadd                                    0x08003d7d   Thumb Code   332  daddsub_clz.o(x$fpl$dadd)
    __aeabi_ddiv                             0x08003ecd   Thumb Code     0  ddiv.o(x$fpl$ddiv)
    _ddiv                                    0x08003ecd   Thumb Code   552  ddiv.o(x$fpl$ddiv)
    __aeabi_ui2d                             0x0800417d   Thumb Code     0  dflt_clz.o(x$fpl$dfltu)
    _dfltu                                   0x0800417d   Thumb Code    38  dflt_clz.o(x$fpl$dfltu)
    __aeabi_dmul                             0x080041a5   Thumb Code     0  dmul.o(x$fpl$dmul)
    _dmul                                    0x080041a5   Thumb Code   332  dmul.o(x$fpl$dmul)
    __fpl_dnaninf                            0x080042f9   Thumb Code   156  dnaninf.o(x$fpl$dnaninf)
    __fpl_dretinf                            0x08004395   Thumb Code    12  dretinf.o(x$fpl$dretinf)
    __aeabi_dsub                             0x080043a1   Thumb Code     0  daddsub_clz.o(x$fpl$dsub)
    _dsub                                    0x080043a1   Thumb Code   464  daddsub_clz.o(x$fpl$dsub)
    __aeabi_f2d                              0x08004575   Thumb Code     0  f2d.o(x$fpl$f2d)
    _f2d                                     0x08004575   Thumb Code    86  f2d.o(x$fpl$f2d)
    __fpl_fnaninf                            0x080045cb   Thumb Code   140  fnaninf.o(x$fpl$fnaninf)
    _fp_init                                 0x08004657   Thumb Code    10  fpinit.o(x$fpl$fpinit)
    __fplib_config_fpu_vfp                   0x0800465f   Thumb Code     0  fpinit.o(x$fpl$fpinit)
    __fplib_config_pureend_doubles           0x0800465f   Thumb Code     0  fpinit.o(x$fpl$fpinit)
    __fpl_fretinf                            0x08004661   Thumb Code    10  fretinf.o(x$fpl$fretinf)
    APBAHBPrescTable                         0x0800466a   Data          16  stm32f4xx_hal_rcc.o(.constdata)
    __I$use$fp                               0x0800466a   Number         0  usenofp.o(x$fpl$usenofp)
    oled_asc2_1206                           0x0800468c   Data        1140  oled.o(.constdata)
    oled_asc2_1608                           0x08004b00   Data        1520  oled.o(.constdata)
    oled_asc2_2412                           0x080050f0   Data        3420  oled.o(.constdata)
    asc2_1206                                0x08005e4c   Data        1140  lcd.o(.constdata)
    asc2_1608                                0x080062c0   Data        1520  lcd.o(.constdata)
    asc2_2412                                0x080068b0   Data        3420  lcd.o(.constdata)
    asc2_3216                                0x0800760c   Data       12160  lcd.o(.constdata)
    Region$$Table$$Base                      0x0800a58c   Number         0  anon$$obj.o(Region$$Table)
    Region$$Table$$Limit                     0x0800a5ac   Number         0  anon$$obj.o(Region$$Table)
    __ctype                                  0x0800a5b9   Data           0  lc_ctype_c.o(locale$$data)
    now_x                                    0x20000000   Data           2  main.o(.data)
    now_y                                    0x20000002   Data           2  main.o(.data)
    init_x                                   0x20000004   Data           2  main.o(.data)
    init_y                                   0x20000006   Data           2  main.o(.data)
    input_x                                  0x20000008   Data           2  main.o(.data)
    input_y                                  0x2000000a   Data           2  main.o(.data)
    X_nowcoordinate                          0x2000000c   Data           4  main.o(.data)
    Y_nowcoordinate                          0x20000010   Data           4  main.o(.data)
    SystemCoreClock                          0x20000014   Data           4  system_stm32f4xx.o(.data)
    AHBPrescTable                            0x20000018   Data          16  system_stm32f4xx.o(.data)
    aRxBuffer                                0x20000030   Data           1  usart.o(.data)
    USART_RX_STA                             0x20000032   Data           2  usart.o(.data)
    __stdout                                 0x20000034   Data           4  usart.o(.data)
    state                                    0x20000038   Data           1  exti.o(.data)
    anjian_array                             0x20000039   Data          17  anjian.o(.data)
    POINT_COLOR                              0x2000004c   Data           4  lcd.o(.data)
    BACK_COLOR                               0x20000050   Data           4  lcd.o(.data)
    USART_RX_BUF                             0x20000054   Data         200  usart.o(.bss)
    UART1_Handler                            0x2000011c   Data          64  usart.o(.bss)
    timer3_pwm_handler                       0x2000015c   Data          60  pwm.o(.bss)
    OLED_GRAM                                0x20000198   Data        1024  oled.o(.bss)
    SRAM_Handler                             0x20000598   Data          80  lcd.o(.bss)
    lcddev                                   0x200005e8   Data          14  lcd.o(.bss)
    __libspace_start                         0x200005f8   Data          96  libspace.o(.bss)
    __temporary_stack_top$libspace           0x20000658   Data           0  libspace.o(.bss)



==============================================================================

Memory Map of the image

  Image Entry point : 0x080001ad

  Load Region LR_IROM1 (Base: 0x08000000, Size: 0x0000a710, Max: 0x00100000, ABSOLUTE)

    Execution Region ER_IROM1 (Base: 0x08000000, Size: 0x0000a6bc, Max: 0x00100000, ABSOLUTE)

    Base Addr    Size         Type   Attr      Idx    E Section Name        Object

    0x08000000   0x000001ac   Data   RO          559    RESET               startup_stm32f429xx.o
    0x080001ac   0x00000008   Code   RO         9250  * !!!main             c_w.l(__main.o)
    0x080001b4   0x00000034   Code   RO         9505    !!!scatter          c_w.l(__scatter.o)
    0x080001e8   0x0000001a   Code   RO         9507    !!handler_copy      c_w.l(__scatter_copy.o)
    0x08000202   0x00000002   PAD
    0x08000204   0x0000001c   Code   RO         9509    !!handler_zi        c_w.l(__scatter_zi.o)
    0x08000220   0x00000000   Code   RO         9241    .ARM.Collect$$_printf_percent$$00000000  c_w.l(_printf_percent.o)
    0x08000220   0x00000006   Code   RO         9240    .ARM.Collect$$_printf_percent$$00000009  c_w.l(_printf_d.o)
    0x08000226   0x00000004   Code   RO         9304    .ARM.Collect$$_printf_percent$$00000017  c_w.l(_printf_percent_end.o)
    0x0800022a   0x00000002   Code   RO         9381    .ARM.Collect$$libinit$$00000000  c_w.l(libinit.o)
    0x0800022c   0x00000004   Code   RO         9386    .ARM.Collect$$libinit$$00000001  c_w.l(libinit2.o)
    0x08000230   0x00000000   Code   RO         9389    .ARM.Collect$$libinit$$00000004  c_w.l(libinit2.o)
    0x08000230   0x00000000   Code   RO         9392    .ARM.Collect$$libinit$$0000000A  c_w.l(libinit2.o)
    0x08000230   0x00000000   Code   RO         9394    .ARM.Collect$$libinit$$0000000C  c_w.l(libinit2.o)
    0x08000230   0x00000000   Code   RO         9396    .ARM.Collect$$libinit$$0000000E  c_w.l(libinit2.o)
    0x08000230   0x00000006   Code   RO         9397    .ARM.Collect$$libinit$$0000000F  c_w.l(libinit2.o)
    0x08000236   0x00000000   Code   RO         9399    .ARM.Collect$$libinit$$00000011  c_w.l(libinit2.o)
    0x08000236   0x0000000c   Code   RO         9400    .ARM.Collect$$libinit$$00000012  c_w.l(libinit2.o)
    0x08000242   0x00000000   Code   RO         9401    .ARM.Collect$$libinit$$00000013  c_w.l(libinit2.o)
    0x08000242   0x00000000   Code   RO         9403    .ARM.Collect$$libinit$$00000015  c_w.l(libinit2.o)
    0x08000242   0x00000000   Code   RO         9405    .ARM.Collect$$libinit$$00000017  c_w.l(libinit2.o)
    0x08000242   0x00000000   Code   RO         9407    .ARM.Collect$$libinit$$00000019  c_w.l(libinit2.o)
    0x08000242   0x00000000   Code   RO         9409    .ARM.Collect$$libinit$$0000001B  c_w.l(libinit2.o)
    0x08000242   0x00000000   Code   RO         9411    .ARM.Collect$$libinit$$0000001D  c_w.l(libinit2.o)
    0x08000242   0x00000000   Code   RO         9413    .ARM.Collect$$libinit$$0000001F  c_w.l(libinit2.o)
    0x08000242   0x00000000   Code   RO         9415    .ARM.Collect$$libinit$$00000021  c_w.l(libinit2.o)
    0x08000242   0x00000000   Code   RO         9417    .ARM.Collect$$libinit$$00000023  c_w.l(libinit2.o)
    0x08000242   0x00000000   Code   RO         9419    .ARM.Collect$$libinit$$00000025  c_w.l(libinit2.o)
    0x08000242   0x00000000   Code   RO         9423    .ARM.Collect$$libinit$$0000002C  c_w.l(libinit2.o)
    0x08000242   0x00000000   Code   RO         9425    .ARM.Collect$$libinit$$0000002E  c_w.l(libinit2.o)
    0x08000242   0x00000000   Code   RO         9427    .ARM.Collect$$libinit$$00000030  c_w.l(libinit2.o)
    0x08000242   0x00000000   Code   RO         9429    .ARM.Collect$$libinit$$00000032  c_w.l(libinit2.o)
    0x08000242   0x00000002   Code   RO         9430    .ARM.Collect$$libinit$$00000033  c_w.l(libinit2.o)
    0x08000244   0x00000002   Code   RO         9448    .ARM.Collect$$libshutdown$$00000000  c_w.l(libshutdown.o)
    0x08000246   0x00000000   Code   RO         9459    .ARM.Collect$$libshutdown$$00000003  c_w.l(libshutdown2.o)
    0x08000246   0x00000000   Code   RO         9462    .ARM.Collect$$libshutdown$$00000006  c_w.l(libshutdown2.o)
    0x08000246   0x00000000   Code   RO         9465    .ARM.Collect$$libshutdown$$00000009  c_w.l(libshutdown2.o)
    0x08000246   0x00000000   Code   RO         9467    .ARM.Collect$$libshutdown$$0000000B  c_w.l(libshutdown2.o)
    0x08000246   0x00000000   Code   RO         9470    .ARM.Collect$$libshutdown$$0000000E  c_w.l(libshutdown2.o)
    0x08000246   0x00000002   Code   RO         9471    .ARM.Collect$$libshutdown$$0000000F  c_w.l(libshutdown2.o)
    0x08000248   0x00000000   Code   RO         9292    .ARM.Collect$$rtentry$$00000000  c_w.l(__rtentry.o)
    0x08000248   0x00000000   Code   RO         9336    .ARM.Collect$$rtentry$$00000002  c_w.l(__rtentry2.o)
    0x08000248   0x00000006   Code   RO         9348    .ARM.Collect$$rtentry$$00000004  c_w.l(__rtentry4.o)
    0x0800024e   0x00000000   Code   RO         9338    .ARM.Collect$$rtentry$$00000009  c_w.l(__rtentry2.o)
    0x0800024e   0x00000004   Code   RO         9339    .ARM.Collect$$rtentry$$0000000A  c_w.l(__rtentry2.o)
    0x08000252   0x00000000   Code   RO         9341    .ARM.Collect$$rtentry$$0000000C  c_w.l(__rtentry2.o)
    0x08000252   0x00000008   Code   RO         9342    .ARM.Collect$$rtentry$$0000000D  c_w.l(__rtentry2.o)
    0x0800025a   0x00000002   Code   RO         9382    .ARM.Collect$$rtexit$$00000000  c_w.l(rtexit.o)
    0x0800025c   0x00000000   Code   RO         9432    .ARM.Collect$$rtexit$$00000002  c_w.l(rtexit2.o)
    0x0800025c   0x00000004   Code   RO         9433    .ARM.Collect$$rtexit$$00000003  c_w.l(rtexit2.o)
    0x08000260   0x00000006   Code   RO         9434    .ARM.Collect$$rtexit$$00000004  c_w.l(rtexit2.o)
    0x08000266   0x00000002   PAD
    0x08000268   0x00000040   Code   RO          560    .text               startup_stm32f429xx.o
    0x080002a8   0x00000002   Code   RO         9210    .text               c_w.l(use_no_semi_2.o)
    0x080002aa   0x00000002   PAD
    0x080002ac   0x00000018   Code   RO         9214    .text               c_w.l(noretval__2printf.o)
    0x080002c4   0x00000068   Code   RO         9216    .text               c_w.l(__printf.o)
    0x0800032c   0x00000078   Code   RO         9218    .text               c_w.l(_printf_dec.o)
    0x080003a4   0x0000001a   Code   RO         9242    .text               c_w.l(atoi.o)
    0x080003be   0x0000004e   Code   RO         9246    .text               c_w.l(rt_memclr_w.o)
    0x0800040c   0x00000006   Code   RO         9248    .text               c_w.l(heapauxi.o)
    0x08000412   0x00000002   Code   RO         9290    .text               c_w.l(use_no_semi.o)
    0x08000414   0x00000008   Code   RO         9296    .text               c_w.l(rt_errno_addr_intlibspace.o)
    0x0800041c   0x000000b2   Code   RO         9300    .text               c_w.l(_printf_intcommon.o)
    0x080004ce   0x00000002   PAD
    0x080004d0   0x00000024   Code   RO         9302    .text               c_w.l(_printf_char_file.o)
    0x080004f4   0x00000070   Code   RO         9305    .text               c_w.l(strtol.o)
    0x08000564   0x00000008   Code   RO         9332    .text               c_w.l(libspace.o)
    0x0800056c   0x00000010   Code   RO         9350    .text               c_w.l(rt_ctype_table.o)
    0x0800057c   0x00000030   Code   RO         9352    .text               c_w.l(_printf_char_common.o)
    0x080005ac   0x0000009e   Code   RO         9354    .text               c_w.l(_strtoul.o)
    0x0800064a   0x00000008   Code   RO         9356    .text               c_w.l(ferror.o)
    0x08000652   0x0000004a   Code   RO         9360    .text               c_w.l(sys_stackheap_outer.o)
    0x0800069c   0x00000008   Code   RO         9365    .text               c_w.l(rt_locale_intlibspace.o)
    0x080006a4   0x0000001c   Code   RO         9369    .text               c_w.l(_chval.o)
    0x080006c0   0x0000000c   Code   RO         9374    .text               c_w.l(exit.o)
    0x080006cc   0x00000080   Code   RO         9384    .text               c_w.l(strcmpv7m.o)
    0x0800074c   0x00000108   Code   RO         8662    i.Anjian_init       anjian.o
    0x08000854   0x00000002   Code   RO          346    i.BusFault_Handler  stm32f4xx_it.o
    0x08000856   0x00000002   Code   RO          347    i.DebugMon_Handler  stm32f4xx_it.o
    0x08000858   0x00000006   Code   RO         8466    i.EXTI0_IRQHandler  exti.o
    0x0800085e   0x00000002   PAD
    0x08000860   0x00000040   Code   RO         7738    i.FMC_NORSRAM_Extended_Timing_Init  stm32f4xx_ll_fmc.o
    0x080008a0   0x00000078   Code   RO         7739    i.FMC_NORSRAM_Init  stm32f4xx_ll_fmc.o
    0x08000918   0x0000005c   Code   RO         7740    i.FMC_NORSRAM_Timing_Init  stm32f4xx_ll_fmc.o
    0x08000974   0x00000020   Code   RO         8467    i.HAL_GPIO_EXTI_Callback  exti.o
    0x08000994   0x00000018   Code   RO         2429    i.HAL_GPIO_EXTI_IRQHandler  stm32f4xx_hal_gpio.o
    0x080009ac   0x000001dc   Code   RO         2430    i.HAL_GPIO_Init     stm32f4xx_hal_gpio.o
    0x08000b88   0x0000000a   Code   RO         2432    i.HAL_GPIO_ReadPin  stm32f4xx_hal_gpio.o
    0x08000b92   0x0000000a   Code   RO         2434    i.HAL_GPIO_WritePin  stm32f4xx_hal_gpio.o
    0x08000b9c   0x0000000c   Code   RO          582    i.HAL_GetTick       stm32f4xx_hal.o
    0x08000ba8   0x00000010   Code   RO          583    i.HAL_IncTick       stm32f4xx_hal.o
    0x08000bb8   0x00000034   Code   RO          584    i.HAL_Init          stm32f4xx_hal.o
    0x08000bec   0x00000022   Code   RO          585    i.HAL_InitTick      stm32f4xx_hal.o
    0x08000c0e   0x00000002   Code   RO          317    i.HAL_MspInit       stm32f4xx_hal_msp.o
    0x08000c10   0x00000040   Code   RO         1157    i.HAL_NVIC_SetPriority  stm32f4xx_hal_cortex.o
    0x08000c50   0x00000024   Code   RO         1158    i.HAL_NVIC_SetPriorityGrouping  stm32f4xx_hal_cortex.o
    0x08000c74   0x00000088   Code   RO         4431    i.HAL_PWREx_EnableOverDrive  stm32f4xx_hal_pwr_ex.o
    0x08000cfc   0x00000208   Code   RO         4516    i.HAL_RCC_ClockConfig  stm32f4xx_hal_rcc.o
    0x08000f04   0x00000034   Code   RO         4521    i.HAL_RCC_GetHCLKFreq  stm32f4xx_hal_rcc.o
    0x08000f38   0x00000074   Code   RO         4525    i.HAL_RCC_GetSysClockFreq  stm32f4xx_hal_rcc.o
    0x08000fac   0x0000031c   Code   RO         4528    i.HAL_RCC_OscConfig  stm32f4xx_hal_rcc.o
    0x080012c8   0x00000056   Code   RO         6211    i.HAL_SRAM_Init     stm32f4xx_hal_sram.o
    0x0800131e   0x00000002   PAD
    0x08001320   0x00000078   Code   RO         9003    i.HAL_SRAM_MspInit  lcd.o
    0x08001398   0x00000018   Code   RO         1160    i.HAL_SYSTICK_CLKSourceConfig  stm32f4xx_hal_cortex.o
    0x080013b0   0x00000028   Code   RO         1162    i.HAL_SYSTICK_Config  stm32f4xx_hal_cortex.o
    0x080013d8   0x000000d0   Code   RO         6395    i.HAL_TIM_PWM_ConfigChannel  stm32f4xx_hal_tim.o
    0x080014a8   0x00000036   Code   RO         6398    i.HAL_TIM_PWM_Init  stm32f4xx_hal_tim.o
    0x080014de   0x00000002   PAD
    0x080014e0   0x00000050   Code   RO         8560    i.HAL_TIM_PWM_MspInit  pwm.o
    0x08001530   0x00000038   Code   RO         6402    i.HAL_TIM_PWM_Start  stm32f4xx_hal_tim.o
    0x08001568   0x00000002   Code   RO         7209    i.HAL_UART_ErrorCallback  stm32f4xx_hal_uart.o
    0x0800156a   0x00000006   Code   RO         7211    i.HAL_UART_GetState  stm32f4xx_hal_uart.o
    0x08001570   0x000000f4   Code   RO         7212    i.HAL_UART_IRQHandler  stm32f4xx_hal_uart.o
    0x08001664   0x00000068   Code   RO         7218    i.HAL_UART_Receive_IT  stm32f4xx_hal_uart.o
    0x080016cc   0x00000058   Code   RO         8374    i.HAL_UART_RxCpltCallback  usart.o
    0x08001724   0x00000002   Code   RO         7224    i.HAL_UART_TxCpltCallback  stm32f4xx_hal_uart.o
    0x08001726   0x00000002   Code   RO          348    i.HardFault_Handler  stm32f4xx_it.o
    0x08001728   0x00000034   Code   RO         9004    i.LCD_Clear         lcd.o
    0x0800175c   0x00000044   Code   RO         9008    i.LCD_Display_Dir   lcd.o
    0x080017a0   0x00000060   Code   RO         9013    i.LCD_Fast_DrawPoint  lcd.o
    0x08001800   0x00001038   Code   RO         9015    i.LCD_Init          lcd.o
    0x08002838   0x00000010   Code   RO         9016    i.LCD_Pow           lcd.o
    0x08002848   0x00000014   Code   RO         9017    i.LCD_RD_DATA       lcd.o
    0x0800285c   0x000000dc   Code   RO         9021    i.LCD_Scan_Dir      lcd.o
    0x08002938   0x00000054   Code   RO         9022    i.LCD_SetCursor     lcd.o
    0x0800298c   0x000000dc   Code   RO         9024    i.LCD_ShowChar      lcd.o
    0x08002a68   0x00000076   Code   RO         9025    i.LCD_ShowNum       lcd.o
    0x08002ade   0x00000054   Code   RO         9026    i.LCD_ShowString    lcd.o
    0x08002b32   0x00000002   PAD
    0x08002b34   0x00000018   Code   RO         9028    i.LCD_WR_DATA       lcd.o
    0x08002b4c   0x00000018   Code   RO         9029    i.LCD_WR_REG        lcd.o
    0x08002b64   0x00000014   Code   RO         9031    i.LCD_WriteRAM_Prepare  lcd.o
    0x08002b78   0x00000010   Code   RO         9032    i.LCD_WriteReg      lcd.o
    0x08002b88   0x00000002   Code   RO          349    i.MemManage_Handler  stm32f4xx_it.o
    0x08002b8a   0x00000002   Code   RO          350    i.NMI_Handler       stm32f4xx_it.o
    0x08002b8c   0x00000020   Code   RO         1164    i.NVIC_SetPriority  stm32f4xx_hal_cortex.o
    0x08002bac   0x0000003c   Code   RO         8786    i.OLED_DrawPoint    oled.o
    0x08002be8   0x0000004c   Code   RO         8789    i.OLED_Refresh_Gram  oled.o
    0x08002c34   0x000000b4   Code   RO         8790    i.OLED_ShowChar     oled.o
    0x08002ce8   0x00000048   Code   RO         8793    i.OLED_WR_Byte      oled.o
    0x08002d30   0x00000002   Code   RO          351    i.PendSV_Handler    stm32f4xx_it.o
    0x08002d32   0x00000002   Code   RO          352    i.SVC_Handler       stm32f4xx_it.o
    0x08002d34   0x00000084   Code   RO         8346    i.Stm32_Clock_Init  sys.o
    0x08002db8   0x00000004   Code   RO          353    i.SysTick_Handler   stm32f4xx_it.o
    0x08002dbc   0x00000054   Code   RO          425    i.SystemInit        system_stm32f4xx.o
    0x08002e10   0x000000c0   Code   RO         6413    i.TIM_Base_SetConfig  stm32f4xx_hal_tim.o
    0x08002ed0   0x00000016   Code   RO         6414    i.TIM_CCxChannelCmd  stm32f4xx_hal_tim.o
    0x08002ee6   0x00000002   PAD
    0x08002ee8   0x00000058   Code   RO         6422    i.TIM_OC1_SetConfig  stm32f4xx_hal_tim.o
    0x08002f40   0x00000064   Code   RO         6423    i.TIM_OC2_SetConfig  stm32f4xx_hal_tim.o
    0x08002fa4   0x00000060   Code   RO         6424    i.TIM_OC3_SetConfig  stm32f4xx_hal_tim.o
    0x08003004   0x00000050   Code   RO         6425    i.TIM_OC4_SetConfig  stm32f4xx_hal_tim.o
    0x08003054   0x000000a6   Code   RO         7231    i.UART_Receive_IT   stm32f4xx_hal_uart.o
    0x080030fa   0x00000066   Code   RO         7233    i.UART_Transmit_IT  stm32f4xx_hal_uart.o
    0x08003160   0x00000044   Code   RO         8375    i.USART1_IRQHandler  usart.o
    0x080031a4   0x00000002   Code   RO          354    i.UsageFault_Handler  stm32f4xx_it.o
    0x080031a6   0x00000018   Code   RO         8934    i.Xcoordinate_Ctrl_Steering  yundong.o
    0x080031be   0x00000002   PAD
    0x080031c0   0x00000148   Code   RO         8935    i.XieLv_line        yundong.o
    0x08003308   0x00000018   Code   RO         8936    i.Ycoordinate_Ctrl_Steering  yundong.o
    0x08003320   0x00000026   Code   RO         9316    i.__ARM_fpclassifyf  m_wm.l(fpclassifyf.o)
    0x08003346   0x00000002   PAD
    0x08003348   0x00000250   Code   RO         9278    i.__hardfp_atan2f   m_wm.l(atan2f.o)
    0x08003598   0x00000006   Code   RO         9320    i.__mathlib_flt_infnan2  m_wm.l(funder.o)
    0x0800359e   0x00000002   PAD
    0x080035a0   0x00000010   Code   RO         9324    i.__mathlib_flt_underflow  m_wm.l(funder.o)
    0x080035b0   0x00000002   Code   RO         8376    i._sys_exit         usart.o
    0x080035b2   0x00000010   Code   RO            4    i.buf_clear         main.o
    0x080035c2   0x00000002   PAD
    0x080035c4   0x00000014   Code   RO         8307    i.delay_init        delay.o
    0x080035d8   0x0000001a   Code   RO         8308    i.delay_ms          delay.o
    0x080035f2   0x00000002   PAD
    0x080035f4   0x00000034   Code   RO         8309    i.delay_us          delay.o
    0x08003628   0x00000014   Code   RO         8377    i.fputc             usart.o
    0x0800363c   0x000000bc   Code   RO         8939    i.jiaodu_x          yundong.o
    0x080036f8   0x000000bc   Code   RO         8940    i.jiaodu_y          yundong.o
    0x080037b4   0x00000020   Code   RO         8517    i.led_switch        led.o
    0x080037d4   0x00000224   Code   RO            5    i.main              main.o
    0x080039f8   0x00000078   Code   RO         8665    i.read              anjian.o
    0x08003a70   0x00000208   Code   RO         8666    i.scan              anjian.o
    0x08003c78   0x0000000c   Code   RO         8561    i.set_tim3_compare3  pwm.o
    0x08003c84   0x0000000c   Code   RO         8562    i.set_tim3_compare4  pwm.o
    0x08003c90   0x0000005c   Code   RO         8563    i.timer3_pwm_init   pwm.o
    0x08003cec   0x0000002c   Code   RO         9372    locale$$code        c_w.l(lc_ctype_c.o)
    0x08003d18   0x00000062   Code   RO         9252    x$fpl$d2f           fz_wm.l(d2f.o)
    0x08003d7a   0x00000002   PAD
    0x08003d7c   0x00000150   Code   RO         9254    x$fpl$dadd          fz_wm.l(daddsub_clz.o)
    0x08003ecc   0x000002b0   Code   RO         9261    x$fpl$ddiv          fz_wm.l(ddiv.o)
    0x0800417c   0x00000026   Code   RO         9268    x$fpl$dfltu         fz_wm.l(dflt_clz.o)
    0x080041a2   0x00000002   PAD
    0x080041a4   0x00000154   Code   RO         9274    x$fpl$dmul          fz_wm.l(dmul.o)
    0x080042f8   0x0000009c   Code   RO         9307    x$fpl$dnaninf       fz_wm.l(dnaninf.o)
    0x08004394   0x0000000c   Code   RO         9309    x$fpl$dretinf       fz_wm.l(dretinf.o)
    0x080043a0   0x000001d4   Code   RO         9256    x$fpl$dsub          fz_wm.l(daddsub_clz.o)
    0x08004574   0x00000056   Code   RO         9276    x$fpl$f2d           fz_wm.l(f2d.o)
    0x080045ca   0x0000008c   Code   RO         9311    x$fpl$fnaninf       fz_wm.l(fnaninf.o)
    0x08004656   0x0000000a   Code   RO         9440    x$fpl$fpinit        fz_wm.l(fpinit.o)
    0x08004660   0x0000000a   Code   RO         9313    x$fpl$fretinf       fz_wm.l(fretinf.o)
    0x0800466a   0x00000000   Code   RO         9315    x$fpl$usenofp       fz_wm.l(usenofp.o)
    0x0800466a   0x00000010   Data   RO         4529    .constdata          stm32f4xx_hal_rcc.o
    0x0800467a   0x00000002   PAD
    0x0800467c   0x00000010   Data   RO         8667    .constdata          anjian.o
    0x0800468c   0x000017c0   Data   RO         8797    .constdata          oled.o
    0x08005e4c   0x00004740   Data   RO         9035    .constdata          lcd.o
    0x0800a58c   0x00000020   Data   RO         9503    Region$$Table       anon$$obj.o
    0x0800a5ac   0x00000110   Data   RO         9371    locale$$data        c_w.l(lc_ctype_c.o)


    Execution Region RW_IRAM1 (Base: 0x20000000, Size: 0x00000c58, Max: 0x00030000, ABSOLUTE)

    Base Addr    Size         Type   Attr      Idx    E Section Name        Object

    0x20000000   0x00000014   Data   RW            8    .data               main.o
    0x20000014   0x00000014   Data   RW          426    .data               system_stm32f4xx.o
    0x20000028   0x00000004   Data   RW          590    .data               stm32f4xx_hal.o
    0x2000002c   0x00000004   Data   RW         8310    .data               delay.o
    0x20000030   0x00000004   Data   RW         8380    .data               usart.o
    0x20000034   0x00000004   Data   RW         8381    .data               usart.o
    0x20000038   0x00000001   Data   RW         8471    .data               exti.o
    0x20000039   0x00000011   Data   RW         8668    .data               anjian.o
    0x2000004a   0x00000002   PAD
    0x2000004c   0x00000008   Data   RW         9036    .data               lcd.o
    0x20000054   0x00000108   Zero   RW         8379    .bss                usart.o
    0x2000015c   0x0000003c   Zero   RW         8564    .bss                pwm.o
    0x20000198   0x00000400   Zero   RW         8796    .bss                oled.o
    0x20000598   0x0000005e   Zero   RW         9034    .bss                lcd.o
    0x200005f6   0x00000002   PAD
    0x200005f8   0x00000060   Zero   RW         9333    .bss                c_w.l(libspace.o)
    0x20000658   0x00000200   Zero   RW          558    HEAP                startup_stm32f429xx.o
    0x20000858   0x00000400   Zero   RW          557    STACK               startup_stm32f429xx.o


==============================================================================

Image component sizes


      Code (inc. data)   RO Data    RW Data    ZI Data      Debug   Object Name

       904         56         16         17          0       3123   anjian.o
        98          8          0          4          0       1747   delay.o
        38          4          0          1          0       1175   exti.o
      5334        126      18240          8         94      13410   lcd.o
        32          6          0          0          0        481   led.o
       564         40          0         20          0     419299   main.o
       388         30       6080          0       1024       3607   oled.o
       196         32          0          0         60       2513   pwm.o
        64         26        428          0       1536        816   startup_stm32f429xx.o
       114         16          0          4          0       3470   stm32f4xx_hal.o
       196         14          0          0          0      29840   stm32f4xx_hal_cortex.o
       520         60          0          0          0       3470   stm32f4xx_hal_gpio.o
         2          0          0          0          0        430   stm32f4xx_hal_msp.o
       136         14          0          0          0       1248   stm32f4xx_hal_pwr_ex.o
      1484         56         16          0          0       4721   stm32f4xx_hal_rcc.o
        86          0          0          0          0       1092   stm32f4xx_hal_sram.o
       896         88          0          0          0       7188   stm32f4xx_hal_tim.o
       626          0          0          0          0       5319   stm32f4xx_hal_uart.o
        20          0          0          0          0       3854   stm32f4xx_it.o
       276         20          0          0          0       2512   stm32f4xx_ll_fmc.o
       132         10          0          0          0       1023   sys.o
        84         18          0         20          0        989   system_stm32f4xx.o
       178         30          0          8        264       4010   usart.o
       752        134          0          0          0       3533   yundong.o

    ----------------------------------------------------------------------
     13136        788      24814         84       2980     518870   Object Totals
         0          0         32          0          0          0   (incl. Generated)
        16          0          2          2          2          0   (incl. Padding)

    ----------------------------------------------------------------------

      Code (inc. data)   RO Data    RW Data    ZI Data      Debug   Library Member Name

         8          0          0          0          0         68   __main.o
       104          0          0          0          0         84   __printf.o
         0          0          0          0          0          0   __rtentry.o
        12          0          0          0          0          0   __rtentry2.o
         6          0          0          0          0          0   __rtentry4.o
        52          8          0          0          0          0   __scatter.o
        26          0          0          0          0          0   __scatter_copy.o
        28          0          0          0          0          0   __scatter_zi.o
        28          0          0          0          0         68   _chval.o
        48          6          0          0          0         96   _printf_char_common.o
        36          4          0          0          0         80   _printf_char_file.o
         6          0          0          0          0          0   _printf_d.o
       120         16          0          0          0         92   _printf_dec.o
       178          0          0          0          0         88   _printf_intcommon.o
         0          0          0          0          0          0   _printf_percent.o
         4          0          0          0          0          0   _printf_percent_end.o
       158          0          0          0          0         92   _strtoul.o
        26          0          0          0          0         80   atoi.o
        12          0          0          0          0         72   exit.o
         8          0          0          0          0         68   ferror.o
         6          0          0          0          0        152   heapauxi.o
        44         10        272          0          0         76   lc_ctype_c.o
         2          0          0          0          0          0   libinit.o
        24          0          0          0          0          0   libinit2.o
         2          0          0          0          0          0   libshutdown.o
         2          0          0          0          0          0   libshutdown2.o
         8          4          0          0         96         68   libspace.o
        24          4          0          0          0         84   noretval__2printf.o
        16          4          0          0          0         76   rt_ctype_table.o
         8          4          0          0          0         68   rt_errno_addr_intlibspace.o
         8          4          0          0          0         68   rt_locale_intlibspace.o
        78          0          0          0          0         80   rt_memclr_w.o
         2          0          0          0          0          0   rtexit.o
        10          0          0          0          0          0   rtexit2.o
       128          0          0          0          0         68   strcmpv7m.o
       112          0          0          0          0         88   strtol.o
        74          0          0          0          0         80   sys_stackheap_outer.o
         2          0          0          0          0         68   use_no_semi.o
         2          0          0          0          0         68   use_no_semi_2.o
        98          4          0          0          0        140   d2f.o
       804         16          0          0          0        368   daddsub_clz.o
       688        140          0          0          0        256   ddiv.o
        38          0          0          0          0        116   dflt_clz.o
       340         12          0          0          0        152   dmul.o
       156          4          0          0          0        140   dnaninf.o
        12          0          0          0          0        116   dretinf.o
        86          4          0          0          0        132   f2d.o
       140          4          0          0          0        132   fnaninf.o
        10          0          0          0          0        116   fpinit.o
        10          0          0          0          0        116   fretinf.o
         0          0          0          0          0          0   usenofp.o
       592         90          0          0          0        184   atan2f.o
        38          0          0          0          0        116   fpclassifyf.o
        22          6          0          0          0        232   funder.o

    ----------------------------------------------------------------------
      4462        344        272          0         96       4248   Library Totals
        16          0          0          0          0          0   (incl. Padding)

    ----------------------------------------------------------------------

      Code (inc. data)   RO Data    RW Data    ZI Data      Debug   Library Name

      1412         64        272          0         96       1932   c_w.l
      2382        184          0          0          0       1784   fz_wm.l
       652         96          0          0          0        532   m_wm.l

    ----------------------------------------------------------------------
      4462        344        272          0         96       4248   Library Totals

    ----------------------------------------------------------------------

==============================================================================


      Code (inc. data)   RO Data    RW Data    ZI Data      Debug   

     17598       1132      25086         84       3076     512078   Grand Totals
     17598       1132      25086         84       3076     512078   ELF Image Totals
     17598       1132      25086         84          0          0   ROM Totals

==============================================================================

    Total RO  Size (Code + RO Data)                42684 (  41.68kB)
    Total RW  Size (RW Data + ZI Data)              3160 (   3.09kB)
    Total ROM Size (Code + RO Data + RW Data)      42768 (  41.77kB)

==============================================================================

