<html>
<body>
<pre>
<h1>礦ision Build Log</h1>
<h2>Tool Versions:</h2>
IDE-Version: μVision V5.14.0.0
Copyright (C) 2015 ARM Ltd and ARM Germany GmbH. All rights reserved.
License Information: 1 1, 1, LIC=32BSB-28P19-5T03W-Q0P7G-4AUN3-AHDMI
 
Tool Versions:
Toolchain:       MDK-ARM Standard  Version: 5.14.0.0
Toolchain Path:  D:\keil5MDK\ARM\ARMCC\Bin
C Compiler:      Armcc.exe V5.05 update 1 (build 106)
Assembler:       Armasm.exe V5.05 update 1 (build 106)
Linker/Locator:  ArmLink.exe V5.05 update 1 (build 106)
Library Manager: ArmAr.exe V5.05 update 1 (build 106)
Hex Converter:   FromElf.exe V5.05 update 1 (build 106)
CPU DLL:         SARMCM3.DLL V5.14.0.0
Dialog DLL:      DCM.DLL V1.13.1.0
Target DLL:      STLink\ST-LINKIII-KEIL_SWO.dll V2.0.14.0_KEIL
Dialog DLL:      TCM.DLL V1.14.4.0
 
<h2>Project:</h2>
D:\1学习资料\2020电赛\2020电赛\驱动板\NRF24L01\USER\NRF24L01.uvprojx
Project File Date:  07/22/2020

<h2>Output:</h2>
Build target 'NRF24L01'
compiling main.c...
KeyBoard.h(7): warning:  #1295-D: Deprecated declaration KeyBoard_scan - give arg types
  int KeyBoard_scan();
KeyBoard.h(11): warning:  #1-D: last line of file ends without a newline
  #endif
main.c(32): warning:  #177-D: variable "tmp_buf" was declared but never referenced
        u8 tmp_buf[33]; 
main.c(33): warning:  #177-D: variable "temp" was declared but never referenced
        u16 temp = 0;
main.c(36): warning:  #177-D: variable "roll" was declared but never referenced
        int roll,pitch,temperature,yaw;
main.c(36): warning:  #177-D: variable "pitch" was declared but never referenced
        int roll,pitch,temperature,yaw;
main.c(36): warning:  #177-D: variable "temperature" was declared but never referenced
        int roll,pitch,temperature,yaw;
main.c(36): warning:  #177-D: variable "yaw" was declared but never referenced
        int roll,pitch,temperature,yaw;
main.c(40): warning:  #177-D: variable "Product_multiple" was declared but never referenced
        int Product_multiple;
main.c: 9 warnings, 0 errors
linking...
Program Size: Code=12156 RO-data=712 RW-data=68 ZI-data=1836  
FromELF: creating hex file...
"..\OBJ\NRF24L01.axf" - 0 Error(s), 9 Warning(s).

<h2>Collection of Component include folders:</h2>
  D:\1学习资料\2020电赛\2020电赛\驱动板\NRF24L01\USER\RTE
  D:\keil5MDK\ARM\PACK\Keil\STM32F4xx_DFP\1.0.8\Device\Include

<h2>Collection of Component Files used:</h2>
</pre>
</body>
</html>
