Component: ARM Compiler 5.05 update 1 (build 106) Tool: armlink [4d0efa]

==============================================================================

Section Cross References

    main.o(.text) refers to 24l01.o(.text) for NRF24L01_TX_Mode
    main.o(.text) refers to lcd.o(.text) for LCD_Fill
    main.o(.text) refers to misc.o(.text) for NVIC_PriorityGroupConfig
    main.o(.text) refers to delay.o(.text) for delay_init
    main.o(.text) refers to usart.o(.text) for uart_init
    main.o(.text) refers to led.o(.text) for LED_Init
    main.o(.text) refers to mpu6050.o(.text) for MPU_Init
    main.o(.text) refers to key.o(.text) for KEY_Init
    main.o(.text) refers to inv_mpu.o(.text) for mpu_dmp_init
    main.o(.text) refers to lcd.o(.bss) for lcddev
    main.o(.text) refers to lcd.o(.data) for POINT_COLOR
    system_stm32f4xx.o(.text) refers to system_stm32f4xx.o(.data) for SystemCoreClock
    led.o(.text) refers to stm32f4xx_rcc.o(.text) for RCC_AHB1PeriphClockCmd
    led.o(.text) refers to stm32f4xx_gpio.o(.text) for GPIO_Init
    key.o(.text) refers to stm32f4xx_rcc.o(.text) for RCC_AHB1PeriphClockCmd
    key.o(.text) refers to stm32f4xx_gpio.o(.text) for GPIO_Init
    key.o(.text) refers to delay.o(.text) for delay_ms
    key.o(.text) refers to key.o(.data) for key_up
    lcd.o(.text) refers to _printf_percent.o(.ARM.Collect$$_printf_percent$$00000000) for _printf_percent
    lcd.o(.text) refers to _printf_x.o(.ARM.Collect$$_printf_percent$$0000000C) for _printf_x
    lcd.o(.text) refers to _printf_hex_int.o(.text) for _printf_longlong_hex
    lcd.o(.text) refers to delay.o(.text) for delay_us
    lcd.o(.text) refers to lcd.o(.bss) for lcddev
    lcd.o(.text) refers to lcd.o(.data) for POINT_COLOR
    lcd.o(.text) refers to dflt_clz.o(x$fpl$dfltu) for __aeabi_ui2d
    lcd.o(.text) refers to dmul.o(x$fpl$dmul) for __aeabi_dmul
    lcd.o(.text) refers to dfixu.o(x$fpl$dfixu) for __aeabi_d2uiz
    lcd.o(.text) refers to stm32f4xx_rcc.o(.text) for RCC_AHB1PeriphClockCmd
    lcd.o(.text) refers to stm32f4xx_gpio.o(.text) for GPIO_Init
    lcd.o(.text) refers to stm32f4xx_fsmc.o(.text) for FSMC_NORSRAMInit
    lcd.o(.text) refers to noretval__2printf.o(.text) for __2printf
    lcd.o(.text) refers to lcd.o(.constdata) for asc2_1206
    myiic.o(.text) refers to stm32f4xx_rcc.o(.text) for RCC_AHB1PeriphClockCmd
    myiic.o(.text) refers to stm32f4xx_gpio.o(.text) for GPIO_Init
    myiic.o(.text) refers to delay.o(.text) for delay_us
    mpu6050.o(.text) refers to myiic.o(.text) for IIC_Start
    mpu6050.o(.text) refers to delay.o(.text) for delay_ms
    mpu6050.o(.text) refers to dflt_clz.o(x$fpl$dflt) for __aeabi_i2d
    mpu6050.o(.text) refers to ddiv.o(x$fpl$ddiv) for __aeabi_ddiv
    mpu6050.o(.text) refers to daddsub_clz.o(x$fpl$dadd) for __aeabi_dadd
    mpu6050.o(.text) refers to d2f.o(x$fpl$d2f) for __aeabi_d2f
    inv_mpu.o(.text) refers to _printf_pad.o(.text) for _printf_pre_padding
    inv_mpu.o(.text) refers to _printf_percent.o(.ARM.Collect$$_printf_percent$$00000000) for _printf_percent
    inv_mpu.o(.text) refers to _printf_x.o(.ARM.Collect$$_printf_percent$$0000000C) for _printf_x
    inv_mpu.o(.text) refers to _printf_hex_int.o(.text) for _printf_longlong_hex
    inv_mpu.o(.text) refers to _printf_d.o(.ARM.Collect$$_printf_percent$$00000009) for _printf_d
    inv_mpu.o(.text) refers to _printf_dec.o(.text) for _printf_int_dec
    inv_mpu.o(.text) refers to mpu6050.o(.text) for MPU_Write_Len
    inv_mpu.o(.text) refers to noretval__2printf.o(.text) for __2printf
    inv_mpu.o(.text) refers to delay.o(.text) for delay_ms
    inv_mpu.o(.text) refers to inv_mpu.o(.data) for st
    inv_mpu.o(.text) refers to inv_mpu.o(.conststring) for .conststring
    inv_mpu.o(.text) refers to inv_mpu.o(.constdata) for test
    inv_mpu.o(.text) refers to llsdiv.o(.text) for __aeabi_ldivmod
    inv_mpu.o(.text) refers to memcmp.o(.text) for memcmp
    inv_mpu.o(.text) refers to inv_mpu_dmp_motion_driver.o(.text) for dmp_set_gyro_bias
    inv_mpu.o(.text) refers to myiic.o(.text) for IIC_Init
    inv_mpu.o(.text) refers to f2d.o(x$fpl$f2d) for __aeabi_f2d
    inv_mpu.o(.text) refers to asin.o(i.__hardfp_asin) for __hardfp_asin
    inv_mpu.o(.text) refers to dmul.o(x$fpl$dmul) for __aeabi_dmul
    inv_mpu.o(.text) refers to d2f.o(x$fpl$d2f) for __aeabi_d2f
    inv_mpu.o(.text) refers to atan2.o(i.__hardfp_atan2) for __hardfp_atan2
    inv_mpu.o(.data) refers to inv_mpu.o(.constdata) for reg
    inv_mpu_dmp_motion_driver.o(.text) refers to inv_mpu.o(.text) for mpu_load_firmware
    inv_mpu_dmp_motion_driver.o(.text) refers to inv_mpu_dmp_motion_driver.o(.constdata) for dmp_memory
    inv_mpu_dmp_motion_driver.o(.text) refers to inv_mpu_dmp_motion_driver.o(.bss) for dmp
    inv_mpu_dmp_motion_driver.o(.text) refers to aeabi_memset.o(.text) for __aeabi_memset
    oled.o(.text) refers to delay.o(.text) for delay_us
    oled.o(.text) refers to myiic.o(.text) for IIC_Start
[...]
    __Vectors                                0x08000000   Data           4  startup_stm32f40_41xxx.o(RESET)
    __Vectors_End                            0x08000188   Data           0  startup_stm32f40_41xxx.o(RESET)
    __main                                   0x08000189   Thumb Code     8  __main.o(!!!main)
    __scatterload                            0x08000191   Thumb Code     0  __scatter.o(!!!scatter)
    __scatterload_rt2                        0x08000191   Thumb Code    44  __scatter.o(!!!scatter)
    __scatterload_rt2_thumb_only             0x08000191   Thumb Code     0  __scatter.o(!!!scatter)
    __scatterload_null                       0x0800019f   Thumb Code     0  __scatter.o(!!!scatter)
    __decompress                             0x080001c5   Thumb Code    90  __dczerorl2.o(!!dczerorl2)
    __decompress1                            0x080001c5   Thumb Code     0  __dczerorl2.o(!!dczerorl2)
    __scatterload_zeroinit                   0x08000221   Thumb Code    28  __scatter_zi.o(!!handler_zi)
    _printf_d                                0x0800023d   Thumb Code     0  _printf_d.o(.ARM.Collect$$_printf_percent$$00000009)
    _printf_percent                          0x0800023d   Thumb Code     0  _printf_percent.o(.ARM.Collect$$_printf_percent$$00000000)
    _printf_u                                0x08000243   Thumb Code     0  _printf_u.o(.ARM.Collect$$_printf_percent$$0000000A)
    _printf_x                                0x08000249   Thumb Code     0  _printf_x.o(.ARM.Collect$$_printf_percent$$0000000C)
    _printf_c                                0x0800024f   Thumb Code     0  _printf_c.o(.ARM.Collect$$_printf_percent$$00000013)
    _printf_s                                0x08000255   Thumb Code     0  _printf_s.o(.ARM.Collect$$_printf_percent$$00000014)
    _printf_percent_end                      0x0800025b   Thumb Code     0  _printf_percent_end.o(.ARM.Collect$$_printf_percent$$00000017)
    __rt_lib_init                            0x0800025f   Thumb Code     0  libinit.o(.ARM.Collect$$libinit$$00000000)
    __rt_lib_init_fp_1                       0x08000261   Thumb Code     0  libinit2.o(.ARM.Collect$$libinit$$00000001)
    __rt_lib_init_alloca_1                   0x08000265   Thumb Code     0  libinit2.o(.ARM.Collect$$libinit$$0000002E)
    __rt_lib_init_argv_1                     0x08000265   Thumb Code     0  libinit2.o(.ARM.Collect$$libinit$$0000002C)
    __rt_lib_init_atexit_1                   0x08000265   Thumb Code     0  libinit2.o(.ARM.Collect$$libinit$$0000001B)
    __rt_lib_init_clock_1                    0x08000265   Thumb Code     0  libinit2.o(.ARM.Collect$$libinit$$00000021)
    __rt_lib_init_cpp_1                      0x08000265   Thumb Code     0  libinit2.o(.ARM.Collect$$libinit$$00000032)
    __rt_lib_init_exceptions_1               0x08000265   Thumb Code     0  libinit2.o(.ARM.Collect$$libinit$$00000030)
    __rt_lib_init_fp_trap_1                  0x08000265   Thumb Code     0  libinit2.o(.ARM.Collect$$libinit$$0000001F)
    __rt_lib_init_getenv_1                   0x08000265   Thumb Code     0  libinit2.o(.ARM.Collect$$libinit$$00000023)
    __rt_lib_init_heap_1                     0x08000265   Thumb Code     0  libinit2.o(.ARM.Collect$$libinit$$0000000A)
    __rt_lib_init_lc_collate_1               0x08000265   Thumb Code     0  libinit2.o(.ARM.Collect$$libinit$$00000011)
    __rt_lib_init_lc_ctype_1                 0x08000265   Thumb Code     0  libinit2.o(.ARM.Collect$$libinit$$00000013)
    __rt_lib_init_lc_monetary_1              0x08000265   Thumb Code     0  libinit2.o(.ARM.Collect$$libinit$$00000015)
    __rt_lib_init_lc_numeric_1               0x08000265   Thumb Code     0  libinit2.o(.ARM.Collect$$libinit$$00000017)
    __rt_lib_init_lc_time_1                  0x08000265   Thumb Code     0  libinit2.o(.ARM.Collect$$libinit$$00000019)
    __rt_lib_init_preinit_1                  0x08000265   Thumb Code     0  libinit2.o(.ARM.Collect$$libinit$$00000004)
    __rt_lib_init_rand_1                     0x08000265   Thumb Code     0  libinit2.o(.ARM.Collect$$libinit$$0000000E)
    __rt_lib_init_return                     0x08000265   Thumb Code     0  libinit2.o(.ARM.Collect$$libinit$$00000033)
    __rt_lib_init_signal_1                   0x08000265   Thumb Code     0  libinit2.o(.ARM.Collect$$libinit$$0000001D)
    __rt_lib_init_stdio_1                    0x08000265   Thumb Code     0  libinit2.o(.ARM.Collect$$libinit$$00000025)
    __rt_lib_init_user_alloc_1               0x08000265   Thumb Code     0  libinit2.o(.ARM.Collect$$libinit$$0000000C)
    __rt_lib_shutdown                        0x08000267   Thumb Code     0  libshutdown.o(.ARM.Collect$$libshutdown$$00000000)
    __rt_lib_shutdown_fp_trap_1              0x08000269   Thumb Code     0  libshutdown2.o(.ARM.Collect$$libshutdown$$00000006)
    __rt_lib_shutdown_heap_1                 0x08000269   Thumb Code     0  libshutdown2.o(.ARM.Collect$$libshutdown$$0000000E)
    __rt_lib_shutdown_return                 0x08000269   Thumb Code     0  libshutdown2.o(.ARM.Collect$$libshutdown$$0000000F)
    __rt_lib_shutdown_signal_1               0x08000269   Thumb Code     0  libshutdown2.o(.ARM.Collect$$libshutdown$$00000009)
    __rt_lib_shutdown_stdio_1                0x08000269   Thumb Code     0  libshutdown2.o(.ARM.Collect$$libshutdown$$00000003)
    __rt_lib_shutdown_user_alloc_1           0x08000269   Thumb Code     0  libshutdown2.o(.ARM.Collect$$libshutdown$$0000000B)
    __rt_entry                               0x0800026b   Thumb Code     0  __rtentry.o(.ARM.Collect$$rtentry$$00000000)
    __rt_entry_presh_1                       0x0800026b   Thumb Code     0  __rtentry2.o(.ARM.Collect$$rtentry$$00000002)
    __rt_entry_sh                            0x0800026b   Thumb Code     0  __rtentry4.o(.ARM.Collect$$rtentry$$00000004)
    __rt_entry_li                            0x08000271   Thumb Code     0  __rtentry2.o(.ARM.Collect$$rtentry$$0000000A)
    __rt_entry_postsh_1                      0x08000271   Thumb Code     0  __rtentry2.o(.ARM.Collect$$rtentry$$00000009)
    __rt_entry_main                          0x08000275   Thumb Code     0  __rtentry2.o(.ARM.Collect$$rtentry$$0000000D)
    __rt_entry_postli_1                      0x08000275   Thumb Code     0  __rtentry2.o(.ARM.Collect$$rtentry$$0000000C)
    __rt_exit                                0x0800027d   Thumb Code     0  rtexit.o(.ARM.Collect$$rtexit$$00000000)
    __rt_exit_ls                             0x0800027f   Thumb Code     0  rtexit2.o(.ARM.Collect$$rtexit$$00000003)
    __rt_exit_prels_1                        0x0800027f   Thumb Code     0  rtexit2.o(.ARM.Collect$$rtexit$$00000002)
    __rt_exit_exit                           0x08000283   Thumb Code     0  rtexit2.o(.ARM.Collect$$rtexit$$00000004)
    Sentdate                                 0x08000289   Thumb Code   126  main.o(.text)
    main                                     0x08000307   Thumb Code  1488  main.o(.text)
    filter                                   0x080008d7   Thumb Code    98  main.o(.text)
    NMI_Handler                              0x0800093d   Thumb Code     2  stm32f4xx_it.o(.text)
    HardFault_Handler                        0x0800093f   Thumb Code     4  stm32f4xx_it.o(.text)
    MemManage_Handler                        0x08000943   Thumb Code     4  stm32f4xx_it.o(.text)
    BusFault_Handler                         0x08000947   Thumb Code     4  stm32f4xx_it.o(.text)
    UsageFault_Handler                       0x0800094b   Thumb Code     4  stm32f4xx_it.o(.text)
    SVC_Handler                              0x0800094f   Thumb Code     2  stm32f4xx_it.o(.text)
    DebugMon_Handler                         0x08000951   Thumb Code     2  stm32f4xx_it.o(.text)
    PendSV_Handler                           0x08000953   Thumb Code     2  stm32f4xx_it.o(.text)
    SysTick_Handler                          0x08000955   Thumb Code     2  stm32f4xx_it.o(.text)
    SystemInit                               0x08000a35   Thumb Code    88  system_stm32f4xx.o(.text)
    SystemCoreClockUpdate                    0x08000a8d   Thumb Code   174  system_stm32f4xx.o(.text)
    LED_Init                                 0x08000b69   Thumb Code    60  led.o(.text)
    KEY_Init                                 0x08000ba9   Thumb Code    60  key.o(.text)
    KEY_Scan                                 0x08000be5   Thumb Code   188  key.o(.text)
    LCD_WR_REG                               0x08000cad   Thumb Code    18  lcd.o(.text)
    LCD_WR_DATA                              0x08000cbf   Thumb Code    20  lcd.o(.text)
    LCD_RD_DATA                              0x08000cd3   Thumb Code    16  lcd.o(.text)
    LCD_WriteReg                             0x08000ce3   Thumb Code    14  lcd.o(.text)
    LCD_ReadReg                              0x08000cf1   Thumb Code    22  lcd.o(.text)
    LCD_WriteRAM_Prepare                     0x08000d07   Thumb Code    10  lcd.o(.text)
    LCD_WriteRAM                             0x08000d11   Thumb Code     8  lcd.o(.text)
    LCD_BGR2RGB                              0x08000d19   Thumb Code    26  lcd.o(.text)
    opt_delay                                0x08000d33   Thumb Code    14  lcd.o(.text)
    LCD_SetCursor                            0x08000d41   Thumb Code   418  lcd.o(.text)
    LCD_ReadPoint                            0x08000ee3   Thumb Code   360  lcd.o(.text)
    LCD_DisplayOn                            0x0800104b   Thumb Code   102  lcd.o(.text)
    LCD_DisplayOff                           0x080010b1   Thumb Code    90  lcd.o(.text)
    LCD_Scan_Dir                             0x0800110b   Thumb Code   744  lcd.o(.text)
    LCD_DrawPoint                            0x080013f3   Thumb Code    28  lcd.o(.text)
    LCD_Fast_DrawPoint                       0x0800140f   Thumb Code   388  lcd.o(.text)
    LCD_SSD_BackLightSet                     0x08001593   Thumb Code    88  lcd.o(.text)
    LCD_Display_Dir                          0x080015eb   Thumb Code   444  lcd.o(.text)
    LCD_Set_Window                           0x080017a7   Thumb Code   546  lcd.o(.text)
    LCD_Clear                                0x080019c9   Thumb Code   100  lcd.o(.text)
    LCD_Init                                 0x08001a2d   Thumb Code 14696  lcd.o(.text)
    LCD_Fill                                 0x08005395   Thumb Code   180  lcd.o(.text)
    LCD_Color_Fill                           0x08005449   Thumb Code   100  lcd.o(.text)
    LCD_DrawLine                             0x080054ad   Thumb Code   176  lcd.o(.text)
    LCD_DrawRectangle                        0x0800555d   Thumb Code    60  lcd.o(.text)
    LCD_Draw_Circle                          0x08005599   Thumb Code   152  lcd.o(.text)
    LCD_ShowChar                             0x08005631   Thumb Code   272  lcd.o(.text)
    LCD_Pow                                  0x08005741   Thumb Code    22  lcd.o(.text)
    LCD_ShowNum                              0x08005757   Thumb Code   148  lcd.o(.text)
    LCD_ShowxNum                             0x080057eb   Thumb Code   220  lcd.o(.text)
    LCD_ShowString                           0x080058c7   Thumb Code   102  lcd.o(.text)
    IIC_Init                                 0x0800592d   Thumb Code    62  myiic.o(.text)
    IIC_Start                                0x0800596b   Thumb Code    68  myiic.o(.text)
    IIC_Stop                                 0x080059af   Thumb Code    62  myiic.o(.text)
    IIC_Wait_Ack                             0x080059ed   Thumb Code    82  myiic.o(.text)
    IIC_Ack                                  0x08005a3f   Thumb Code    66  myiic.o(.text)
    IIC_NAck                                 0x08005a81   Thumb Code    66  myiic.o(.text)
    IIC_Send_Byte                            0x08005ac3   Thumb Code    90  myiic.o(.text)
    IIC_Read_Byte                            0x08005b1d   Thumb Code    94  myiic.o(.text)
    MPU_Write_Byte                           0x08005b89   Thumb Code    68  mpu6050.o(.text)
    MPU_Set_LPF                              0x08005bcd   Thumb Code    58  mpu6050.o(.text)
    MPU_Set_Rate                             0x08005c07   Thumb Code    58  mpu6050.o(.text)
    MPU_Read_Byte                            0x08005c41   Thumb Code    58  mpu6050.o(.text)
    MPU_Set_Accel_Fsr                        0x08005c7b   Thumb Code    16  mpu6050.o(.text)
    MPU_Set_Gyro_Fsr                         0x08005c8b   Thumb Code    16  mpu6050.o(.text)
    MPU_Init                                 0x08005c9b   Thumb Code   122  mpu6050.o(.text)
    MPU_Read_Len                             0x08005d15   Thumb Code   116  mpu6050.o(.text)
    MPU_Get_Temperature                      0x08005d89   Thumb Code   110  mpu6050.o(.text)
    MPU_Get_Gyroscope                        0x08005df7   Thumb Code    80  mpu6050.o(.text)
    MPU_Get_Accelerometer                    0x08005e47   Thumb Code    80  mpu6050.o(.text)
    MPU_Write_Len                            0x08005e97   Thumb Code    96  mpu6050.o(.text)
    mpu_reg_dump                             0x08005f97   Thumb Code    84  inv_mpu.o(.text)
    mpu_read_reg                             0x08005feb   Thumb Code    66  inv_mpu.o(.text)
    mpu_set_int_latched                      0x0800602d   Thumb Code   102  inv_mpu.o(.text)
    mpu_set_sensors                          0x08006093   Thumb Code   202  inv_mpu.o(.text)
    mpu_set_bypass                           0x0800615d   Thumb Code   328  inv_mpu.o(.text)
    mpu_reset_fifo                           0x080062a5   Thumb Code   472  inv_mpu.o(.text)
    mpu_configure_fifo                       0x0800647d   Thumb Code   106  inv_mpu.o(.text)
    mpu_set_lpf                              0x080064e7   Thumb Code   126  inv_mpu.o(.text)
    mpu_lp_accel_mode                        0x08006565   Thumb Code   218  inv_mpu.o(.text)
    mpu_set_sample_rate                      0x0800663f   Thumb Code   152  inv_mpu.o(.text)
    mpu_set_accel_fsr                        0x080066d7   Thumb Code   132  inv_mpu.o(.text)
    mpu_set_gyro_fsr                         0x0800675b   Thumb Code   132  inv_mpu.o(.text)
    mpu_init                                 0x080067df   Thumb Code   416  inv_mpu.o(.text)
    mget_ms                                  0x0800697f   Thumb Code     2  inv_mpu.o(.text)
    mpu_get_gyro_reg                         0x08006981   Thumb Code   110  inv_mpu.o(.text)
    mpu_get_accel_reg                        0x080069ef   Thumb Code   110  inv_mpu.o(.text)
    mpu_get_temperature                      0x08006a5d   Thumb Code   142  inv_mpu.o(.text)
    mpu_set_accel_bias                       0x08006aeb   Thumb Code   472  inv_mpu.o(.text)
    mpu_get_gyro_fsr                         0x08006cc3   Thumb Code    64  inv_mpu.o(.text)
    mpu_get_accel_fsr                        0x08006d03   Thumb Code    72  inv_mpu.o(.text)
    mpu_get_lpf                              0x08006d4b   Thumb Code    74  inv_mpu.o(.text)
    mpu_get_sample_rate                      0x08006d95   Thumb Code    26  inv_mpu.o(.text)
    mpu_get_compass_sample_rate              0x08006daf   Thumb Code    10  inv_mpu.o(.text)
    mpu_set_compass_sample_rate              0x08006db9   Thumb Code     8  inv_mpu.o(.text)
    mpu_get_gyro_sens                        0x08006dc1   Thumb Code    74  inv_mpu.o(.text)
    mpu_get_accel_sens                       0x08006e0b   Thumb Code    78  inv_mpu.o(.text)
    mpu_get_fifo_config                      0x08006e59   Thumb Code    12  inv_mpu.o(.text)
    mpu_get_power_state                      0x08006e65   Thumb Code    22  inv_mpu.o(.text)
    mpu_get_int_status                       0x08006e7b   Thumb Code    64  inv_mpu.o(.text)
    mpu_read_fifo                            0x08006ebb   Thumb Code   520  inv_mpu.o(.text)
    mpu_read_fifo_stream                     0x080070c3   Thumb Code   186  inv_mpu.o(.text)
    mpu_set_int_level                        0x0800717d   Thumb Code    12  inv_mpu.o(.text)
    mpu_set_dmp_state                        0x0800788d   Thumb Code   138  inv_mpu.o(.text)
    mpu_run_self_test                        0x08007917   Thumb Code   278  inv_mpu.o(.text)
    mpu_write_mem                            0x08007a2d   Thumb Code   122  inv_mpu.o(.text)
    mpu_read_mem                             0x08007aa7   Thumb Code   122  inv_mpu.o(.text)
    mpu_load_firmware                        0x08007b21   Thumb Code   190  inv_mpu.o(.text)
    mpu_get_dmp_state                        0x08007bdf   Thumb Code    14  inv_mpu.o(.text)
    setup_compass                            0x08007bed   Thumb Code     6  inv_mpu.o(.text)
    mpu_get_compass_reg                      0x08007bf3   Thumb Code     8  inv_mpu.o(.text)
    mpu_get_compass_fsr                      0x08007bfb   Thumb Code     8  inv_mpu.o(.text)
    mpu_lp_motion_interrupt                  0x08007c03   Thumb Code   512  inv_mpu.o(.text)
    run_self_test                            0x08007e03   Thumb Code   154  inv_mpu.o(.text)
    inv_row_2_scale                          0x08007e9d   Thumb Code    78  inv_mpu.o(.text)
    inv_orientation_matrix_to_scalar         0x08007eeb   Thumb Code    40  inv_mpu.o(.text)
    mpu_dmp_init                             0x08007f13   Thumb Code   160  inv_mpu.o(.text)
    mpu_dmp_get_data                         0x08007fb3   Thumb Code   520  inv_mpu.o(.text)
    dmp_load_motion_driver_firmware          0x080081cd   Thumb Code    20  inv_mpu_dmp_motion_driver.o(.text)
    dmp_set_orientation                      0x080081e1   Thumb Code   290  inv_mpu_dmp_motion_driver.o(.text)
    dmp_set_gyro_bias                        0x08008303   Thumb Code   294  inv_mpu_dmp_motion_driver.o(.text)
    dmp_set_accel_bias                       0x08008429   Thumb Code   300  inv_mpu_dmp_motion_driver.o(.text)
    dmp_set_fifo_rate                        0x08008555   Thumb Code   136  inv_mpu_dmp_motion_driver.o(.text)
    dmp_get_fifo_rate                        0x080085dd   Thumb Code    12  inv_mpu_dmp_motion_driver.o(.text)
    dmp_set_tap_thresh                       0x080085e9   Thumb Code   412  inv_mpu_dmp_motion_driver.o(.text)
    dmp_set_tap_axes                         0x08008785   Thumb Code    70  inv_mpu_dmp_motion_driver.o(.text)
    dmp_set_tap_count                        0x080087cb   Thumb Code    38  inv_mpu_dmp_motion_driver.o(.text)
    dmp_set_tap_time                         0x080087f1   Thumb Code    38  inv_mpu_dmp_motion_driver.o(.text)
    dmp_set_tap_time_multi                   0x08008817   Thumb Code    38  inv_mpu_dmp_motion_driver.o(.text)
    dmp_set_shake_reject_thresh              0x0800883d   Thumb Code    56  inv_mpu_dmp_motion_driver.o(.text)
    dmp_set_shake_reject_time                0x08008875   Thumb Code    38  inv_mpu_dmp_motion_driver.o(.text)
    dmp_set_shake_reject_timeout             0x0800889b   Thumb Code    38  inv_mpu_dmp_motion_driver.o(.text)
    dmp_get_pedometer_step_count             0x080088c1   Thumb Code    66  inv_mpu_dmp_motion_driver.o(.text)
    dmp_set_pedometer_step_count             0x08008903   Thumb Code    42  inv_mpu_dmp_motion_driver.o(.text)
    dmp_get_pedometer_walk_time              0x0800892d   Thumb Code    72  inv_mpu_dmp_motion_driver.o(.text)
    dmp_set_pedometer_walk_time              0x08008975   Thumb Code    48  inv_mpu_dmp_motion_driver.o(.text)
    dmp_enable_6x_lp_quat                    0x080089a5   Thumb Code   100  inv_mpu_dmp_motion_driver.o(.text)
    dmp_enable_lp_quat                       0x08008a09   Thumb Code    60  inv_mpu_dmp_motion_driver.o(.text)
    dmp_enable_gyro_cal                      0x08008a45   Thumb Code    62  inv_mpu_dmp_motion_driver.o(.text)
    dmp_enable_feature                       0x08008a83   Thumb Code   530  inv_mpu_dmp_motion_driver.o(.text)
    dmp_get_enabled_features                 0x08008c95   Thumb Code    12  inv_mpu_dmp_motion_driver.o(.text)
    dmp_set_interrupt_mode                   0x08008cff   Thumb Code    66  inv_mpu_dmp_motion_driver.o(.text)
    dmp_read_fifo                            0x08008d41   Thumb Code   514  inv_mpu_dmp_motion_driver.o(.text)
    dmp_register_tap_cb                      0x08008f43   Thumb Code    10  inv_mpu_dmp_motion_driver.o(.text)
    dmp_register_android_orient_cb           0x08008f4d   Thumb Code    10  inv_mpu_dmp_motion_driver.o(.text)
    NRF24L01_SPI_Init                        0x08008f5d   Thumb Code    86  24l01.o(.text)
    NRF24L01_Init                            0x08008fb3   Thumb Code   144  24l01.o(.text)
    NRF24L01_Read_Buf                        0x08009043   Thumb Code    60  24l01.o(.text)
    NRF24L01_Write_Buf                       0x0800907f   Thumb Code    60  24l01.o(.text)
    NRF24L01_Check                           0x080090bb   Thumb Code    72  24l01.o(.text)
    NRF24L01_Write_Reg                       0x08009103   Thumb Code    40  24l01.o(.text)
    NRF24L01_Read_Reg                        0x0800912b   Thumb Code    38  24l01.o(.text)
    NRF24L01_TxPacket                        0x08009151   Thumb Code    94  24l01.o(.text)
    NRF24L01_RxPacket                        0x080091af   Thumb Code    58  24l01.o(.text)
    NRF24L01_RX_Mode                         0x080091e9   Thumb Code    76  24l01.o(.text)
    NRF24L01_TX_Mode                         0x08009235   Thumb Code    86  24l01.o(.text)
    SPI1_ReadWriteByte                       0x080092b1   Thumb Code    50  spi.o(.text)
    SPI1_Init                                0x080092e3   Thumb Code   186  spi.o(.text)
    SPI1_SetSpeed                            0x0800939d   Thumb Code    36  spi.o(.text)
    delay_init                               0x080093c9   Thumb Code    52  delay.o(.text)
    delay_us                                 0x080093fd   Thumb Code    72  delay.o(.text)
    delay_xms                                0x08009445   Thumb Code    72  delay.o(.text)
    delay_ms                                 0x0800948d   Thumb Code    56  delay.o(.text)
    _sys_exit                                0x080094cd   Thumb Code     6  usart.o(.text)
    fputc                                    0x080094d3   Thumb Code    22  usart.o(.text)
    uart_init                                0x080094e9   Thumb Code   164  usart.o(.text)
    USART1_IRQHandler                        0x0800958d   Thumb Code   122  usart.o(.text)
    Reset_Handler                            0x08009619   Thumb Code     8  startup_stm32f40_41xxx.o(.text)
    ADC_IRQHandler                           0x08009633   Thumb Code     0  startup_stm32f40_41xxx.o(.text)
    CAN1_RX0_IRQHandler                      0x08009633   Thumb Code     0  startup_stm32f40_41xxx.o(.text)
    CAN1_RX1_IRQHandler                      0x08009633   Thumb Code     0  startup_stm32f40_41xxx.o(.text)
    CAN1_SCE_IRQHandler                      0x08009633   Thumb Code     0  startup_stm32f40_41xxx.o(.text)
    CAN1_TX_IRQHandler                       0x08009633   Thumb Code     0  startup_stm32f40_41xxx.o(.text)
    CAN2_RX0_IRQHandler                      0x08009633   Thumb Code     0  startup_stm32f40_41xxx.o(.text)
    CAN2_RX1_IRQHandler                      0x08009633   Thumb Code     0  startup_stm32f40_41xxx.o(.text)
    CAN2_SCE_IRQHandler                      0x08009633   Thumb Code     0  startup_stm32f40_41xxx.o(.text)
    CAN2_TX_IRQHandler                       0x08009633   Thumb Code     0  startup_stm32f40_41xxx.o(.text)
    CRYP_IRQHandler                          0x08009633   Thumb Code     0  startup_stm32f40_41xxx.o(.text)
    DCMI_IRQHandler                          0x08009633   Thumb Code     0  startup_stm32f40_41xxx.o(.text)
    DMA1_Stream0_IRQHandler                  0x08009633   Thumb Code     0  startup_stm32f40_41xxx.o(.text)
    DMA1_Stream1_IRQHandler                  0x08009633   Thumb Code     0  startup_stm32f40_41xxx.o(.text)
    DMA1_Stream2_IRQHandler                  0x08009633   Thumb Code     0  startup_stm32f40_41xxx.o(.text)
    DMA1_Stream3_IRQHandler                  0x08009633   Thumb Code     0  startup_stm32f40_41xxx.o(.text)
    DMA1_Stream4_IRQHandler                  0x08009633   Thumb Code     0  startup_stm32f40_41xxx.o(.text)
    DMA1_Stream5_IRQHandler                  0x08009633   Thumb Code     0  startup_stm32f40_41xxx.o(.text)
    DMA1_Stream6_IRQHandler                  0x08009633   Thumb Code     0  startup_stm32f40_41xxx.o(.text)
    DMA1_Stream7_IRQHandler                  0x08009633   Thumb Code     0  startup_stm32f40_41xxx.o(.text)
    DMA2_Stream0_IRQHandler                  0x08009633   Thumb Code     0  startup_stm32f40_41xxx.o(.text)
    DMA2_Stream1_IRQHandler                  0x08009633   Thumb Code     0  startup_stm32f40_41xxx.o(.text)
    DMA2_Stream2_IRQHandler                  0x08009633   Thumb Code     0  startup_stm32f40_41xxx.o(.text)
    DMA2_Stream3_IRQHandler                  0x08009633   Thumb Code     0  startup_stm32f40_41xxx.o(.text)
    DMA2_Stream4_IRQHandler                  0x08009633   Thumb Code     0  startup_stm32f40_41xxx.o(.text)
    DMA2_Stream5_IRQHandler                  0x08009633   Thumb Code     0  startup_stm32f40_41xxx.o(.text)
    DMA2_Stream6_IRQHandler                  0x08009633   Thumb Code     0  startup_stm32f40_41xxx.o(.text)
    DMA2_Stream7_IRQHandler                  0x08009633   Thumb Code     0  startup_stm32f40_41xxx.o(.text)
    ETH_IRQHandler                           0x08009633   Thumb Code     0  startup_stm32f40_41xxx.o(.text)
    ETH_WKUP_IRQHandler                      0x08009633   Thumb Code     0  startup_stm32f40_41xxx.o(.text)
    EXTI0_IRQHandler                         0x08009633   Thumb Code     0  startup_stm32f40_41xxx.o(.text)
    EXTI15_10_IRQHandler                     0x08009633   Thumb Code     0  startup_stm32f40_41xxx.o(.text)
    EXTI1_IRQHandler                         0x08009633   Thumb Code     0  startup_stm32f40_41xxx.o(.text)
    EXTI2_IRQHandler                         0x08009633   Thumb Code     0  startup_stm32f40_41xxx.o(.text)
    EXTI3_IRQHandler                         0x08009633   Thumb Code     0  startup_stm32f40_41xxx.o(.text)
    EXTI4_IRQHandler                         0x08009633   Thumb Code     0  startup_stm32f40_41xxx.o(.text)
    EXTI9_5_IRQHandler                       0x08009633   Thumb Code     0  startup_stm32f40_41xxx.o(.text)
    FLASH_IRQHandler                         0x08009633   Thumb Code     0  startup_stm32f40_41xxx.o(.text)
    FPU_IRQHandler                           0x08009633   Thumb Code     0  startup_stm32f40_41xxx.o(.text)
    FSMC_IRQHandler                          0x08009633   Thumb Code     0  startup_stm32f40_41xxx.o(.text)
    HASH_RNG_IRQHandler                      0x08009633   Thumb Code     0  startup_stm32f40_41xxx.o(.text)
    I2C1_ER_IRQHandler                       0x08009633   Thumb Code     0  startup_stm32f40_41xxx.o(.text)
    I2C1_EV_IRQHandler                       0x08009633   Thumb Code     0  startup_stm32f40_41xxx.o(.text)
    I2C2_ER_IRQHandler                       0x08009633   Thumb Code     0  startup_stm32f40_41xxx.o(.text)
    I2C2_EV_IRQHandler                       0x08009633   Thumb Code     0  startup_stm32f40_41xxx.o(.text)
    I2C3_ER_IRQHandler                       0x08009633   Thumb Code     0  startup_stm32f40_41xxx.o(.text)
    I2C3_EV_IRQHandler                       0x08009633   Thumb Code     0  startup_stm32f40_41xxx.o(.text)
    OTG_FS_IRQHandler                        0x08009633   Thumb Code     0  startup_stm32f40_41xxx.o(.text)
    OTG_FS_WKUP_IRQHandler                   0x08009633   Thumb Code     0  startup_stm32f40_41xxx.o(.text)
    OTG_HS_EP1_IN_IRQHandler                 0x08009633   Thumb Code     0  startup_stm32f40_41xxx.o(.text)
    OTG_HS_EP1_OUT_IRQHandler                0x08009633   Thumb Code     0  startup_stm32f40_41xxx.o(.text)
    OTG_HS_IRQHandler                        0x08009633   Thumb Code     0  startup_stm32f40_41xxx.o(.text)
    OTG_HS_WKUP_IRQHandler                   0x08009633   Thumb Code     0  startup_stm32f40_41xxx.o(.text)
    PVD_IRQHandler                           0x08009633   Thumb Code     0  startup_stm32f40_41xxx.o(.text)
    RCC_IRQHandler                           0x08009633   Thumb Code     0  startup_stm32f40_41xxx.o(.text)
    RTC_Alarm_IRQHandler                     0x08009633   Thumb Code     0  startup_stm32f40_41xxx.o(.text)
    RTC_WKUP_IRQHandler                      0x08009633   Thumb Code     0  startup_stm32f40_41xxx.o(.text)
    SDIO_IRQHandler                          0x08009633   Thumb Code     0  startup_stm32f40_41xxx.o(.text)
    SPI1_IRQHandler                          0x08009633   Thumb Code     0  startup_stm32f40_41xxx.o(.text)
    SPI2_IRQHandler                          0x08009633   Thumb Code     0  startup_stm32f40_41xxx.o(.text)
    SPI3_IRQHandler                          0x08009633   Thumb Code     0  startup_stm32f40_41xxx.o(.text)
    TAMP_STAMP_IRQHandler                    0x08009633   Thumb Code     0  startup_stm32f40_41xxx.o(.text)
    TIM1_BRK_TIM9_IRQHandler                 0x08009633   Thumb Code     0  startup_stm32f40_41xxx.o(.text)
    TIM1_CC_IRQHandler                       0x08009633   Thumb Code     0  startup_stm32f40_41xxx.o(.text)
    TIM1_TRG_COM_TIM11_IRQHandler            0x08009633   Thumb Code     0  startup_stm32f40_41xxx.o(.text)
    TIM1_UP_TIM10_IRQHandler                 0x08009633   Thumb Code     0  startup_stm32f40_41xxx.o(.text)
    TIM2_IRQHandler                          0x08009633   Thumb Code     0  startup_stm32f40_41xxx.o(.text)
    TIM3_IRQHandler                          0x08009633   Thumb Code     0  startup_stm32f40_41xxx.o(.text)
    TIM5_IRQHandler                          0x08009633   Thumb Code     0  startup_stm32f40_41xxx.o(.text)
    TIM6_DAC_IRQHandler                      0x08009633   Thumb Code     0  startup_stm32f40_41xxx.o(.text)
    TIM7_IRQHandler                          0x08009633   Thumb Code     0  startup_stm32f40_41xxx.o(.text)
    TIM8_BRK_TIM12_IRQHandler                0x08009633   Thumb Code     0  startup_stm32f40_41xxx.o(.text)
    TIM8_CC_IRQHandler                       0x08009633   Thumb Code     0  startup_stm32f40_41xxx.o(.text)
    TIM8_TRG_COM_TIM14_IRQHandler            0x08009633   Thumb Code     0  startup_stm32f40_41xxx.o(.text)
    TIM8_UP_TIM13_IRQHandler                 0x08009633   Thumb Code     0  startup_stm32f40_41xxx.o(.text)
    UART4_IRQHandler                         0x08009633   Thumb Code     0  startup_stm32f40_41xxx.o(.text)
    UART5_IRQHandler                         0x08009633   Thumb Code     0  startup_stm32f40_41xxx.o(.text)
    USART2_IRQHandler                        0x08009633   Thumb Code     0  startup_stm32f40_41xxx.o(.text)
    USART3_IRQHandler                        0x08009633   Thumb Code     0  startup_stm32f40_41xxx.o(.text)
    USART6_IRQHandler                        0x08009633   Thumb Code     0  startup_stm32f40_41xxx.o(.text)
    WWDG_IRQHandler                          0x08009633   Thumb Code     0  startup_stm32f40_41xxx.o(.text)
    __user_initial_stackheap                 0x08009635   Thumb Code     0  startup_stm32f40_41xxx.o(.text)
    NVIC_PriorityGroupConfig                 0x08009659   Thumb Code    10  misc.o(.text)
    NVIC_Init                                0x08009663   Thumb Code   106  misc.o(.text)
    NVIC_SetVectorTable                      0x080096cd   Thumb Code    14  misc.o(.text)
    NVIC_SystemLPConfig                      0x080096db   Thumb Code    34  misc.o(.text)
    SysTick_CLKSourceConfig                  0x080096fd   Thumb Code    40  misc.o(.text)
    FSMC_NORSRAMDeInit                       0x08009739   Thumb Code    54  stm32f4xx_fsmc.o(.text)
    FSMC_NORSRAMInit                         0x0800976f   Thumb Code   230  stm32f4xx_fsmc.o(.text)
    FSMC_NORSRAMStructInit                   0x08009855   Thumb Code    48  stm32f4xx_fsmc.o(.text)
    FSMC_NORSRAMCmd                          0x08009885   Thumb Code    46  stm32f4xx_fsmc.o(.text)
    FSMC_NANDDeInit                          0x080098b3   Thumb Code    62  stm32f4xx_fsmc.o(.text)
    FSMC_NANDInit                            0x080098f1   Thumb Code   132  stm32f4xx_fsmc.o(.text)
    FSMC_NANDStructInit                      0x08009975   Thumb Code    54  stm32f4xx_fsmc.o(.text)
    FSMC_NANDCmd                             0x080099ab   Thumb Code    86  stm32f4xx_fsmc.o(.text)
    FSMC_NANDECCCmd                          0x08009a01   Thumb Code    86  stm32f4xx_fsmc.o(.text)
    FSMC_GetECC                              0x08009a57   Thumb Code    24  stm32f4xx_fsmc.o(.text)
    FSMC_PCCARDDeInit                        0x08009a6f   Thumb Code    36  stm32f4xx_fsmc.o(.text)
    FSMC_PCCARDInit                          0x08009a93   Thumb Code   130  stm32f4xx_fsmc.o(.text)
    FSMC_PCCARDStructInit                    0x08009b15   Thumb Code    60  stm32f4xx_fsmc.o(.text)
    FSMC_PCCARDCmd                           0x08009b51   Thumb Code    44  stm32f4xx_fsmc.o(.text)
    FSMC_ITConfig                            0x08009b7d   Thumb Code   128  stm32f4xx_fsmc.o(.text)
    FSMC_GetFlagStatus                       0x08009bfd   Thumb Code    54  stm32f4xx_fsmc.o(.text)
    FSMC_ClearFlag                           0x08009c33   Thumb Code    74  stm32f4xx_fsmc.o(.text)
    FSMC_GetITStatus                         0x08009c7d   Thumb Code    62  stm32f4xx_fsmc.o(.text)
    FSMC_ClearITPendingBit                   0x08009cbb   Thumb Code    66  stm32f4xx_fsmc.o(.text)
    GPIO_DeInit                              0x08009d01   Thumb Code   268  stm32f4xx_gpio.o(.text)
    GPIO_Init                                0x08009e0d   Thumb Code   144  stm32f4xx_gpio.o(.text)
    GPIO_StructInit                          0x08009e9d   Thumb Code    18  stm32f4xx_gpio.o(.text)
    GPIO_PinLockConfig                       0x08009eaf   Thumb Code    34  stm32f4xx_gpio.o(.text)
    GPIO_ReadInputDataBit                    0x08009ed1   Thumb Code    18  stm32f4xx_gpio.o(.text)
    GPIO_ReadInputData                       0x08009ee3   Thumb Code     8  stm32f4xx_gpio.o(.text)
    GPIO_ReadOutputDataBit                   0x08009eeb   Thumb Code    18  stm32f4xx_gpio.o(.text)
    GPIO_ReadOutputData                      0x08009efd   Thumb Code     8  stm32f4xx_gpio.o(.text)
    GPIO_SetBits                             0x08009f05   Thumb Code     4  stm32f4xx_gpio.o(.text)
    GPIO_ResetBits                           0x08009f09   Thumb Code     4  stm32f4xx_gpio.o(.text)
    GPIO_WriteBit                            0x08009f0d   Thumb Code    10  stm32f4xx_gpio.o(.text)
    GPIO_Write                               0x08009f17   Thumb Code     4  stm32f4xx_gpio.o(.text)
    GPIO_ToggleBits                          0x08009f1b   Thumb Code     8  stm32f4xx_gpio.o(.text)
    GPIO_PinAFConfig                         0x08009f23   Thumb Code    70  stm32f4xx_gpio.o(.text)
    RCC_DeInit                               0x08009f95   Thumb Code    82  stm32f4xx_rcc.o(.text)
    RCC_HSEConfig                            0x08009fe7   Thumb Code    14  stm32f4xx_rcc.o(.text)
    RCC_GetFlagStatus                        0x08009ff5   Thumb Code    60  stm32f4xx_rcc.o(.text)
    RCC_WaitForHSEStartUp                    0x0800a031   Thumb Code    56  stm32f4xx_rcc.o(.text)
    RCC_AdjustHSICalibrationValue            0x0800a069   Thumb Code    20  stm32f4xx_rcc.o(.text)
    RCC_HSICmd                               0x0800a07d   Thumb Code     6  stm32f4xx_rcc.o(.text)
    RCC_LSEConfig                            0x0800a083   Thumb Code    46  stm32f4xx_rcc.o(.text)
    RCC_LSICmd                               0x0800a0b1   Thumb Code     6  stm32f4xx_rcc.o(.text)
    RCC_PLLConfig                            0x0800a0b7   Thumb Code    32  stm32f4xx_rcc.o(.text)
    RCC_PLLCmd                               0x0800a0d7   Thumb Code     6  stm32f4xx_rcc.o(.text)
    RCC_PLLI2SConfig                         0x0800a0dd   Thumb Code    14  stm32f4xx_rcc.o(.text)
    RCC_PLLI2SCmd                            0x0800a0eb   Thumb Code     6  stm32f4xx_rcc.o(.text)
    RCC_PLLSAIConfig                         0x0800a0f1   Thumb Code    20  stm32f4xx_rcc.o(.text)
    RCC_PLLSAICmd                            0x0800a105   Thumb Code     6  stm32f4xx_rcc.o(.text)
    RCC_ClockSecuritySystemCmd               0x0800a10b   Thumb Code     6  stm32f4xx_rcc.o(.text)
    RCC_MCO1Config                           0x0800a111   Thumb Code    28  stm32f4xx_rcc.o(.text)
    RCC_MCO2Config                           0x0800a12d   Thumb Code    28  stm32f4xx_rcc.o(.text)
    RCC_SYSCLKConfig                         0x0800a149   Thumb Code    20  stm32f4xx_rcc.o(.text)
    RCC_GetSYSCLKSource                      0x0800a15d   Thumb Code    12  stm32f4xx_rcc.o(.text)
    RCC_HCLKConfig                           0x0800a169   Thumb Code    20  stm32f4xx_rcc.o(.text)
    RCC_PCLK1Config                          0x0800a17d   Thumb Code    20  stm32f4xx_rcc.o(.text)
    RCC_PCLK2Config                          0x0800a191   Thumb Code    22  stm32f4xx_rcc.o(.text)
    RCC_GetClocksFreq                        0x0800a1a7   Thumb Code   222  stm32f4xx_rcc.o(.text)
    RCC_RTCCLKConfig                         0x0800a285   Thumb Code    54  stm32f4xx_rcc.o(.text)
    RCC_RTCCLKCmd                            0x0800a2bb   Thumb Code     8  stm32f4xx_rcc.o(.text)
    RCC_BackupResetCmd                       0x0800a2c3   Thumb Code     8  stm32f4xx_rcc.o(.text)
    RCC_I2SCLKConfig                         0x0800a2cb   Thumb Code     6  stm32f4xx_rcc.o(.text)
    RCC_SAIPLLI2SClkDivConfig                0x0800a2d1   Thumb Code    26  stm32f4xx_rcc.o(.text)
    RCC_SAIPLLSAIClkDivConfig                0x0800a2eb   Thumb Code    28  stm32f4xx_rcc.o(.text)
    RCC_SAIBlockACLKConfig                   0x0800a307   Thumb Code    20  stm32f4xx_rcc.o(.text)
    RCC_SAIBlockBCLKConfig                   0x0800a31b   Thumb Code    20  stm32f4xx_rcc.o(.text)
    RCC_LTDCCLKDivConfig                     0x0800a32f   Thumb Code    20  stm32f4xx_rcc.o(.text)
    RCC_TIMCLKPresConfig                     0x0800a343   Thumb Code     6  stm32f4xx_rcc.o(.text)
    RCC_AHB1PeriphClockCmd                   0x0800a349   Thumb Code    34  stm32f4xx_rcc.o(.text)
    RCC_AHB2PeriphClockCmd                   0x0800a36b   Thumb Code    78  stm32f4xx_rcc.o(.text)
    RCC_AHB3PeriphClockCmd                   0x0800a3b9   Thumb Code    34  stm32f4xx_rcc.o(.text)
    RCC_APB1PeriphClockCmd                   0x0800a3db   Thumb Code    34  stm32f4xx_rcc.o(.text)
    RCC_APB2PeriphClockCmd                   0x0800a3fd   Thumb Code    34  stm32f4xx_rcc.o(.text)
    RCC_AHB1PeriphResetCmd                   0x0800a41f   Thumb Code    34  stm32f4xx_rcc.o(.text)
    RCC_AHB2PeriphResetCmd                   0x0800a441   Thumb Code    34  stm32f4xx_rcc.o(.text)
    RCC_AHB3PeriphResetCmd                   0x0800a463   Thumb Code    34  stm32f4xx_rcc.o(.text)
    RCC_APB1PeriphResetCmd                   0x0800a485   Thumb Code    34  stm32f4xx_rcc.o(.text)
    RCC_APB2PeriphResetCmd                   0x0800a4a7   Thumb Code    34  stm32f4xx_rcc.o(.text)
    RCC_AHB1PeriphClockLPModeCmd             0x0800a4c9   Thumb Code    34  stm32f4xx_rcc.o(.text)
    RCC_AHB2PeriphClockLPModeCmd             0x0800a4eb   Thumb Code    34  stm32f4xx_rcc.o(.text)
    RCC_AHB3PeriphClockLPModeCmd             0x0800a50d   Thumb Code    34  stm32f4xx_rcc.o(.text)
    RCC_APB1PeriphClockLPModeCmd             0x0800a52f   Thumb Code    34  stm32f4xx_rcc.o(.text)
    RCC_APB2PeriphClockLPModeCmd             0x0800a551   Thumb Code    34  stm32f4xx_rcc.o(.text)
    RCC_LSEModeConfig                        0x0800a573   Thumb Code    40  stm32f4xx_rcc.o(.text)
    RCC_ITConfig                             0x0800a59b   Thumb Code    34  stm32f4xx_rcc.o(.text)
    RCC_ClearFlag                            0x0800a5bd   Thumb Code    18  stm32f4xx_rcc.o(.text)
    RCC_GetITStatus                          0x0800a5cf   Thumb Code    22  stm32f4xx_rcc.o(.text)
    RCC_ClearITPendingBit                    0x0800a5e5   Thumb Code     8  stm32f4xx_rcc.o(.text)
    USART_DeInit                             0x0800a5f1   Thumb Code   206  stm32f4xx_usart.o(.text)
    USART_Init                               0x0800a6bf   Thumb Code   204  stm32f4xx_usart.o(.text)
    USART_StructInit                         0x0800a78b   Thumb Code    24  stm32f4xx_usart.o(.text)
    USART_ClockInit                          0x0800a7a3   Thumb Code    32  stm32f4xx_usart.o(.text)
    USART_ClockStructInit                    0x0800a7c3   Thumb Code    12  stm32f4xx_usart.o(.text)
    USART_Cmd                                0x0800a7cf   Thumb Code    24  stm32f4xx_usart.o(.text)
    USART_SetPrescaler                       0x0800a7e7   Thumb Code    16  stm32f4xx_usart.o(.text)
    USART_OverSampling8Cmd                   0x0800a7f7   Thumb Code    22  stm32f4xx_usart.o(.text)
    USART_OneBitMethodCmd                    0x0800a80d   Thumb Code    24  stm32f4xx_usart.o(.text)
    USART_SendData                           0x0800a825   Thumb Code     8  stm32f4xx_usart.o(.text)
    USART_ReceiveData                        0x0800a82d   Thumb Code    10  stm32f4xx_usart.o(.text)
    USART_SetAddress                         0x0800a837   Thumb Code    18  stm32f4xx_usart.o(.text)
    USART_ReceiverWakeUpCmd                  0x0800a849   Thumb Code    24  stm32f4xx_usart.o(.text)
    USART_WakeUpConfig                       0x0800a861   Thumb Code    18  stm32f4xx_usart.o(.text)
    USART_LINBreakDetectLengthConfig         0x0800a873   Thumb Code    18  stm32f4xx_usart.o(.text)
    USART_LINCmd                             0x0800a885   Thumb Code    24  stm32f4xx_usart.o(.text)
    USART_SendBreak                          0x0800a89d   Thumb Code    10  stm32f4xx_usart.o(.text)
    USART_HalfDuplexCmd                      0x0800a8a7   Thumb Code    24  stm32f4xx_usart.o(.text)
    USART_SetGuardTime                       0x0800a8bf   Thumb Code    16  stm32f4xx_usart.o(.text)
    USART_SmartCardCmd                       0x0800a8cf   Thumb Code    24  stm32f4xx_usart.o(.text)
    USART_SmartCardNACKCmd                   0x0800a8e7   Thumb Code    24  stm32f4xx_usart.o(.text)
    USART_IrDAConfig                         0x0800a8ff   Thumb Code    18  stm32f4xx_usart.o(.text)
    USART_IrDACmd                            0x0800a911   Thumb Code    24  stm32f4xx_usart.o(.text)
    USART_DMACmd                             0x0800a929   Thumb Code    18  stm32f4xx_usart.o(.text)
    USART_ITConfig                           0x0800a93b   Thumb Code    74  stm32f4xx_usart.o(.text)
    USART_GetFlagStatus                      0x0800a985   Thumb Code    26  stm32f4xx_usart.o(.text)
    USART_ClearFlag                          0x0800a99f   Thumb Code    18  stm32f4xx_usart.o(.text)
    USART_GetITStatus                        0x0800a9b1   Thumb Code   118  stm32f4xx_usart.o(.text)
    USART_ClearITPendingBit                  0x0800aa27   Thumb Code    30  stm32f4xx_usart.o(.text)
    TIM_DeInit                               0x0800aa45   Thumb Code   346  stm32f4xx_tim.o(.text)
    TIM_TimeBaseInit                         0x0800ab9f   Thumb Code   104  stm32f4xx_tim.o(.text)
    TIM_TimeBaseStructInit                   0x0800ac07   Thumb Code    18  stm32f4xx_tim.o(.text)
    TIM_PrescalerConfig                      0x0800ac19   Thumb Code     6  stm32f4xx_tim.o(.text)
    TIM_CounterModeConfig                    0x0800ac1f   Thumb Code    18  stm32f4xx_tim.o(.text)
    TIM_SetCounter                           0x0800ac31   Thumb Code     4  stm32f4xx_tim.o(.text)
    TIM_SetAutoreload                        0x0800ac35   Thumb Code     4  stm32f4xx_tim.o(.text)
    TIM_GetCounter                           0x0800ac39   Thumb Code     6  stm32f4xx_tim.o(.text)
    TIM_GetPrescaler                         0x0800ac3f   Thumb Code     6  stm32f4xx_tim.o(.text)
    TIM_UpdateDisableConfig                  0x0800ac45   Thumb Code    24  stm32f4xx_tim.o(.text)
    TIM_UpdateRequestConfig                  0x0800ac5d   Thumb Code    24  stm32f4xx_tim.o(.text)
    TIM_ARRPreloadConfig                     0x0800ac75   Thumb Code    24  stm32f4xx_tim.o(.text)
    TIM_SelectOnePulseMode                   0x0800ac8d   Thumb Code    18  stm32f4xx_tim.o(.text)
    TIM_SetClockDivision                     0x0800ac9f   Thumb Code    18  stm32f4xx_tim.o(.text)
    TIM_Cmd                                  0x0800acb1   Thumb Code    24  stm32f4xx_tim.o(.text)
    TIM_OC1Init                              0x0800acc9   Thumb Code   114  stm32f4xx_tim.o(.text)
    TIM_OC2Init                              0x0800ad3b   Thumb Code   154  stm32f4xx_tim.o(.text)
    TIM_OC3Init                              0x0800add5   Thumb Code   204  stm32f4xx_tim.o(.text)
    TIM_OC4Init                              0x0800aea1   Thumb Code   112  stm32f4xx_tim.o(.text)
    TIM_OCStructInit                         0x0800af11   Thumb Code    20  stm32f4xx_tim.o(.text)
    TIM_SelectOCxM                           0x0800af25   Thumb Code    86  stm32f4xx_tim.o(.text)
    TIM_SetCompare1                          0x0800af7b   Thumb Code     4  stm32f4xx_tim.o(.text)
    TIM_SetCompare2                          0x0800af7f   Thumb Code     4  stm32f4xx_tim.o(.text)
    TIM_SetCompare3                          0x0800af83   Thumb Code     4  stm32f4xx_tim.o(.text)
    TIM_SetCompare4                          0x0800af87   Thumb Code     4  stm32f4xx_tim.o(.text)
    TIM_ForcedOC1Config                      0x0800af8b   Thumb Code    18  stm32f4xx_tim.o(.text)
    TIM_ForcedOC2Config                      0x0800af9d   Thumb Code    26  stm32f4xx_tim.o(.text)
    TIM_ForcedOC3Config                      0x0800afb7   Thumb Code    18  stm32f4xx_tim.o(.text)
    TIM_ForcedOC4Config                      0x0800afc9   Thumb Code    26  stm32f4xx_tim.o(.text)
    TIM_OC1PreloadConfig                     0x0800afe3   Thumb Code    18  stm32f4xx_tim.o(.text)
    TIM_OC2PreloadConfig                     0x0800aff5   Thumb Code    26  stm32f4xx_tim.o(.text)
    TIM_OC3PreloadConfig                     0x0800b00f   Thumb Code    18  stm32f4xx_tim.o(.text)
    TIM_OC4PreloadConfig                     0x0800b021   Thumb Code    26  stm32f4xx_tim.o(.text)
    TIM_OC1FastConfig                        0x0800b03b   Thumb Code    18  stm32f4xx_tim.o(.text)
    TIM_OC2FastConfig                        0x0800b04d   Thumb Code    26  stm32f4xx_tim.o(.text)
    TIM_OC3FastConfig                        0x0800b067   Thumb Code    18  stm32f4xx_tim.o(.text)
    TIM_OC4FastConfig                        0x0800b079   Thumb Code    26  stm32f4xx_tim.o(.text)
    TIM_ClearOC1Ref                          0x0800b093   Thumb Code    18  stm32f4xx_tim.o(.text)
    TIM_ClearOC2Ref                          0x0800b0a5   Thumb Code    24  stm32f4xx_tim.o(.text)
    TIM_ClearOC3Ref                          0x0800b0bd   Thumb Code    18  stm32f4xx_tim.o(.text)
    TIM_ClearOC4Ref                          0x0800b0cf   Thumb Code    24  stm32f4xx_tim.o(.text)
    TIM_OC1PolarityConfig                    0x0800b0e7   Thumb Code    18  stm32f4xx_tim.o(.text)
    TIM_OC1NPolarityConfig                   0x0800b0f9   Thumb Code    18  stm32f4xx_tim.o(.text)
    TIM_OC2PolarityConfig                    0x0800b10b   Thumb Code    26  stm32f4xx_tim.o(.text)
    TIM_OC2NPolarityConfig                   0x0800b125   Thumb Code    26  stm32f4xx_tim.o(.text)
    TIM_OC3PolarityConfig                    0x0800b13f   Thumb Code    26  stm32f4xx_tim.o(.text)
    TIM_OC3NPolarityConfig                   0x0800b159   Thumb Code    26  stm32f4xx_tim.o(.text)
    TIM_OC4PolarityConfig                    0x0800b173   Thumb Code    26  stm32f4xx_tim.o(.text)
    TIM_CCxCmd                               0x0800b18d   Thumb Code    30  stm32f4xx_tim.o(.text)
    TIM_CCxNCmd                              0x0800b1ab   Thumb Code    30  stm32f4xx_tim.o(.text)
    TIM_SetIC4Prescaler                      0x0800b1c9   Thumb Code    26  stm32f4xx_tim.o(.text)
    TIM_SetIC3Prescaler                      0x0800b233   Thumb Code    18  stm32f4xx_tim.o(.text)
    TIM_SetIC2Prescaler                      0x0800b28d   Thumb Code    26  stm32f4xx_tim.o(.text)
    TIM_SetIC1Prescaler                      0x0800b301   Thumb Code    18  stm32f4xx_tim.o(.text)
    TIM_ICInit                               0x0800b34d   Thumb Code   110  stm32f4xx_tim.o(.text)
    TIM_ICStructInit                         0x0800b3bb   Thumb Code    18  stm32f4xx_tim.o(.text)
    TIM_PWMIConfig                           0x0800b3cd   Thumb Code   124  stm32f4xx_tim.o(.text)
    TIM_GetCapture1                          0x0800b449   Thumb Code     6  stm32f4xx_tim.o(.text)
    TIM_GetCapture2                          0x0800b44f   Thumb Code     6  stm32f4xx_tim.o(.text)
    TIM_GetCapture3                          0x0800b455   Thumb Code     6  stm32f4xx_tim.o(.text)
    TIM_GetCapture4                          0x0800b45b   Thumb Code     6  stm32f4xx_tim.o(.text)
    TIM_BDTRConfig                           0x0800b461   Thumb Code    32  stm32f4xx_tim.o(.text)
    TIM_BDTRStructInit                       0x0800b481   Thumb Code    18  stm32f4xx_tim.o(.text)
    TIM_CtrlPWMOutputs                       0x0800b493   Thumb Code    30  stm32f4xx_tim.o(.text)
    TIM_SelectCOM                            0x0800b4b1   Thumb Code    24  stm32f4xx_tim.o(.text)
    TIM_CCPreloadControl                     0x0800b4c9   Thumb Code    24  stm32f4xx_tim.o(.text)
    TIM_ITConfig                             0x0800b4e1   Thumb Code    18  stm32f4xx_tim.o(.text)
    TIM_GenerateEvent                        0x0800b4f3   Thumb Code     4  stm32f4xx_tim.o(.text)
    TIM_GetFlagStatus                        0x0800b4f7   Thumb Code    18  stm32f4xx_tim.o(.text)
    TIM_ClearFlag                            0x0800b509   Thumb Code     6  stm32f4xx_tim.o(.text)
    TIM_GetITStatus                          0x0800b50f   Thumb Code    34  stm32f4xx_tim.o(.text)
    TIM_ClearITPendingBit                    0x0800b531   Thumb Code     6  stm32f4xx_tim.o(.text)
    TIM_DMAConfig                            0x0800b537   Thumb Code    10  stm32f4xx_tim.o(.text)
    TIM_DMACmd                               0x0800b541   Thumb Code    18  stm32f4xx_tim.o(.text)
    TIM_SelectCCDMA                          0x0800b553   Thumb Code    24  stm32f4xx_tim.o(.text)
    TIM_InternalClockConfig                  0x0800b56b   Thumb Code    12  stm32f4xx_tim.o(.text)
    TIM_SelectInputTrigger                   0x0800b577   Thumb Code    18  stm32f4xx_tim.o(.text)
    TIM_ITRxExternalClockConfig              0x0800b589   Thumb Code    24  stm32f4xx_tim.o(.text)
    TIM_TIxExternalClockConfig               0x0800b5a1   Thumb Code    62  stm32f4xx_tim.o(.text)
    TIM_ETRConfig                            0x0800b5df   Thumb Code    28  stm32f4xx_tim.o(.text)
    TIM_ETRClockMode1Config                  0x0800b5fb   Thumb Code    54  stm32f4xx_tim.o(.text)
    TIM_ETRClockMode2Config                  0x0800b631   Thumb Code    32  stm32f4xx_tim.o(.text)
    TIM_SelectOutputTrigger                  0x0800b651   Thumb Code    18  stm32f4xx_tim.o(.text)
    TIM_SelectSlaveMode                      0x0800b663   Thumb Code    18  stm32f4xx_tim.o(.text)
    TIM_SelectMasterSlaveMode                0x0800b675   Thumb Code    18  stm32f4xx_tim.o(.text)
    TIM_EncoderInterfaceConfig               0x0800b687   Thumb Code    66  stm32f4xx_tim.o(.text)
    TIM_SelectHallSensor                     0x0800b6c9   Thumb Code    24  stm32f4xx_tim.o(.text)
    TIM_RemapConfig                          0x0800b6e1   Thumb Code     6  stm32f4xx_tim.o(.text)
    SPI_I2S_DeInit                           0x0800b6e9   Thumb Code   152  stm32f4xx_spi.o(.text)
    SPI_Init                                 0x0800b781   Thumb Code    60  stm32f4xx_spi.o(.text)
    I2S_Init                                 0x0800b7bd   Thumb Code   396  stm32f4xx_spi.o(.text)
    SPI_StructInit                           0x0800b949   Thumb Code    24  stm32f4xx_spi.o(.text)
    I2S_StructInit                           0x0800b961   Thumb Code    20  stm32f4xx_spi.o(.text)
    SPI_Cmd                                  0x0800b975   Thumb Code    24  stm32f4xx_spi.o(.text)
    I2S_Cmd                                  0x0800b98d   Thumb Code    24  stm32f4xx_spi.o(.text)
    SPI_DataSizeConfig                       0x0800b9a5   Thumb Code    18  stm32f4xx_spi.o(.text)
    SPI_BiDirectionalLineConfig              0x0800b9b7   Thumb Code    28  stm32f4xx_spi.o(.text)
    SPI_NSSInternalSoftwareConfig            0x0800b9d3   Thumb Code    30  stm32f4xx_spi.o(.text)
    SPI_SSOutputCmd                          0x0800b9f1   Thumb Code    24  stm32f4xx_spi.o(.text)
    SPI_TIModeCmd                            0x0800ba09   Thumb Code    24  stm32f4xx_spi.o(.text)
    I2S_FullDuplexConfig                     0x0800ba21   Thumb Code    80  stm32f4xx_spi.o(.text)
    SPI_I2S_ReceiveData                      0x0800ba71   Thumb Code     6  stm32f4xx_spi.o(.text)
    SPI_I2S_SendData                         0x0800ba77   Thumb Code     4  stm32f4xx_spi.o(.text)
    SPI_CalculateCRC                         0x0800ba7b   Thumb Code    24  stm32f4xx_spi.o(.text)
    SPI_TransmitCRC                          0x0800ba93   Thumb Code    10  stm32f4xx_spi.o(.text)
    SPI_GetCRC                               0x0800ba9d   Thumb Code    16  stm32f4xx_spi.o(.text)
    SPI_GetCRCPolynomial                     0x0800baad   Thumb Code     6  stm32f4xx_spi.o(.text)
    SPI_I2S_DMACmd                           0x0800bab3   Thumb Code    18  stm32f4xx_spi.o(.text)
    SPI_I2S_ITConfig                         0x0800bac5   Thumb Code    68  stm32f4xx_spi.o(.text)
    SPI_I2S_GetFlagStatus                    0x0800bb09   Thumb Code    18  stm32f4xx_spi.o(.text)
    SPI_I2S_ClearFlag                        0x0800bb1b   Thumb Code     6  stm32f4xx_spi.o(.text)
    SPI_I2S_GetITStatus                      0x0800bb21   Thumb Code    52  stm32f4xx_spi.o(.text)
    SPI_I2S_ClearITPendingBit                0x0800bb55   Thumb Code    20  stm32f4xx_spi.o(.text)
    usmart_sys_cmd_exe                       0x0800bb69   Thumb Code  1554  usmart.o(.text)
    usmart_reset_runtime                     0x0800c17b   Thumb Code    38  usmart.o(.text)
    usmart_get_runtime                       0x0800c1a1   Thumb Code    60  usmart.o(.text)
    TIM4_IRQHandler                          0x0800c1dd   Thumb Code    46  usmart.o(.text)
    Timer4_Init                              0x0800c20b   Thumb Code    86  usmart.o(.text)
    usmart_init                              0x0800c261   Thumb Code    36  usmart.o(.text)
    usmart_cmd_rec                           0x0800c285   Thumb Code   170  usmart.o(.text)
    usmart_exe                               0x0800c32f   Thumb Code   868  usmart.o(.text)
    usmart_scan                              0x0800c693   Thumb Code   120  usmart.o(.text)
    read_addr                                0x0800c70b   Thumb Code     6  usmart.o(.text)
    write_addr                               0x0800c711   Thumb Code     4  usmart.o(.text)
    usmart_strcmp                            0x0800c79d   Thumb Code    34  usmart_str.o(.text)
    usmart_strcopy                           0x0800c7bf   Thumb Code    22  usmart_str.o(.text)
    usmart_strlen                            0x0800c7d5   Thumb Code    24  usmart_str.o(.text)
    usmart_pow                               0x0800c7ed   Thumb Code    22  usmart_str.o(.text)
    usmart_str2num                           0x0800c803   Thumb Code   202  usmart_str.o(.text)
    usmart_get_cmdname                       0x0800c8cd   Thumb Code    54  usmart_str.o(.text)
    usmart_search_nextc                      0x0800c903   Thumb Code    22  usmart_str.o(.text)
    usmart_get_fname                         0x0800c919   Thumb Code   440  usmart_str.o(.text)
    usmart_get_aparm                         0x0800cad1   Thumb Code   200  usmart_str.o(.text)
    usmart_get_parmpos                       0x0800cb99   Thumb Code    26  usmart_str.o(.text)
    usmart_get_fparam                        0x0800cbb3   Thumb Code   262  usmart_str.o(.text)
    __use_no_semihosting                     0x0800ccc5   Thumb Code     2  use_no_semi_2.o(.text)
    __aeabi_ldivmod                          0x0800ccc7   Thumb Code     0  llsdiv.o(.text)
    _ll_sdiv                                 0x0800ccc7   Thumb Code    72  llsdiv.o(.text)
    __2printf                                0x0800cd11   Thumb Code    20  noretval__2printf.o(.text)
    _printf_pre_padding                      0x0800cd29   Thumb Code    44  _printf_pad.o(.text)
    _printf_post_padding                     0x0800cd55   Thumb Code    34  _printf_pad.o(.text)
    _printf_str                              0x0800cd77   Thumb Code    82  _printf_str.o(.text)
    _printf_int_dec                          0x0800cdc9   Thumb Code   104  _printf_dec.o(.text)
    _printf_int_hex                          0x0800ce41   Thumb Code    84  _printf_hex_int.o(.text)
    _printf_longlong_hex                     0x0800ce41   Thumb Code     0  _printf_hex_int.o(.text)
    __printf                                 0x0800ce99   Thumb Code   388  __printf_flags_ss_wp.o(.text)
    memcmp                                   0x0800d021   Thumb Code    88  memcmp.o(.text)
    __aeabi_memset                           0x0800d079   Thumb Code    16  aeabi_memset.o(.text)
    __use_two_region_memory                  0x0800d089   Thumb Code     2  heapauxi.o(.text)
    __rt_heap_escrow$2region                 0x0800d08b   Thumb Code     2  heapauxi.o(.text)
    __rt_heap_expand$2region                 0x0800d08d   Thumb Code     2  heapauxi.o(.text)
    __I$use$semihosting                      0x0800d08f   Thumb Code     0  use_no_semi.o(.text)
    __use_no_semihosting_swi                 0x0800d08f   Thumb Code     2  use_no_semi.o(.text)
    __aeabi_uldivmod                         0x0800d091   Thumb Code     0  lludivv7m.o(.text)
    _ll_udiv                                 0x0800d091   Thumb Code   238  lludivv7m.o(.text)
    __read_errno                             0x0800d17f   Thumb Code    10  _rserrno.o(.text)
    __set_errno                              0x0800d189   Thumb Code    12  _rserrno.o(.text)
    _printf_int_common                       0x0800d195   Thumb Code   178  _printf_intcommon.o(.text)
    _printf_cs_common                        0x0800d247   Thumb Code    20  _printf_char.o(.text)
    _printf_char                             0x0800d25b   Thumb Code    16  _printf_char.o(.text)
    _printf_string                           0x0800d26b   Thumb Code     8  _printf_char.o(.text)
    _printf_char_file                        0x0800d275   Thumb Code    32  _printf_char_file.o(.text)
    __aeabi_memclr                           0x0800d299   Thumb Code     0  rt_memclr.o(.text)
    __rt_memclr                              0x0800d299   Thumb Code    68  rt_memclr.o(.text)
    _memset                                  0x0800d29d   Thumb Code     0  rt_memclr.o(.text)
    __aeabi_errno_addr                       0x0800d2dd   Thumb Code     8  rt_errno_addr_intlibspace.o(.text)
    __errno$intlibspace                      0x0800d2dd   Thumb Code     0  rt_errno_addr_intlibspace.o(.text)
    __rt_errno_addr$intlibspace              0x0800d2dd   Thumb Code     0  rt_errno_addr_intlibspace.o(.text)
    _printf_char_common                      0x0800d2ef   Thumb Code    32  _printf_char_common.o(.text)
    ferror                                   0x0800d315   Thumb Code     8  ferror.o(.text)
    __aeabi_memclr4                          0x0800d31d   Thumb Code     0  rt_memclr_w.o(.text)
    __aeabi_memclr8                          0x0800d31d   Thumb Code     0  rt_memclr_w.o(.text)
    __rt_memclr_w                            0x0800d31d   Thumb Code    78  rt_memclr_w.o(.text)
    _memset_w                                0x0800d321   Thumb Code     0  rt_memclr_w.o(.text)
    __user_libspace                          0x0800d36d   Thumb Code     8  libspace.o(.text)
    __user_perproc_libspace                  0x0800d36d   Thumb Code     0  libspace.o(.text)
    __user_perthread_libspace                0x0800d36d   Thumb Code     0  libspace.o(.text)
    __user_setup_stackheap                   0x0800d375   Thumb Code    74  sys_stackheap_outer.o(.text)
    exit                                     0x0800d3bf   Thumb Code    12  exit.o(.text)
    __ARM_fpclassify                         0x0800d3cb   Thumb Code    48  fpclassify.o(i.__ARM_fpclassify)
    __hardfp_asin                            0x0800d401   Thumb Code   770  asin.o(i.__hardfp_asin)
    __hardfp_atan                            0x0800d761   Thumb Code   622  atan.o(i.__hardfp_atan)
    __hardfp_atan2                           0x0800da39   Thumb Code   432  atan2.o(i.__hardfp_atan2)
    __kernel_poly                            0x0800dc29   Thumb Code   248  poly.o(i.__kernel_poly)
    __mathlib_dbl_infnan                     0x0800dd21   Thumb Code    20  dunder.o(i.__mathlib_dbl_infnan)
    __mathlib_dbl_infnan2                    0x0800dd35   Thumb Code    20  dunder.o(i.__mathlib_dbl_infnan2)
    __mathlib_dbl_invalid                    0x0800dd49   Thumb Code    24  dunder.o(i.__mathlib_dbl_invalid)
    __mathlib_dbl_underflow                  0x0800dd69   Thumb Code    24  dunder.o(i.__mathlib_dbl_underflow)
    _is_digit                                0x0800dd89   Thumb Code    14  __printf_wp.o(i._is_digit)
    atan                                     0x0800dd97   Thumb Code    16  atan.o(i.atan)
    fabs                                     0x0800dda7   Thumb Code    24  fabs.o(i.fabs)
    sqrt                                     0x0800ddbf   Thumb Code   110  sqrt.o(i.sqrt)
    __aeabi_dneg                             0x0800de2d   Thumb Code     0  basic.o(x$fpl$basic)
    _dneg                                    0x0800de2d   Thumb Code     6  basic.o(x$fpl$basic)
    __aeabi_fneg                             0x0800de33   Thumb Code     0  basic.o(x$fpl$basic)
    _fneg                                    0x0800de33   Thumb Code     6  basic.o(x$fpl$basic)
    _dabs                                    0x0800de39   Thumb Code     6  basic.o(x$fpl$basic)
    _fabs                                    0x0800de3f   Thumb Code     6  basic.o(x$fpl$basic)
    __aeabi_d2f                              0x0800de45   Thumb Code     0  d2f.o(x$fpl$d2f)
    _d2f                                     0x0800de45   Thumb Code    98  d2f.o(x$fpl$d2f)
    __aeabi_dadd                             0x0800dea9   Thumb Code     0  daddsub_clz.o(x$fpl$dadd)
    _dadd                                    0x0800dea9   Thumb Code   332  daddsub_clz.o(x$fpl$dadd)
    __aeabi_ddiv                             0x0800dff9   Thumb Code     0  ddiv.o(x$fpl$ddiv)
    _ddiv                                    0x0800dff9   Thumb Code   552  ddiv.o(x$fpl$ddiv)
    __aeabi_d2uiz                            0x0800e2a9   Thumb Code     0  dfixu.o(x$fpl$dfixu)
    _dfixu                                   0x0800e2a9   Thumb Code    90  dfixu.o(x$fpl$dfixu)
    __aeabi_i2d                              0x0800e303   Thumb Code     0  dflt_clz.o(x$fpl$dflt)
    _dflt                                    0x0800e303   Thumb Code    46  dflt_clz.o(x$fpl$dflt)
    __aeabi_ui2d                             0x0800e331   Thumb Code     0  dflt_clz.o(x$fpl$dfltu)
    _dfltu                                   0x0800e331   Thumb Code    38  dflt_clz.o(x$fpl$dfltu)
    __aeabi_dmul                             0x0800e359   Thumb Code     0  dmul.o(x$fpl$dmul)
    _dmul                                    0x0800e359   Thumb Code   332  dmul.o(x$fpl$dmul)
    __fpl_dnaninf                            0x0800e4ad   Thumb Code   156  dnaninf.o(x$fpl$dnaninf)
    __fpl_dretinf                            0x0800e549   Thumb Code    12  dretinf.o(x$fpl$dretinf)
    __aeabi_drsub                            0x0800e555   Thumb Code     0  daddsub_clz.o(x$fpl$drsb)
    _drsb                                    0x0800e555   Thumb Code    22  daddsub_clz.o(x$fpl$drsb)
    _dsqrt                                   0x0800e56d   Thumb Code   404  dsqrt_umaal.o(x$fpl$dsqrt)
    __aeabi_dsub                             0x0800e705   Thumb Code     0  daddsub_clz.o(x$fpl$dsub)
    _dsub                                    0x0800e705   Thumb Code   464  daddsub_clz.o(x$fpl$dsub)
    __aeabi_f2d                              0x0800e8d9   Thumb Code     0  f2d.o(x$fpl$f2d)
    _f2d                                     0x0800e8d9   Thumb Code    86  f2d.o(x$fpl$f2d)
    __fpl_fnaninf                            0x0800e92f   Thumb Code   140  fnaninf.o(x$fpl$fnaninf)
    _fp_init                                 0x0800e9bb   Thumb Code    10  fpinit.o(x$fpl$fpinit)
    __fplib_config_fpu_vfp                   0x0800e9c3   Thumb Code     0  fpinit.o(x$fpl$fpinit)
    __fplib_config_pureend_doubles           0x0800e9c3   Thumb Code     0  fpinit.o(x$fpl$fpinit)
    __fpl_fretinf                            0x0800e9c5   Thumb Code    10  fretinf.o(x$fpl$fretinf)
    __I$use$fp                               0x0800e9ce   Number         0  usenofp.o(x$fpl$usenofp)
    asc2_1206                                0x0800e9ce   Data        1140  lcd.o(.constdata)
    asc2_1608                                0x0800ee42   Data        1520  lcd.o(.constdata)
    asc2_2412                                0x0800f432   Data        3420  lcd.o(.constdata)
    reg                                      0x08010190   Data          27  inv_mpu.o(.constdata)
    hw                                       0x080101ac   Data          12  inv_mpu.o(.constdata)
    test                                     0x080101b8   Data          40  inv_mpu.o(.constdata)
    TX_ADDRESS                               0x08010dd6   Data           5  24l01.o(.constdata)
    RX_ADDRESS                               0x08010ddb   Data           5  24l01.o(.constdata)
    FSMC_DefaultTimingStruct                 0x08010de0   Data          28  stm32f4xx_fsmc.o(.constdata)
    __mathlib_zero                           0x08010f20   Data           8  qnan.o(.constdata)
    Region$$Table$$Base                      0x0801106c   Number         0  anon$$obj.o(Region$$Table)
    Region$$Table$$Limit                     0x0801108c   Number         0  anon$$obj.o(Region$$Table)
    SystemCoreClock                          0x20000000   Data           4  system_stm32f4xx.o(.data)
    AHBPrescTable                            0x20000004   Data          16  system_stm32f4xx.o(.data)
    POINT_COLOR                              0x20000016   Data           2  lcd.o(.data)
    BACK_COLOR                               0x20000018   Data           2  lcd.o(.data)
    __stdout                                 0x20000058   Data           4  usart.o(.data)
    USART_RX_STA                             0x2000005c   Data           2  usart.o(.data)
    sys_cmd_tab                              0x20000070   Data          28  usmart.o(.data)
    usmart_nametab                           0x2000008c   Data          56  usmart_config.o(.data)
    usmart_dev                               0x200000c4   Data         244  usmart_config.o(.data)
    lcddev                                   0x200001b8   Data          14  lcd.o(.bss)
    USART_RX_BUF                             0x200001d8   Data         200  usart.o(.bss)
    __libspace_start                         0x200002a0   Data          96  libspace.o(.bss)
    __temporary_stack_top$libspace           0x20000300   Data           0  libspace.o(.bss)



==============================================================================

Memory Map of the image

  Image Entry point : 0x08000189

  Load Region LR_IROM1 (Base: 0x08000000, Size: 0x00011244, Max: 0x00100000, ABSOLUTE, COMPRESSED[0x00011114])

    Execution Region ER_IROM1 (Base: 0x08000000, Size: 0x0001108c, Max: 0x00100000, ABSOLUTE)

    Base Addr    Size         Type   Attr      Idx    E Section Name        Object

    0x08000000   0x00000188   Data   RO          581    RESET               startup_stm32f40_41xxx.o
    0x08000188   0x00000008   Code   RO          894  * !!!main             c_w.l(__main.o)
    0x08000190   0x00000034   Code   RO         1208    !!!scatter          c_w.l(__scatter.o)
    0x080001c4   0x0000005a   Code   RO         1206    !!dczerorl2         c_w.l(__dczerorl2.o)
    0x0800021e   0x00000002   PAD
    0x08000220   0x0000001c   Code   RO         1210    !!handler_zi        c_w.l(__scatter_zi.o)
    0x0800023c   0x00000000   Code   RO          887    .ARM.Collect$$_printf_percent$$00000000  c_w.l(_printf_percent.o)
    0x0800023c   0x00000006   Code   RO          885    .ARM.Collect$$_printf_percent$$00000009  c_w.l(_printf_d.o)
    0x08000242   0x00000006   Code   RO          886    .ARM.Collect$$_printf_percent$$0000000A  c_w.l(_printf_u.o)
    0x08000248   0x00000006   Code   RO          884    .ARM.Collect$$_printf_percent$$0000000C  c_w.l(_printf_x.o)
    0x0800024e   0x00000006   Code   RO          882    .ARM.Collect$$_printf_percent$$00000013  c_w.l(_printf_c.o)
    0x08000254   0x00000006   Code   RO          883    .ARM.Collect$$_printf_percent$$00000014  c_w.l(_printf_s.o)
    0x0800025a   0x00000004   Code   RO          961    .ARM.Collect$$_printf_percent$$00000017  c_w.l(_printf_percent_end.o)
    0x0800025e   0x00000002   Code   RO         1078    .ARM.Collect$$libinit$$00000000  c_w.l(libinit.o)
    0x08000260   0x00000004   Code   RO         1087    .ARM.Collect$$libinit$$00000001  c_w.l(libinit2.o)
    0x08000264   0x00000000   Code   RO         1090    .ARM.Collect$$libinit$$00000004  c_w.l(libinit2.o)
    0x08000264   0x00000000   Code   RO         1093    .ARM.Collect$$libinit$$0000000A  c_w.l(libinit2.o)
    0x08000264   0x00000000   Code   RO         1095    .ARM.Collect$$libinit$$0000000C  c_w.l(libinit2.o)
    0x08000264   0x00000000   Code   RO         1097    .ARM.Collect$$libinit$$0000000E  c_w.l(libinit2.o)
    0x08000264   0x00000000   Code   RO         1100    .ARM.Collect$$libinit$$00000011  c_w.l(libinit2.o)
    0x08000264   0x00000000   Code   RO         1102    .ARM.Collect$$libinit$$00000013  c_w.l(libinit2.o)
    0x08000264   0x00000000   Code   RO         1104    .ARM.Collect$$libinit$$00000015  c_w.l(libinit2.o)
    0x08000264   0x00000000   Code   RO         1106    .ARM.Collect$$libinit$$00000017  c_w.l(libinit2.o)
    0x08000264   0x00000000   Code   RO         1108    .ARM.Collect$$libinit$$00000019  c_w.l(libinit2.o)
    0x08000264   0x00000000   Code   RO         1110    .ARM.Collect$$libinit$$0000001B  c_w.l(libinit2.o)
    0x08000264   0x00000000   Code   RO         1112    .ARM.Collect$$libinit$$0000001D  c_w.l(libinit2.o)
    0x08000264   0x00000000   Code   RO         1114    .ARM.Collect$$libinit$$0000001F  c_w.l(libinit2.o)
    0x08000264   0x00000000   Code   RO         1116    .ARM.Collect$$libinit$$00000021  c_w.l(libinit2.o)
    0x08000264   0x00000000   Code   RO         1118    .ARM.Collect$$libinit$$00000023  c_w.l(libinit2.o)
    0x08000264   0x00000000   Code   RO         1120    .ARM.Collect$$libinit$$00000025  c_w.l(libinit2.o)
    0x08000264   0x00000000   Code   RO         1124    .ARM.Collect$$libinit$$0000002C  c_w.l(libinit2.o)
    0x08000264   0x00000000   Code   RO         1126    .ARM.Collect$$libinit$$0000002E  c_w.l(libinit2.o)
    0x08000264   0x00000000   Code   RO         1128    .ARM.Collect$$libinit$$00000030  c_w.l(libinit2.o)
    0x08000264   0x00000000   Code   RO         1130    .ARM.Collect$$libinit$$00000032  c_w.l(libinit2.o)
    0x08000264   0x00000002   Code   RO         1131    .ARM.Collect$$libinit$$00000033  c_w.l(libinit2.o)
    0x08000266   0x00000002   Code   RO         1159    .ARM.Collect$$libshutdown$$00000000  c_w.l(libshutdown.o)
    0x08000268   0x00000000   Code   RO         1174    .ARM.Collect$$libshutdown$$00000003  c_w.l(libshutdown2.o)
    0x08000268   0x00000000   Code   RO         1177    .ARM.Collect$$libshutdown$$00000006  c_w.l(libshutdown2.o)
    0x08000268   0x00000000   Code   RO         1180    .ARM.Collect$$libshutdown$$00000009  c_w.l(libshutdown2.o)
    0x08000268   0x00000000   Code   RO         1182    .ARM.Collect$$libshutdown$$0000000B  c_w.l(libshutdown2.o)
    0x08000268   0x00000000   Code   RO         1185    .ARM.Collect$$libshutdown$$0000000E  c_w.l(libshutdown2.o)
    0x08000268   0x00000002   Code   RO         1186    .ARM.Collect$$libshutdown$$0000000F  c_w.l(libshutdown2.o)
    0x0800026a   0x00000000   Code   RO          950    .ARM.Collect$$rtentry$$00000000  c_w.l(__rtentry.o)
    0x0800026a   0x00000000   Code   RO         1027    .ARM.Collect$$rtentry$$00000002  c_w.l(__rtentry2.o)
    0x0800026a   0x00000006   Code   RO         1039    .ARM.Collect$$rtentry$$00000004  c_w.l(__rtentry4.o)
    0x08000270   0x00000000   Code   RO         1029    .ARM.Collect$$rtentry$$00000009  c_w.l(__rtentry2.o)
    0x08000270   0x00000004   Code   RO         1030    .ARM.Collect$$rtentry$$0000000A  c_w.l(__rtentry2.o)
    0x08000274   0x00000000   Code   RO         1032    .ARM.Collect$$rtentry$$0000000C  c_w.l(__rtentry2.o)
    0x08000274   0x00000008   Code   RO         1033    .ARM.Collect$$rtentry$$0000000D  c_w.l(__rtentry2.o)
    0x0800027c   0x00000002   Code   RO         1081    .ARM.Collect$$rtexit$$00000000  c_w.l(rtexit.o)
    0x0800027e   0x00000000   Code   RO         1133    .ARM.Collect$$rtexit$$00000002  c_w.l(rtexit2.o)
    0x0800027e   0x00000004   Code   RO         1134    .ARM.Collect$$rtexit$$00000003  c_w.l(rtexit2.o)
    0x08000282   0x00000006   Code   RO         1135    .ARM.Collect$$rtexit$$00000004  c_w.l(rtexit2.o)
    0x08000288   0x000006b4   Code   RO            3    .text               main.o
    0x0800093c   0x0000001a   Code   RO          178    .text               stm32f4xx_it.o
    0x08000956   0x00000002   PAD
    0x08000958   0x00000210   Code   RO          227    .text               system_stm32f4xx.o
    0x08000b68   0x00000040   Code   RO          253    .text               led.o
    0x08000ba8   0x00000104   Code   RO          273    .text               key.o
    0x08000cac   0x00004c80   Code   RO          294    .text               lcd.o
    0x0800592c   0x0000025c   Code   RO          332    .text               myiic.o
    0x08005b88   0x00000384   Code   RO          352    .text               mpu6050.o
    0x08005f0c   0x000022c0   Code   RO          372    .text               inv_mpu.o
    0x080081cc   0x00000d90   Code   RO          407    .text               inv_mpu_dmp_motion_driver.o
    0x08008f5c   0x00000354   Code   RO          467    .text               24l01.o
    0x080092b0   0x00000118   Code   RO          490    .text               spi.o
    0x080093c8   0x00000104   Code   RO          510    .text               delay.o
    0x080094cc   0x0000014c   Code   RO          550    .text               usart.o
    0x08009618   0x00000040   Code   RO          582    .text               startup_stm32f40_41xxx.o
    0x08009658   0x000000e0   Code   RO          588    .text               misc.o
    0x08009738   0x000005c8   Code   RO          608    .text               stm32f4xx_fsmc.o
    0x08009d00   0x00000294   Code   RO          631    .text               stm32f4xx_gpio.o
    0x08009f94   0x0000065c   Code   RO          651    .text               stm32f4xx_rcc.o
    0x0800a5f0   0x00000454   Code   RO          693    .text               stm32f4xx_usart.o
    0x0800aa44   0x00000ca2   Code   RO          713    .text               stm32f4xx_tim.o
    0x0800b6e6   0x00000002   PAD
    0x0800b6e8   0x00000480   Code   RO          733    .text               stm32f4xx_spi.o
    0x0800bb68   0x00000c34   Code   RO          753    .text               usmart.o
    0x0800c79c   0x00000528   Code   RO          805    .text               usmart_str.o
    0x0800ccc4   0x00000002   Code   RO          825    .text               c_w.l(use_no_semi_2.o)
    0x0800ccc6   0x00000048   Code   RO          827    .text               c_w.l(llsdiv.o)
    0x0800cd0e   0x00000002   PAD
    0x0800cd10   0x00000018   Code   RO          831    .text               c_w.l(noretval__2printf.o)
    0x0800cd28   0x0000004e   Code   RO          835    .text               c_w.l(_printf_pad.o)
    0x0800cd76   0x00000052   Code   RO          837    .text               c_w.l(_printf_str.o)
    0x0800cdc8   0x00000078   Code   RO          839    .text               c_w.l(_printf_dec.o)
    0x0800ce40   0x00000058   Code   RO          844    .text               c_w.l(_printf_hex_int.o)
    0x0800ce98   0x00000188   Code   RO          879    .text               c_w.l(__printf_flags_ss_wp.o)
    0x0800d020   0x00000058   Code   RO          888    .text               c_w.l(memcmp.o)
    0x0800d078   0x00000010   Code   RO          890    .text               c_w.l(aeabi_memset.o)
    0x0800d088   0x00000006   Code   RO          892    .text               c_w.l(heapauxi.o)
    0x0800d08e   0x00000002   Code   RO          948    .text               c_w.l(use_no_semi.o)
    0x0800d090   0x000000ee   Code   RO          951    .text               c_w.l(lludivv7m.o)
    0x0800d17e   0x00000016   Code   RO          953    .text               c_w.l(_rserrno.o)
    0x0800d194   0x000000b2   Code   RO          955    .text               c_w.l(_printf_intcommon.o)
    0x0800d246   0x0000002c   Code   RO          957    .text               c_w.l(_printf_char.o)
    0x0800d272   0x00000002   PAD
    0x0800d274   0x00000024   Code   RO          959    .text               c_w.l(_printf_char_file.o)
    0x0800d298   0x00000044   Code   RO          962    .text               c_w.l(rt_memclr.o)
    0x0800d2dc   0x00000008   Code   RO         1048    .text               c_w.l(rt_errno_addr_intlibspace.o)
    0x0800d2e4   0x00000030   Code   RO         1050    .text               c_w.l(_printf_char_common.o)
    0x0800d314   0x00000008   Code   RO         1052    .text               c_w.l(ferror.o)
    0x0800d31c   0x0000004e   Code   RO         1056    .text               c_w.l(rt_memclr_w.o)
    0x0800d36a   0x00000002   PAD
    0x0800d36c   0x00000008   Code   RO         1062    .text               c_w.l(libspace.o)
    0x0800d374   0x0000004a   Code   RO         1065    .text               c_w.l(sys_stackheap_outer.o)
    0x0800d3be   0x0000000c   Code   RO         1071    .text               c_w.l(exit.o)
    0x0800d3ca   0x00000030   Code   RO         1009    i.__ARM_fpclassify  m_wm.l(fpclassify.o)
    0x0800d3fa   0x00000006   PAD
    0x0800d400   0x00000360   Code   RO          922    i.__hardfp_asin     m_wm.l(asin.o)
    0x0800d760   0x000002d8   Code   RO          975    i.__hardfp_atan     m_wm.l(atan.o)
    0x0800da38   0x000001f0   Code   RO          936    i.__hardfp_atan2    m_wm.l(atan2.o)
    0x0800dc28   0x000000f8   Code   RO         1011    i.__kernel_poly     m_wm.l(poly.o)
    0x0800dd20   0x00000014   Code   RO          990    i.__mathlib_dbl_infnan  m_wm.l(dunder.o)
    0x0800dd34   0x00000014   Code   RO          991    i.__mathlib_dbl_infnan2  m_wm.l(dunder.o)
    0x0800dd48   0x00000020   Code   RO          992    i.__mathlib_dbl_invalid  m_wm.l(dunder.o)
    0x0800dd68   0x00000020   Code   RO          995    i.__mathlib_dbl_underflow  m_wm.l(dunder.o)
    0x0800dd88   0x0000000e   Code   RO          872    i._is_digit         c_w.l(__printf_wp.o)
    0x0800dd96   0x00000010   Code   RO          977    i.atan              m_wm.l(atan.o)
    0x0800dda6   0x00000018   Code   RO         1005    i.fabs              m_wm.l(fabs.o)
    0x0800ddbe   0x0000006e   Code   RO         1016    i.sqrt              m_wm.l(sqrt.o)
    0x0800de2c   0x00000018   Code   RO          964    x$fpl$basic         fz_wm.l(basic.o)
    0x0800de44   0x00000062   Code   RO          896    x$fpl$d2f           fz_wm.l(d2f.o)
    0x0800dea6   0x00000002   PAD
    0x0800dea8   0x00000150   Code   RO          898    x$fpl$dadd          fz_wm.l(daddsub_clz.o)
    0x0800dff8   0x000002b0   Code   RO          905    x$fpl$ddiv          fz_wm.l(ddiv.o)
    0x0800e2a8   0x0000005a   Code   RO          908    x$fpl$dfixu         fz_wm.l(dfixu.o)
    0x0800e302   0x0000002e   Code   RO          913    x$fpl$dflt          fz_wm.l(dflt_clz.o)
    0x0800e330   0x00000026   Code   RO          912    x$fpl$dfltu         fz_wm.l(dflt_clz.o)
    0x0800e356   0x00000002   PAD
    0x0800e358   0x00000154   Code   RO          918    x$fpl$dmul          fz_wm.l(dmul.o)
    0x0800e4ac   0x0000009c   Code   RO          966    x$fpl$dnaninf       fz_wm.l(dnaninf.o)
    0x0800e548   0x0000000c   Code   RO          968    x$fpl$dretinf       fz_wm.l(dretinf.o)
    0x0800e554   0x00000016   Code   RO          899    x$fpl$drsb          fz_wm.l(daddsub_clz.o)
    0x0800e56a   0x00000002   PAD
    0x0800e56c   0x00000198   Code   RO         1060    x$fpl$dsqrt         fz_wm.l(dsqrt_umaal.o)
    0x0800e704   0x000001d4   Code   RO          900    x$fpl$dsub          fz_wm.l(daddsub_clz.o)
    0x0800e8d8   0x00000056   Code   RO          920    x$fpl$f2d           fz_wm.l(f2d.o)
    0x0800e92e   0x0000008c   Code   RO          970    x$fpl$fnaninf       fz_wm.l(fnaninf.o)
    0x0800e9ba   0x0000000a   Code   RO         1147    x$fpl$fpinit        fz_wm.l(fpinit.o)
    0x0800e9c4   0x0000000a   Code   RO          972    x$fpl$fretinf       fz_wm.l(fretinf.o)
    0x0800e9ce   0x00000000   Code   RO          974    x$fpl$usenofp       fz_wm.l(usenofp.o)
    0x0800e9ce   0x000017c0   Data   RO          296    .constdata          lcd.o
    0x0801018e   0x00000002   PAD
    0x08010190   0x00000050   Data   RO          373    .constdata          inv_mpu.o
    0x080101e0   0x00000bf6   Data   RO          409    .constdata          inv_mpu_dmp_motion_driver.o
    0x08010dd6   0x0000000a   Data   RO          468    .constdata          24l01.o
    0x08010de0   0x0000001c   Data   RO          609    .constdata          stm32f4xx_fsmc.o
    0x08010dfc   0x00000028   Data   RO          845    .constdata          c_w.l(_printf_hex_int.o)
    0x08010e24   0x00000011   Data   RO          880    .constdata          c_w.l(__printf_flags_ss_wp.o)
    0x08010e35   0x00000003   PAD
    0x08010e38   0x00000050   Data   RO          925    .constdata          m_wm.l(asin.o)
    0x08010e88   0x00000098   Data   RO          978    .constdata          m_wm.l(atan.o)
    0x08010f20   0x00000008   Data   RO         1013    .constdata          m_wm.l(qnan.o)
    0x08010f28   0x0000004d   Data   RO          374    .conststring        inv_mpu.o
    0x08010f75   0x00000003   PAD
    0x08010f78   0x00000028   Data   RO          754    .conststring        usmart.o
    0x08010fa0   0x000000cb   Data   RO          784    .conststring        usmart_config.o
    0x0801106b   0x00000001   PAD
    0x0801106c   0x00000020   Data   RO         1204    Region$$Table       anon$$obj.o


    Execution Region RW_IRAM1 (Base: 0x20000000, Size: 0x00000900, Max: 0x00020000, ABSOLUTE, COMPRESSED[0x00000088])

    Base Addr    Size         Type   Attr      Idx    E Section Name        Object

    0x20000000   0x00000014   Data   RW          228    .data               system_stm32f4xx.o
    0x20000014   0x00000001   Data   RW          274    .data               key.o
    0x20000015   0x00000001   PAD
    0x20000016   0x00000004   Data   RW          297    .data               lcd.o
    0x2000001a   0x00000002   PAD
    0x2000001c   0x00000035   Data   RW          375    .data               inv_mpu.o
    0x20000051   0x00000001   PAD
    0x20000052   0x00000004   Data   RW          511    .data               delay.o
    0x20000056   0x00000002   PAD
    0x20000058   0x00000006   Data   RW          552    .data               usart.o
    0x2000005e   0x00000010   Data   RW          652    .data               stm32f4xx_rcc.o
    0x2000006e   0x00000002   PAD
    0x20000070   0x0000001c   Data   RW          755    .data               usmart.o
    0x2000008c   0x0000012c   Data   RW          785    .data               usmart_config.o
    0x200001b8   0x0000000e   Zero   RW          295    .bss                lcd.o
    0x200001c6   0x00000002   PAD
    0x200001c8   0x00000010   Zero   RW          408    .bss                inv_mpu_dmp_motion_driver.o
    0x200001d8   0x000000c8   Zero   RW          551    .bss                usart.o
    0x200002a0   0x00000060   Zero   RW         1063    .bss                c_w.l(libspace.o)
    0x20000300   0x00000200   Zero   RW          580    HEAP                startup_stm32f40_41xxx.o
    0x20000500   0x00000400   Zero   RW          579    STACK               startup_stm32f40_41xxx.o


==============================================================================

Image component sizes


      Code (inc. data)   RO Data    RW Data    ZI Data      Debug   Object Name

       852         38         10          0          0       3869   24l01.o
       260          8          0          4          0       1449   delay.o
      8896        222        157         53          0      23857   inv_mpu.o
      3472        142       3062          0         16      15227   inv_mpu_dmp_motion_driver.o
       260         12          0          1          0        872   key.o
     19584        174       6080          4         14      22298   lcd.o
        64          4          0          0          0        531   led.o
      1716        234          0          0          0     300315   main.o
       224         20          0          0          0       1829   misc.o
       900         22          0          0          0       4263   mpu6050.o
       604         14          0          0          0       1900   myiic.o
       280          8          0          0          0       1061   spi.o
        64         26        392          0       1536        832   startup_stm32f40_41xxx.o
      1480         18         28          0          0       5634   stm32f4xx_fsmc.o
       660         44          0          0          0       4105   stm32f4xx_gpio.o
        26          0          0          0          0       1226   stm32f4xx_it.o
      1628         52          0         16          0      12900   stm32f4xx_rcc.o
      1152         36          0          0          0       6853   stm32f4xx_spi.o
      3234         60          0          0          0      22308   stm32f4xx_tim.o
      1108         34          0          0          0       7804   stm32f4xx_usart.o
       528         46          0         20          0       1795   system_stm32f4xx.o
       332         18          0          6        200       3334   usart.o
      3124       1286         40         28          0       4382   usmart.o
         0          0        203        300          0       1516   usmart_config.o
      1320         12          0          0          0       5177   usmart_str.o

    ----------------------------------------------------------------------
     51772       2530      10010        440       1768     455337   Object Totals
         0          0         32          0          0          0   (incl. Generated)
         4          0          6          8          2          0   (incl. Padding)

    ----------------------------------------------------------------------

      Code (inc. data)   RO Data    RW Data    ZI Data      Debug   Library Member Name

        90          0          0          0          0          0   __dczerorl2.o
         8          0          0          0          0         68   __main.o
       392          4         17          0          0         92   __printf_flags_ss_wp.o
        14          0          0          0          0         68   __printf_wp.o
         0          0          0          0          0          0   __rtentry.o
        12          0          0          0          0          0   __rtentry2.o
         6          0          0          0          0          0   __rtentry4.o
        52          8          0          0          0          0   __scatter.o
        28          0          0          0          0          0   __scatter_zi.o
         6          0          0          0          0          0   _printf_c.o
        44          0          0          0          0        108   _printf_char.o
        48          6          0          0          0         96   _printf_char_common.o
        36          4          0          0          0         80   _printf_char_file.o
         6          0          0          0          0          0   _printf_d.o
       120         16          0          0          0         92   _printf_dec.o
        88          4         40          0          0         88   _printf_hex_int.o
       178          0          0          0          0         88   _printf_intcommon.o
        78          0          0          0          0        108   _printf_pad.o
         0          0          0          0          0          0   _printf_percent.o
         4          0          0          0          0          0   _printf_percent_end.o
         6          0          0          0          0          0   _printf_s.o
        82          0          0          0          0         80   _printf_str.o
         6          0          0          0          0          0   _printf_u.o
         6          0          0          0          0          0   _printf_x.o
        22          0          0          0          0        100   _rserrno.o
        16          0          0          0          0         68   aeabi_memset.o
        12          0          0          0          0         72   exit.o
         8          0          0          0          0         68   ferror.o
         6          0          0          0          0        152   heapauxi.o
         2          0          0          0          0          0   libinit.o
         6          0          0          0          0          0   libinit2.o
         2          0          0          0          0          0   libshutdown.o
         2          0          0          0          0          0   libshutdown2.o
         8          4          0          0         96         68   libspace.o
        72          0          0          0          0         76   llsdiv.o
       238          0          0          0          0        100   lludivv7m.o
        88          0          0          0          0         76   memcmp.o
        24          4          0          0          0         84   noretval__2printf.o
         8          4          0          0          0         68   rt_errno_addr_intlibspace.o
        68          0          0          0          0         68   rt_memclr.o
        78          0          0          0          0         80   rt_memclr_w.o
         2          0          0          0          0          0   rtexit.o
        10          0          0          0          0          0   rtexit2.o
        74          0          0          0          0         80   sys_stackheap_outer.o
         2          0          0          0          0         68   use_no_semi.o
         2          0          0          0          0         68   use_no_semi_2.o
        24          0          0          0          0        164   basic.o
        98          4          0          0          0        140   d2f.o
       826         16          0          0          0        492   daddsub_clz.o
       688        140          0          0          0        256   ddiv.o
        90          4          0          0          0        140   dfixu.o
        84          0          0          0          0        232   dflt_clz.o
       340         12          0          0          0        152   dmul.o
       156          4          0          0          0        140   dnaninf.o
        12          0          0          0          0        116   dretinf.o
       408         56          0          0          0        168   dsqrt_umaal.o
        86          4          0          0          0        132   f2d.o
       140          4          0          0          0        132   fnaninf.o
        10          0          0          0          0        116   fpinit.o
        10          0          0          0          0        116   fretinf.o
         0          0          0          0          0          0   usenofp.o
       864         94         80          0          0        280   asin.o
       744        106        152          0          0        352   atan.o
       496         64          0          0          0        192   atan2.o
       104         16          0          0          0        496   dunder.o
        24          0          0          0          0        124   fabs.o
        48          0          0          0          0        124   fpclassify.o
       248          0          0          0          0        152   poly.o
         0          0          8          0          0          0   qnan.o
       110          0          0          0          0        148   sqrt.o

    ----------------------------------------------------------------------
      7690        578        300          0         96       6628   Library Totals
        20          0          3          0          0          0   (incl. Padding)

    ----------------------------------------------------------------------

      Code (inc. data)   RO Data    RW Data    ZI Data      Debug   Library Name

      2060         54         57          0         96       2264   c_w.l
      2972        244          0          0          0       2496   fz_wm.l
      2638        280        240          0          0       1868   m_wm.l

    ----------------------------------------------------------------------
      7690        578        300          0         96       6628   Library Totals

    ----------------------------------------------------------------------

==============================================================================


      Code (inc. data)   RO Data    RW Data    ZI Data      Debug   

     59462       3108      10310        440       1864     452969   Grand Totals
     59462       3108      10310        136       1864     452969   ELF Image Totals (compressed)
     59462       3108      10310        136          0          0   ROM Totals

==============================================================================

    Total RO  Size (Code + RO Data)                69772 (  68.14kB)
    Total RW  Size (RW Data + ZI Data)              2304 (   2.25kB)
    Total ROM Size (Code + RO Data + RW Data)      69908 (  68.27kB)

==============================================================================

