<html>
<body>
<pre>
<h1>礦ision Build Log</h1>
<h2>Tool Versions:</h2>
IDE-Version: μVision V5.14.0.0
Copyright (C) 2015 ARM Ltd and ARM Germany GmbH. All rights reserved.
License Information: 1 1, 1, LIC=32BSB-28P19-5T03W-Q0P7G-4AUN3-AHDMI
 
Tool Versions:
Toolchain:       MDK-ARM Standard  Version: 5.14.0.0
Toolchain Path:  D:\keil5MDK\ARM\ARMCC\Bin
C Compiler:      Armcc.exe V5.05 update 1 (build 106)
Assembler:       Armasm.exe V5.05 update 1 (build 106)
Linker/Locator:  ArmLink.exe V5.05 update 1 (build 106)
Library Manager: ArmAr.exe V5.05 update 1 (build 106)
Hex Converter:   FromElf.exe V5.05 update 1 (build 106)
CPU DLL:         SARMCM3.DLL V5.14.0.0
Dialog DLL:      DCM.DLL V1.13.1.0
Target DLL:      STLink\ST-LINKIII-KEIL_SWO.dll V2.0.14.0_KEIL
Dialog DLL:      TCM.DLL V1.14.4.0
 
<h2>Project:</h2>
D:\1学习资料\2020电赛\2020电赛\MPU6050\USER\MPU6050.uvprojx
Project File Date:  08/02/2019

<h2>Output:</h2>
Build target 'MPU6050'
compiling main.c...
main.c(34): warning:  #177-D: variable "stay_flag" was declared but never referenced
        short stay_flag = 0;
main.c(37): warning:  #550-D: variable "roll_buf" was set but never used
        float roll_buf[N+1];                            //roll滤波前数组
main.c(38): warning:  #550-D: variable "pitch_buf" was set but never used
        float pitch_buf[N+1];                           //pitch滤波前数组
main.c: 3 warnings, 0 errors
linking...
Program Size: Code=59462 RO-data=10310 RW-data=440 ZI-data=1864  
FromELF: creating hex file...
"..\OBJ\MPU6050.axf" - 0 Error(s), 3 Warning(s).

<h2>Collection of Component include folders:</h2>
  D:\1学习资料\2020电赛\2020电赛\MPU6050\USER\RTE
  D:\keil5MDK\ARM\PACK\Keil\STM32F4xx_DFP\1.0.8\Device\Include

<h2>Collection of Component Files used:</h2>
</pre>
</body>
</html>
